Component: ARM Compiler 5.06 update 6 (build 750) Tool: armlink [4d35ed]

==============================================================================

Section Cross References

    glcd_spi_lpc1700.o(.text) refers to glcd_spi_lpc1700.o(.data) for Himax
    glcd_spi_lpc1700.o(.text) refers to glcd_spi_lpc1700.o(.constdata) for Font_6x8_h
    led.o(.text) refers to led.o(.constdata) for led_mask
    main.o(.text) refers to kbd.o(.text) for KBD_Init
    main.o(.text) refers to glcd_spi_lpc1700.o(.text) for GLCD_Init
    main.o(.text) refers to memcpya.o(.text) for __aeabi_memcpy4
    main.o(.text) refers to photoviewer.o(.text) for StartPhotoViewer
    main.o(.text) refers to usbdmain.o(.text) for LaunchMusicPlayer
    main.o(.text) refers to snake.o(.text) for InitializeSnakeGame
    main.o(.text) refers to main.o(.constdata) for .constdata
    usbcore.o(.text) refers to usbhw.o(.text) for USB_ReadEP
    usbcore.o(.text) refers to usbcore.o(i.USB_ReqGetStatus) for USB_ReqGetStatus
    usbcore.o(.text) refers to usbcore.o(i.USB_ReqSetClrFeature) for USB_ReqSetClrFeature
    usbcore.o(.text) refers to usbcore.o(i.USB_ReqSetConfiguration) for USB_ReqSetConfiguration
    usbcore.o(.text) refers to usbcore.o(i.USB_ReqSetInterface) for USB_ReqSetInterface
    usbcore.o(.text) refers to adcuser.o(.text) for ADC_IF_GetRequest
    usbcore.o(.text) refers to usbcore.o(.data) for USB_DeviceStatus
    usbcore.o(.text) refers to usbcore.o(.bss) for EP0Buf
    usbcore.o(.text) refers to usbdesc.o(.constdata) for USB_DeviceDescriptor
    usbdmain.o(.text) refers to glcd_spi_lpc1700.o(.text) for GLCD_Clear
    usbdmain.o(.text) refers to kbd.o(.text) for get_button
    usbdmain.o(.text) refers to usbhw.o(.text) for USB_Connect
    usbdmain.o(.text) refers to system_lpc17xx.o(.text) for SystemClockUpdate
    usbdmain.o(.text) refers to usbdmain.o(.data) for PotVal
    usbdmain.o(.text) refers to system_lpc17xx.o(.data) for SystemFrequency
    usbdmain.o(.text) refers to adcuser.o(.data) for VolCur
    usbdmain.o(.text) refers to usbdmain.o(.constdata) for NOWPLAYING_pixel_data
    usbhw.o(.text) refers to usbhw.o(.data) for DDMemMap
    usbhw.o(.text) refers to usbhw.o(.bss) for udca
    usbhw.o(.text) refers to usbhw.o(USB_RAM) for UDCA
    usbhw.o(.text) refers to usbcore.o(.data) for USB_DeviceStatus
    usbhw.o(.text) refers to usbuser.o(.text) for USB_Reset_Event
    usbhw.o(.text) refers to usbhw.o(.constdata) for DDAdr
    usbhw.o(.text) refers to usbuser.o(.constdata) for USB_P_EP
    usbuser.o(.text) refers to usbcore.o(.text) for USB_ResetCore
    usbuser.o(.text) refers to usbhw.o(.text) for USB_DMA_BufAdr
    usbuser.o(.text) refers to usbdmain.o(.data) for DataBuf
    usbuser.o(.constdata) refers to usbcore.o(.text) for USB_EndPoint0
    usbuser.o(.constdata) refers to usbuser.o(.text) for USB_EndPoint3
    adcuser.o(.text) refers to usbcore.o(.data) for SetupPacket
    adcuser.o(.text) refers to usbdmain.o(.data) for Mute
    adcuser.o(.text) refers to usbcore.o(.bss) for EP0Buf
    adcuser.o(.text) refers to adcuser.o(.data) for VolCur
    photoviewer.o(.text) refers to glcd_spi_lpc1700.o(.text) for GLCD_SetBackColor
    photoviewer.o(.text) refers to kbd.o(.text) for get_button
    photoviewer.o(.text) refers to main.o(.text) for Delay
    photoviewer.o(.text) refers to photoviewer.o(.constdata) for ANOS_pixel_data
    snake.o(.text) refers to memcpya.o(.text) for __aeabi_memcpy4
    snake.o(.text) refers to glcd_spi_lpc1700.o(.text) for GLCD_SetBackColor
    snake.o(.text) refers to rand.o(.text) for rand
    snake.o(.text) refers to printf1.o(i.__0sprintf$1) for __2sprintf
    snake.o(.text) refers to kbd.o(.text) for get_button
    snake.o(.text) refers to main.o(.text) for UpdateItemSelection
    snake.o(.text) refers to memseta.o(.text) for __aeabi_memclr4
    snake.o(.text) refers to snake.o(.constdata) for .constdata
    snake.o(.text) refers to snake.o(.data) for glbFoodx
    snake.o(.text) refers to snake.o(.bss) for glbSnake
    eventrecorder.o(.text) refers to eventrecorder.o(.emb_text) for __asm___15_EventRecorder_c_e8d3082c__atomic_inc32
    eventrecorder.o(.text) refers to memseta.o(.text) for __aeabi_memclr4
    eventrecorder.o(.text) refers to eventrecorder.o(.bss.noinit) for EventStatus
    eventrecorder.o(.text) refers to system_lpc17xx.o(.data) for SystemCoreClock
    eventrecorder.o(.text) refers to eventrecorder.o(.constdata) for EventRecorderInfo
    eventrecorder.o(.text) refers to memcpya.o(.text) for __aeabi_memcpy
    eventrecorder.o(.constdata) refers to eventrecorder.o(.bss.noinit) for EventBuffer
    startup_lpc17xx.o(RESET) refers to startup_lpc17xx.o(STACK) for __initial_sp
    startup_lpc17xx.o(RESET) refers to startup_lpc17xx.o(.text) for Reset_Handler
    startup_lpc17xx.o(RESET) refers to usbdmain.o(.text) for TIMER0_IRQHandler
    startup_lpc17xx.o(RESET) refers to usbhw.o(.text) for USB_IRQHandler
    startup_lpc17xx.o(.text) refers to system_lpc17xx.o(.text) for SystemInit
    startup_lpc17xx.o(.text) refers to entry.o(.ARM.Collect$$$$00000000) for __main
    system_lpc17xx.o(.text) refers to uldiv.o(.text) for __aeabi_uldivmod
    system_lpc17xx.o(.text) refers to system_lpc17xx.o(.data) for SystemCoreClock
    entry.o(.ARM.Collect$$$$00000000) refers (Special) to entry10a.o(.ARM.Collect$$$$0000000D) for __rt_final_cpp
    entry.o(.ARM.Collect$$$$00000000) refers (Special) to entry11a.o(.ARM.Collect$$$$0000000F) for __rt_final_exit
    entry.o(.ARM.Collect$$$$00000000) refers (Special) to entry7b.o(.ARM.Collect$$$$00000008) for _main_clock
    entry.o(.ARM.Collect$$$$00000000) refers (Special) to entry8b.o(.ARM.Collect$$$$0000000A) for _main_cpp_init
    entry.o(.ARM.Collect$$$$00000000) refers (Special) to entry9a.o(.ARM.Collect$$$$0000000B) for _main_init
    entry.o(.ARM.Collect$$$$00000000) refers (Special) to entry5.o(.ARM.Collect$$$$00000004) for _main_scatterload
    entry.o(.ARM.Collect$$$$00000000) refers (Special) to entry2.o(.ARM.Collect$$$$00000001) for _main_stk
    uldiv.o(.text) refers to llushr.o(.text) for __aeabi_llsr
    uldiv.o(.text) refers to llshl.o(.text) for __aeabi_llsl
    rand.o(.text) refers to rand.o(.data) for .data
    printfb.o(i.__0fprintf$bare) refers to printfb.o(i._printf_core) for _printf_core
    printfb.o(i.__0fprintf$bare) refers to fputc.o(i.fputc) for fputc
    printfb.o(i.__0printf$bare) refers to printfb.o(i._printf_core) for _printf_core
    printfb.o(i.__0printf$bare) refers to fputc.o(i.fputc) for fputc
    printfb.o(i.__0printf$bare) refers to stdout.o(.data) for __stdout
    printfb.o(i.__0snprintf$bare) refers to printfb.o(i._printf_core) for _printf_core
    printfb.o(i.__0snprintf$bare) refers to printfb.o(i._snputc) for _snputc
    printfb.o(i.__0sprintf$bare) refers to printfb.o(i._printf_core) for _printf_core
    printfb.o(i.__0sprintf$bare) refers to printfb.o(i._sputc) for _sputc
    printfb.o(i.__0vfprintf$bare) refers to printfb.o(i._printf_core) for _printf_core
    printfb.o(i.__0vfprintf$bare) refers to fputc.o(i.fputc) for fputc
    printfb.o(i.__0vprintf$bare) refers to printfb.o(i._printf_core) for _printf_core
    printfb.o(i.__0vprintf$bare) refers to fputc.o(i.fputc) for fputc
    printfb.o(i.__0vprintf$bare) refers to stdout.o(.data) for __stdout
    printfb.o(i.__0vsnprintf$bare) refers to printfb.o(i._printf_core) for _printf_core
    printfb.o(i.__0vsnprintf$bare) refers to printfb.o(i._snputc) for _snputc
    printfb.o(i.__0vsprintf$bare) refers to printfb.o(i._printf_core) for _printf_core
    printfb.o(i.__0vsprintf$bare) refers to printfb.o(i._sputc) for _sputc
    printf0.o(i.__0fprintf$0) refers to printf0.o(i._printf_core) for _printf_core
    printf0.o(i.__0fprintf$0) refers to fputc.o(i.fputc) for fputc
    printf0.o(i.__0printf$0) refers to printf0.o(i._printf_core) for _printf_core
    printf0.o(i.__0printf$0) refers to fputc.o(i.fputc) for fputc
    printf0.o(i.__0printf$0) refers to stdout.o(.data) for __stdout
    printf0.o(i.__0snprintf$0) refers to printf0.o(i._printf_core) for _printf_core
    printf0.o(i.__0snprintf$0) refers to printf0.o(i._snputc) for _snputc
    printf0.o(i.__0sprintf$0) refers to printf0.o(i._printf_core) for _printf_core
    printf0.o(i.__0sprintf$0) refers to printf0.o(i._sputc) for _sputc
    printf0.o(i.__0vfprintf$0) refers to printf0.o(i._printf_core) for _printf_core
    printf0.o(i.__0vfprintf$0) refers to fputc.o(i.fputc) for fputc
    printf0.o(i.__0vprintf$0) refers to printf0.o(i._printf_core) for _printf_core
    printf0.o(i.__0vprintf$0) refers to fputc.o(i.fputc) for fputc
    printf0.o(i.__0vprintf$0) refers to stdout.o(.data) for __stdout
    printf0.o(i.__0vsnprintf$0) refers to printf0.o(i._printf_core) for _printf_core
    printf0.o(i.__0vsnprintf$0) refers to printf0.o(i._snputc) for _snputc
    printf0.o(i.__0vsprintf$0) refers to printf0.o(i._printf_core) for _printf_core
    printf0.o(i.__0vsprintf$0) refers to printf0.o(i._sputc) for _sputc
    printf1.o(i.__0fprintf$1) refers to printf1.o(i._printf_core) for _printf_core
    printf1.o(i.__0fprintf$1) refers to fputc.o(i.fputc) for fputc
    printf1.o(i.__0printf$1) refers to printf1.o(i._printf_core) for _printf_core
    printf1.o(i.__0printf$1) refers to fputc.o(i.fputc) for fputc
    printf1.o(i.__0printf$1) refers to stdout.o(.data) for __stdout
    printf1.o(i.__0snprintf$1) refers to printf1.o(i._printf_core) for _printf_core
    printf1.o(i.__0snprintf$1) refers to printf1.o(i._snputc) for _snputc
    printf1.o(i.__0sprintf$1) refers to printf1.o(i._printf_core) for _printf_core
    printf1.o(i.__0sprintf$1) refers to printf1.o(i._sputc) for _sputc
    printf1.o(i.__0vfprintf$1) refers to printf1.o(i._printf_core) for _printf_core
    printf1.o(i.__0vfprintf$1) refers to fputc.o(i.fputc) for fputc
    printf1.o(i.__0vprintf$1) refers to printf1.o(i._printf_core) for _printf_core
    printf1.o(i.__0vprintf$1) refers to fputc.o(i.fputc) for fputc
    printf1.o(i.__0vprintf$1) refers to stdout.o(.data) for __stdout
    printf1.o(i.__0vsnprintf$1) refers to printf1.o(i._printf_core) for _printf_core
    printf1.o(i.__0vsnprintf$1) refers to printf1.o(i._snputc) for _snputc
    printf1.o(i.__0vsprintf$1) refers to printf1.o(i._printf_core) for _printf_core
    printf1.o(i.__0vsprintf$1) refers to printf1.o(i._sputc) for _sputc
    printf1.o(i._printf_core) refers to uidiv.o(.text) for __aeabi_uidivmod
    printf2.o(i.__0fprintf$2) refers to printf2.o(i._printf_core) for _printf_core
    printf2.o(i.__0fprintf$2) refers to fputc.o(i.fputc) for fputc
    printf2.o(i.__0printf$2) refers to printf2.o(i._printf_core) for _printf_core
    printf2.o(i.__0printf$2) refers to fputc.o(i.fputc) for fputc
    printf2.o(i.__0printf$2) refers to stdout.o(.data) for __stdout
    printf2.o(i.__0snprintf$2) refers to printf2.o(i._printf_core) for _printf_core
    printf2.o(i.__0snprintf$2) refers to printf2.o(i._snputc) for _snputc
    printf2.o(i.__0sprintf$2) refers to printf2.o(i._printf_core) for _printf_core
    printf2.o(i.__0sprintf$2) refers to printf2.o(i._sputc) for _sputc
    printf2.o(i.__0vfprintf$2) refers to printf2.o(i._printf_core) for _printf_core
    printf2.o(i.__0vfprintf$2) refers to fputc.o(i.fputc) for fputc
    printf2.o(i.__0vprintf$2) refers to printf2.o(i._printf_core) for _printf_core
    printf2.o(i.__0vprintf$2) refers to fputc.o(i.fputc) for fputc
    printf2.o(i.__0vprintf$2) refers to stdout.o(.data) for __stdout
    printf2.o(i.__0vsnprintf$2) refers to printf2.o(i._printf_core) for _printf_core
    printf2.o(i.__0vsnprintf$2) refers to printf2.o(i._snputc) for _snputc
    printf2.o(i.__0vsprintf$2) refers to printf2.o(i._printf_core) for _printf_core
    printf2.o(i.__0vsprintf$2) refers to printf2.o(i._sputc) for _sputc
    printf3.o(i.__0fprintf$3) refers to printf3.o(i._printf_core) for _printf_core
    printf3.o(i.__0fprintf$3) refers to fputc.o(i.fputc) for fputc
    printf3.o(i.__0printf$3) refers to printf3.o(i._printf_core) for _printf_core
    printf3.o(i.__0printf$3) refers to fputc.o(i.fputc) for fputc
    printf3.o(i.__0printf$3) refers to stdout.o(.data) for __stdout
    printf3.o(i.__0snprintf$3) refers to printf3.o(i._printf_core) for _printf_core
    printf3.o(i.__0snprintf$3) refers to printf3.o(i._snputc) for _snputc
    printf3.o(i.__0sprintf$3) refers to printf3.o(i._printf_core) for _printf_core
    printf3.o(i.__0sprintf$3) refers to printf3.o(i._sputc) for _sputc
    printf3.o(i.__0vfprintf$3) refers to printf3.o(i._printf_core) for _printf_core
    printf3.o(i.__0vfprintf$3) refers to fputc.o(i.fputc) for fputc
    printf3.o(i.__0vprintf$3) refers to printf3.o(i._printf_core) for _printf_core
    printf3.o(i.__0vprintf$3) refers to fputc.o(i.fputc) for fputc
    printf3.o(i.__0vprintf$3) refers to stdout.o(.data) for __stdout
    printf3.o(i.__0vsnprintf$3) refers to printf3.o(i._printf_core) for _printf_core
    printf3.o(i.__0vsnprintf$3) refers to printf3.o(i._snputc) for _snputc
    printf3.o(i.__0vsprintf$3) refers to printf3.o(i._printf_core) for _printf_core
    printf3.o(i.__0vsprintf$3) refers to printf3.o(i._sputc) for _sputc
    printf3.o(i._printf_core) refers to uidiv.o(.text) for __aeabi_uidivmod
    printf4.o(i.__0fprintf$4) refers to printf4.o(i._printf_core) for _printf_core
    printf4.o(i.__0fprintf$4) refers to fputc.o(i.fputc) for fputc
    printf4.o(i.__0printf$4) refers to printf4.o(i._printf_core) for _printf_core
    printf4.o(i.__0printf$4) refers to fputc.o(i.fputc) for fputc
    printf4.o(i.__0printf$4) refers to stdout.o(.data) for __stdout
    printf4.o(i.__0snprintf$4) refers to printf4.o(i._printf_core) for _printf_core
    printf4.o(i.__0snprintf$4) refers to printf4.o(i._snputc) for _snputc
    printf4.o(i.__0sprintf$4) refers to printf4.o(i._printf_core) for _printf_core
    printf4.o(i.__0sprintf$4) refers to printf4.o(i._sputc) for _sputc
    printf4.o(i.__0vfprintf$4) refers to printf4.o(i._printf_core) for _printf_core
    printf4.o(i.__0vfprintf$4) refers to fputc.o(i.fputc) for fputc
    printf4.o(i.__0vprintf$4) refers to printf4.o(i._printf_core) for _printf_core
    printf4.o(i.__0vprintf$4) refers to fputc.o(i.fputc) for fputc
    printf4.o(i.__0vprintf$4) refers to stdout.o(.data) for __stdout
    printf4.o(i.__0vsnprintf$4) refers to printf4.o(i._printf_core) for _printf_core
    printf4.o(i.__0vsnprintf$4) refers to printf4.o(i._snputc) for _snputc
    printf4.o(i.__0vsprintf$4) refers to printf4.o(i._printf_core) for _printf_core
    printf4.o(i.__0vsprintf$4) refers to printf4.o(i._sputc) for _sputc
    printf4.o(i._printf_core) refers to uldiv.o(.text) for __aeabi_uldivmod
    printf5.o(i.__0fprintf$5) refers to printf5.o(i._printf_core) for _printf_core
    printf5.o(i.__0fprintf$5) refers to fputc.o(i.fputc) for fputc
    printf5.o(i.__0printf$5) refers to printf5.o(i._printf_core) for _printf_core
    printf5.o(i.__0printf$5) refers to fputc.o(i.fputc) for fputc
    printf5.o(i.__0printf$5) refers to stdout.o(.data) for __stdout
    printf5.o(i.__0snprintf$5) refers to printf5.o(i._printf_core) for _printf_core
    printf5.o(i.__0snprintf$5) refers to printf5.o(i._snputc) for _snputc
    printf5.o(i.__0sprintf$5) refers to printf5.o(i._printf_core) for _printf_core
    printf5.o(i.__0sprintf$5) refers to printf5.o(i._sputc) for _sputc
    printf5.o(i.__0vfprintf$5) refers to printf5.o(i._printf_core) for _printf_core
    printf5.o(i.__0vfprintf$5) refers to fputc.o(i.fputc) for fputc
    printf5.o(i.__0vprintf$5) refers to printf5.o(i._printf_core) for _printf_core
    printf5.o(i.__0vprintf$5) refers to fputc.o(i.fputc) for fputc
    printf5.o(i.__0vprintf$5) refers to stdout.o(.data) for __stdout
    printf5.o(i.__0vsnprintf$5) refers to printf5.o(i._printf_core) for _printf_core
    printf5.o(i.__0vsnprintf$5) refers to printf5.o(i._snputc) for _snputc
    printf5.o(i.__0vsprintf$5) refers to printf5.o(i._printf_core) for _printf_core
    printf5.o(i.__0vsprintf$5) refers to printf5.o(i._sputc) for _sputc
    printf5.o(i._printf_core) refers to uldiv.o(.text) for __aeabi_uldivmod
    printf6.o(i.__0fprintf$6) refers to printf6.o(i._printf_core) for _printf_core
    printf6.o(i.__0fprintf$6) refers to fputc.o(i.fputc) for fputc
    printf6.o(i.__0printf$6) refers to printf6.o(i._printf_core) for _printf_core
    printf6.o(i.__0printf$6) refers to fputc.o(i.fputc) for fputc
    printf6.o(i.__0printf$6) refers to stdout.o(.data) for __stdout
    printf6.o(i.__0snprintf$6) refers to printf6.o(i._printf_core) for _printf_core
    printf6.o(i.__0snprintf$6) refers to printf6.o(i._snputc) for _snputc
    printf6.o(i.__0sprintf$6) refers to printf6.o(i._printf_core) for _printf_core
    printf6.o(i.__0sprintf$6) refers to printf6.o(i._sputc) for _sputc
    printf6.o(i.__0vfprintf$6) refers to printf6.o(i._printf_core) for _printf_core
    printf6.o(i.__0vfprintf$6) refers to fputc.o(i.fputc) for fputc
    printf6.o(i.__0vprintf$6) refers to printf6.o(i._printf_core) for _printf_core
    printf6.o(i.__0vprintf$6) refers to fputc.o(i.fputc) for fputc
    printf6.o(i.__0vprintf$6) refers to stdout.o(.data) for __stdout
    printf6.o(i.__0vsnprintf$6) refers to printf6.o(i._printf_core) for _printf_core
    printf6.o(i.__0vsnprintf$6) refers to printf6.o(i._snputc) for _snputc
    printf6.o(i.__0vsprintf$6) refers to printf6.o(i._printf_core) for _printf_core
    printf6.o(i.__0vsprintf$6) refers to printf6.o(i._sputc) for _sputc
    printf6.o(i._printf_core) refers to printf6.o(i._printf_pre_padding) for _printf_pre_padding
    printf6.o(i._printf_core) refers to uidiv.o(.text) for __aeabi_uidivmod
    printf6.o(i._printf_core) refers to printf6.o(i._printf_post_padding) for _printf_post_padding
    printf7.o(i.__0fprintf$7) refers to printf7.o(i._printf_core) for _printf_core
    printf7.o(i.__0fprintf$7) refers to fputc.o(i.fputc) for fputc
    printf7.o(i.__0printf$7) refers to printf7.o(i._printf_core) for _printf_core
    printf7.o(i.__0printf$7) refers to fputc.o(i.fputc) for fputc
    printf7.o(i.__0printf$7) refers to stdout.o(.data) for __stdout
    printf7.o(i.__0snprintf$7) refers to printf7.o(i._printf_core) for _printf_core
    printf7.o(i.__0snprintf$7) refers to printf7.o(i._snputc) for _snputc
    printf7.o(i.__0sprintf$7) refers to printf7.o(i._printf_core) for _printf_core
    printf7.o(i.__0sprintf$7) refers to printf7.o(i._sputc) for _sputc
    printf7.o(i.__0vfprintf$7) refers to printf7.o(i._printf_core) for _printf_core
    printf7.o(i.__0vfprintf$7) refers to fputc.o(i.fputc) for fputc
    printf7.o(i.__0vprintf$7) refers to printf7.o(i._printf_core) for _printf_core
    printf7.o(i.__0vprintf$7) refers to fputc.o(i.fputc) for fputc
    printf7.o(i.__0vprintf$7) refers to stdout.o(.data) for __stdout
    printf7.o(i.__0vsnprintf$7) refers to printf7.o(i._printf_core) for _printf_core
    printf7.o(i.__0vsnprintf$7) refers to printf7.o(i._snputc) for _snputc
    printf7.o(i.__0vsprintf$7) refers to printf7.o(i._printf_core) for _printf_core
    printf7.o(i.__0vsprintf$7) refers to printf7.o(i._sputc) for _sputc
    printf7.o(i._printf_core) refers to printf7.o(i._printf_pre_padding) for _printf_pre_padding
    printf7.o(i._printf_core) refers to uldiv.o(.text) for __aeabi_uldivmod
    printf7.o(i._printf_core) refers to printf7.o(i._printf_post_padding) for _printf_post_padding
    printf8.o(i.__0fprintf$8) refers to printf8.o(i._printf_core) for _printf_core
    printf8.o(i.__0fprintf$8) refers to fputc.o(i.fputc) for fputc
    printf8.o(i.__0printf$8) refers to printf8.o(i._printf_core) for _printf_core
    printf8.o(i.__0printf$8) refers to fputc.o(i.fputc) for fputc
    printf8.o(i.__0printf$8) refers to stdout.o(.data) for __stdout
    printf8.o(i.__0snprintf$8) refers to printf8.o(i._printf_core) for _printf_core
    printf8.o(i.__0snprintf$8) refers to printf8.o(i._snputc) for _snputc
    printf8.o(i.__0sprintf$8) refers to printf8.o(i._printf_core) for _printf_core
    printf8.o(i.__0sprintf$8) refers to printf8.o(i._sputc) for _sputc
    printf8.o(i.__0vfprintf$8) refers to printf8.o(i._printf_core) for _printf_core
    printf8.o(i.__0vfprintf$8) refers to fputc.o(i.fputc) for fputc
    printf8.o(i.__0vprintf$8) refers to printf8.o(i._printf_core) for _printf_core
    printf8.o(i.__0vprintf$8) refers to fputc.o(i.fputc) for fputc
    printf8.o(i.__0vprintf$8) refers to stdout.o(.data) for __stdout
    printf8.o(i.__0vsnprintf$8) refers to printf8.o(i._printf_core) for _printf_core
    printf8.o(i.__0vsnprintf$8) refers to printf8.o(i._snputc) for _snputc
    printf8.o(i.__0vsprintf$8) refers to printf8.o(i._printf_core) for _printf_core
    printf8.o(i.__0vsprintf$8) refers to printf8.o(i._sputc) for _sputc
    printf8.o(i._printf_core) refers to printf8.o(i._printf_pre_padding) for _printf_pre_padding
    printf8.o(i._printf_core) refers to uldiv.o(.text) for __aeabi_uldivmod
    printf8.o(i._printf_core) refers to printf8.o(i._printf_post_padding) for _printf_post_padding
    printfa.o(i.__0fprintf) refers (Special) to iusefp.o(.text) for __I$use$fp
    printfa.o(i.__0fprintf) refers to printfa.o(i._printf_core) for _printf_core
    printfa.o(i.__0fprintf) refers to fputc.o(i.fputc) for fputc
    printfa.o(i.__0printf) refers (Special) to iusefp.o(.text) for __I$use$fp
    printfa.o(i.__0printf) refers to printfa.o(i._printf_core) for _printf_core
    printfa.o(i.__0printf) refers to fputc.o(i.fputc) for fputc
    printfa.o(i.__0printf) refers to stdout.o(.data) for __stdout
    printfa.o(i.__0snprintf) refers (Special) to iusefp.o(.text) for __I$use$fp
    printfa.o(i.__0snprintf) refers to printfa.o(i._printf_core) for _printf_core
    printfa.o(i.__0snprintf) refers to printfa.o(i._snputc) for _snputc
    printfa.o(i.__0sprintf) refers (Special) to iusefp.o(.text) for __I$use$fp
    printfa.o(i.__0sprintf) refers to printfa.o(i._printf_core) for _printf_core
    printfa.o(i.__0sprintf) refers to printfa.o(i._sputc) for _sputc
    printfa.o(i.__0vfprintf) refers (Special) to iusefp.o(.text) for __I$use$fp
    printfa.o(i.__0vfprintf) refers to printfa.o(i._printf_core) for _printf_core
    printfa.o(i.__0vfprintf) refers to fputc.o(i.fputc) for fputc
    printfa.o(i.__0vprintf) refers (Special) to iusefp.o(.text) for __I$use$fp
    printfa.o(i.__0vprintf) refers to printfa.o(i._printf_core) for _printf_core
    printfa.o(i.__0vprintf) refers to fputc.o(i.fputc) for fputc
    printfa.o(i.__0vprintf) refers to stdout.o(.data) for __stdout
    printfa.o(i.__0vsnprintf) refers (Special) to iusefp.o(.text) for __I$use$fp
    printfa.o(i.__0vsnprintf) refers to printfa.o(i._printf_core) for _printf_core
    printfa.o(i.__0vsnprintf) refers to printfa.o(i._snputc) for _snputc
    printfa.o(i.__0vsprintf) refers (Special) to iusefp.o(.text) for __I$use$fp
    printfa.o(i.__0vsprintf) refers to printfa.o(i._printf_core) for _printf_core
    printfa.o(i.__0vsprintf) refers to printfa.o(i._sputc) for _sputc
    printfa.o(i._fp_digits) refers (Special) to iusefp.o(.text) for __I$use$fp
    printfa.o(i._fp_digits) refers to dmul.o(.text) for __aeabi_dmul
    printfa.o(i._fp_digits) refers to ddiv.o(.text) for __aeabi_ddiv
    printfa.o(i._fp_digits) refers to cdrcmple.o(.text) for __aeabi_cdrcmple
    printfa.o(i._fp_digits) refers to dadd.o(.text) for __aeabi_dadd
    printfa.o(i._fp_digits) refers to dfixul.o(.text) for __aeabi_d2ulz
    printfa.o(i._fp_digits) refers to uldiv.o(.text) for __aeabi_uldivmod
    printfa.o(i._printf_core) refers (Special) to iusefp.o(.text) for __I$use$fp
    printfa.o(i._printf_core) refers to printfa.o(i._printf_pre_padding) for _printf_pre_padding
    printfa.o(i._printf_core) refers to uldiv.o(.text) for __aeabi_uldivmod
    printfa.o(i._printf_core) refers to printfa.o(i._printf_post_padding) for _printf_post_padding
    printfa.o(i._printf_core) refers to printfa.o(i._fp_digits) for _fp_digits
    printfa.o(i._printf_core) refers to uidiv.o(.text) for __aeabi_uidivmod
    printfa.o(i._printf_post_padding) refers (Special) to iusefp.o(.text) for __I$use$fp
    printfa.o(i._printf_pre_padding) refers (Special) to iusefp.o(.text) for __I$use$fp
    printfa.o(i._snputc) refers (Special) to iusefp.o(.text) for __I$use$fp
    printfa.o(i._sputc) refers (Special) to iusefp.o(.text) for __I$use$fp
    entry2.o(.ARM.Collect$$$$00000001) refers to entry2.o(.ARM.Collect$$$$00002712) for __lit__00000000
    entry2.o(.ARM.Collect$$$$00002712) refers to startup_lpc17xx.o(STACK) for __initial_sp
    entry2.o(__vectab_stack_and_reset_area) refers to startup_lpc17xx.o(STACK) for __initial_sp
    entry2.o(__vectab_stack_and_reset_area) refers to entry.o(.ARM.Collect$$$$00000000) for __main
    entry5.o(.ARM.Collect$$$$00000004) refers to init.o(.text) for __scatterload
    entry9a.o(.ARM.Collect$$$$0000000B) refers to main.o(.text) for main
    entry9b.o(.ARM.Collect$$$$0000000C) refers to main.o(.text) for main
    fputc.o(i.fputc) refers (Special) to iusesemip.o(.text) for __I$use$semihosting$fputc
    fputc.o(i.fputc) refers (Special) to semi.o(.text) for __semihosting_library_function
    dadd.o(.text) refers to llshl.o(.text) for __aeabi_llsl
    dadd.o(.text) refers to llsshr.o(.text) for __aeabi_lasr
    dadd.o(.text) refers to depilogue.o(.text) for _double_epilogue
    dmul.o(.text) refers to depilogue.o(.text) for _double_epilogue
    ddiv.o(.text) refers to depilogue.o(.text) for _double_round
    dfixul.o(.text) refers to llushr.o(.text) for __aeabi_llsr
    dfixul.o(.text) refers to llshl.o(.text) for __aeabi_llsl
    init.o(.text) refers to entry5.o(.ARM.Collect$$$$00000004) for __main_after_scatterload
    depilogue.o(.text) refers to llshl.o(.text) for __aeabi_llsl
    depilogue.o(.text) refers to llushr.o(.text) for __aeabi_llsr
    usbcore.o(i.USB_ReqGetStatus) refers to usbcore.o(.data) for SetupPacket
    usbcore.o(i.USB_ReqGetStatus) refers to usbcore.o(.bss) for EP0Buf
    usbcore.o(i.USB_ReqSetClrFeature) refers to usbhw.o(.text) for USB_WakeUpCfg
    usbcore.o(i.USB_ReqSetClrFeature) refers to usbcore.o(.data) for SetupPacket
    usbcore.o(i.USB_ReqSetConfiguration) refers to usbhw.o(.text) for USB_DisableEP
    usbcore.o(i.USB_ReqSetConfiguration) refers to usbcore.o(.data) for SetupPacket
    usbcore.o(i.USB_ReqSetConfiguration) refers to usbdesc.o(.constdata) for USB_ConfigDescriptor
    usbcore.o(i.USB_ReqSetInterface) refers to usbhw.o(.text) for USB_ConfigEP
    usbcore.o(i.USB_ReqSetInterface) refers to usbcore.o(.data) for SetupPacket
    usbcore.o(i.USB_ReqSetInterface) refers to usbdesc.o(.constdata) for USB_ConfigDescriptor


==============================================================================

Removing Unused input sections from the image.

    Removing glcd_spi_lpc1700.o(.rev16_text), (4 bytes).
    Removing glcd_spi_lpc1700.o(.revsh_text), (4 bytes).
    Removing glcd_spi_lpc1700.o(.rrx_text), (6 bytes).
    Removing led.o(.rev16_text), (4 bytes).
    Removing led.o(.revsh_text), (4 bytes).
    Removing led.o(.rrx_text), (6 bytes).
    Removing led.o(.text), (172 bytes).
    Removing led.o(.constdata), (32 bytes).
    Removing kbd.o(.rev16_text), (4 bytes).
    Removing kbd.o(.revsh_text), (4 bytes).
    Removing kbd.o(.rrx_text), (6 bytes).
    Removing kbd.o(.data), (4 bytes).
    Removing usbdmain.o(.rev16_text), (4 bytes).
    Removing usbdmain.o(.revsh_text), (4 bytes).
    Removing usbdmain.o(.rrx_text), (6 bytes).
    Removing usbhw.o(.rev16_text), (4 bytes).
    Removing usbhw.o(.revsh_text), (4 bytes).
    Removing usbhw.o(.rrx_text), (6 bytes).
    Removing adcuser.o(.constdata), (6 bytes).
    Removing nowplaying.o(.constdata), (49201 bytes).
    Removing anos.o(.constdata), (20001 bytes).
    Removing giorno.o(.constdata), (20001 bytes).
    Removing goku.o(.constdata), (20001 bytes).
    Removing kaido.o(.constdata), (20001 bytes).
    Removing saitama.o(.constdata), (20001 bytes).
    Removing eventrecorder.o(.rev16_text), (4 bytes).
    Removing eventrecorder.o(.revsh_text), (4 bytes).
    Removing eventrecorder.o(.rrx_text), (6 bytes).
    Removing eventrecorder.o(.emb_text), (116 bytes).
    Removing eventrecorder.o(.text), (1528 bytes).
    Removing gpio_lpc17xx.o(.rev16_text), (4 bytes).
    Removing gpio_lpc17xx.o(.revsh_text), (4 bytes).
    Removing gpio_lpc17xx.o(.rrx_text), (6 bytes).
    Removing gpio_lpc17xx.o(.text), (204 bytes).
    Removing pin_lpc17xx.o(.rev16_text), (4 bytes).
    Removing pin_lpc17xx.o(.revsh_text), (4 bytes).
    Removing pin_lpc17xx.o(.rrx_text), (6 bytes).
    Removing pin_lpc17xx.o(.text), (316 bytes).
    Removing startup_lpc17xx.o(HEAP), (0 bytes).
    Removing system_lpc17xx.o(.rev16_text), (4 bytes).
    Removing system_lpc17xx.o(.revsh_text), (4 bytes).
    Removing system_lpc17xx.o(.rrx_text), (6 bytes).
    Removing dadd.o(.text), (334 bytes).
    Removing dmul.o(.text), (228 bytes).
    Removing ddiv.o(.text), (222 bytes).
    Removing dfixul.o(.text), (48 bytes).
    Removing cdrcmple.o(.text), (48 bytes).
    Removing depilogue.o(.text), (186 bytes).

48 unused section(s) (total 152776 bytes) removed from the image.

==============================================================================

Image Symbol Table

    Local Symbols

    Symbol Name                              Value     Ov Type        Size  Object(Section)

    RESET                                    0x00000000   Section      204  startup_lpc17xx.o(RESET)
    ../clib/microlib/division.c              0x00000000   Number         0  uidiv.o ABSOLUTE
    ../clib/microlib/division.c              0x00000000   Number         0  uldiv.o ABSOLUTE
    ../clib/microlib/init/entry.s            0x00000000   Number         0  entry5.o ABSOLUTE
    ../clib/microlib/init/entry.s            0x00000000   Number         0  entry7a.o ABSOLUTE
    ../clib/microlib/init/entry.s            0x00000000   Number         0  entry7b.o ABSOLUTE
    ../clib/microlib/init/entry.s            0x00000000   Number         0  entry8a.o ABSOLUTE
    ../clib/microlib/init/entry.s            0x00000000   Number         0  entry9a.o ABSOLUTE
    ../clib/microlib/init/entry.s            0x00000000   Number         0  entry9b.o ABSOLUTE
    ../clib/microlib/init/entry.s            0x00000000   Number         0  entry10a.o ABSOLUTE
    ../clib/microlib/init/entry.s            0x00000000   Number         0  entry10b.o ABSOLUTE
    ../clib/microlib/init/entry.s            0x00000000   Number         0  entry11a.o ABSOLUTE
    ../clib/microlib/init/entry.s            0x00000000   Number         0  entry11b.o ABSOLUTE
    ../clib/microlib/init/entry.s            0x00000000   Number         0  entry8b.o ABSOLUTE
    ../clib/microlib/init/entry.s            0x00000000   Number         0  entry.o ABSOLUTE
    ../clib/microlib/init/entry.s            0x00000000   Number         0  entry2.o ABSOLUTE
    ../clib/microlib/longlong.c              0x00000000   Number         0  llshl.o ABSOLUTE
    ../clib/microlib/longlong.c              0x00000000   Number         0  llushr.o ABSOLUTE
    ../clib/microlib/longlong.c              0x00000000   Number         0  llsshr.o ABSOLUTE
    ../clib/microlib/printf/printf.c         0x00000000   Number         0  printf4.o ABSOLUTE
    ../clib/microlib/printf/printf.c         0x00000000   Number         0  printfa.o ABSOLUTE
    ../clib/microlib/printf/printf.c         0x00000000   Number         0  printf8.o ABSOLUTE
    ../clib/microlib/printf/printf.c         0x00000000   Number         0  printf7.o ABSOLUTE
    ../clib/microlib/printf/printf.c         0x00000000   Number         0  printf6.o ABSOLUTE
    ../clib/microlib/printf/printf.c         0x00000000   Number         0  printf5.o ABSOLUTE
    ../clib/microlib/printf/printf.c         0x00000000   Number         0  printf2.o ABSOLUTE
    ../clib/microlib/printf/printf.c         0x00000000   Number         0  printf3.o ABSOLUTE
    ../clib/microlib/printf/printf.c         0x00000000   Number         0  printf1.o ABSOLUTE
    ../clib/microlib/printf/printf.c         0x00000000   Number         0  printf0.o ABSOLUTE
    ../clib/microlib/printf/printf.c         0x00000000   Number         0  printfb.o ABSOLUTE
    ../clib/microlib/printf/stubs.s          0x00000000   Number         0  stubs.o ABSOLUTE
    ../clib/microlib/stdio/fputc.c           0x00000000   Number         0  fputc.o ABSOLUTE
    ../clib/microlib/stdio/semi.s            0x00000000   Number         0  semi.o ABSOLUTE
    ../clib/microlib/stdio/streams.c         0x00000000   Number         0  stdout.o ABSOLUTE
    ../clib/microlib/stdlib/rand.c           0x00000000   Number         0  rand.o ABSOLUTE
    ../clib/microlib/string/memcpy.c         0x00000000   Number         0  memcpya.o ABSOLUTE
    ../clib/microlib/string/memcpy.c         0x00000000   Number         0  memcpyb.o ABSOLUTE
    ../clib/microlib/string/memset.c         0x00000000   Number         0  memseta.o ABSOLUTE
    ../clib/microlib/stubs.s                 0x00000000   Number         0  iusesemip.o ABSOLUTE
    ../clib/microlib/stubs.s                 0x00000000   Number         0  iusefp.o ABSOLUTE
    ../fplib/microlib/fpadd.c                0x00000000   Number         0  dadd.o ABSOLUTE
    ../fplib/microlib/fpdiv.c                0x00000000   Number         0  ddiv.o ABSOLUTE
    ../fplib/microlib/fpepilogue.c           0x00000000   Number         0  depilogue.o ABSOLUTE
    ../fplib/microlib/fpfix.c                0x00000000   Number         0  dfixul.o ABSOLUTE
    ../fplib/microlib/fpmul.c                0x00000000   Number         0  dmul.o ABSOLUTE
    C:\Users\ECBME\AppData\Local\Arm\Packs\Keil\ARM_Compiler\1.6.3\Source\EventRecorder.c 0x00000000   Number         0  eventrecorder.o ABSOLUTE
    C:\Users\ECBME\AppData\Local\Arm\Packs\Keil\LPC1700_DFP\2.6.0\RTE_Driver\GPIO_LPC17xx.c 0x00000000   Number         0  gpio_lpc17xx.o ABSOLUTE
    C:\Users\ECBME\AppData\Local\Arm\Packs\Keil\LPC1700_DFP\2.6.0\RTE_Driver\PIN_LPC17xx.c 0x00000000   Number         0  pin_lpc17xx.o ABSOLUTE
    C:\\Users\\ECBME\\AppData\\Local\\Arm\\Packs\\Keil\\ARM_Compiler\\1.6.3\\Source\\EventRecorder.c 0x00000000   Number         0  eventrecorder.o ABSOLUTE
    C:\\Users\\ECBME\\AppData\\Local\\Arm\\Packs\\Keil\\LPC1700_DFP\\2.6.0\\RTE_Driver\\GPIO_LPC17xx.c 0x00000000   Number         0  gpio_lpc17xx.o ABSOLUTE
    C:\\Users\\ECBME\\AppData\\Local\\Arm\\Packs\\Keil\\LPC1700_DFP\\2.6.0\\RTE_Driver\\PIN_LPC17xx.c 0x00000000   Number         0  pin_lpc17xx.o ABSOLUTE
    GLCD_SPI_LPC1700.c                       0x00000000   Number         0  glcd_spi_lpc1700.o ABSOLUTE
    GLCD_SPI_LPC1700.c                       0x00000000   Number         0  glcd_spi_lpc1700.o ABSOLUTE
    Images\anos.c                            0x00000000   Number         0  anos.o ABSOLUTE
    Images\giorno.c                          0x00000000   Number         0  giorno.o ABSOLUTE
    Images\goku.c                            0x00000000   Number         0  goku.o ABSOLUTE
    Images\kaido.c                           0x00000000   Number         0  kaido.o ABSOLUTE
    Images\saitama.c                         0x00000000   Number         0  saitama.o ABSOLUTE
    KBD.c                                    0x00000000   Number         0  kbd.o ABSOLUTE
    KBD.c                                    0x00000000   Number         0  kbd.o ABSOLUTE
    LED.c                                    0x00000000   Number         0  led.o ABSOLUTE
    LED.c                                    0x00000000   Number         0  led.o ABSOLUTE
    PhotoViewer.c                            0x00000000   Number         0  photoviewer.o ABSOLUTE
    RTE\Device\LPC1768\startup_LPC17xx.s     0x00000000   Number         0  startup_lpc17xx.o ABSOLUTE
    RTE\Device\LPC1768\system_LPC17xx.c      0x00000000   Number         0  system_lpc17xx.o ABSOLUTE
    RTE\\Device\\LPC1768\\system_LPC17xx.c   0x00000000   Number         0  system_lpc17xx.o ABSOLUTE
    USB Audio API\\usbdmain.c                0x00000000   Number         0  usbdmain.o ABSOLUTE
    USB Audio API\\usbhw.c                   0x00000000   Number         0  usbhw.o ABSOLUTE
    USB Audio API\adcuser.c                  0x00000000   Number         0  adcuser.o ABSOLUTE
    USB Audio API\nowplaying.c               0x00000000   Number         0  nowplaying.o ABSOLUTE
    USB Audio API\usbcore.c                  0x00000000   Number         0  usbcore.o ABSOLUTE
    USB Audio API\usbdesc.c                  0x00000000   Number         0  usbdesc.o ABSOLUTE
    USB Audio API\usbdmain.c                 0x00000000   Number         0  usbdmain.o ABSOLUTE
    USB Audio API\usbhw.c                    0x00000000   Number         0  usbhw.o ABSOLUTE
    USB Audio API\usbuser.c                  0x00000000   Number         0  usbuser.o ABSOLUTE
    cdrcmple.s                               0x00000000   Number         0  cdrcmple.o ABSOLUTE
    dc.s                                     0x00000000   Number         0  dc.o ABSOLUTE
    handlers.s                               0x00000000   Number         0  handlers.o ABSOLUTE
    init.s                                   0x00000000   Number         0  init.o ABSOLUTE
    main.c                                   0x00000000   Number         0  main.o ABSOLUTE
    snake.c                                  0x00000000   Number         0  snake.o ABSOLUTE
    .ARM.Collect$$$$00000000                 0x000000cc   Section        0  entry.o(.ARM.Collect$$$$00000000)
    .ARM.Collect$$$$00000001                 0x000000cc   Section        4  entry2.o(.ARM.Collect$$$$00000001)
    .ARM.Collect$$$$00000004                 0x000000d0   Section        4  entry5.o(.ARM.Collect$$$$00000004)
    .ARM.Collect$$$$00000008                 0x000000d4   Section        0  entry7b.o(.ARM.Collect$$$$00000008)
    .ARM.Collect$$$$0000000A                 0x000000d4   Section        0  entry8b.o(.ARM.Collect$$$$0000000A)
    .ARM.Collect$$$$0000000B                 0x000000d4   Section        8  entry9a.o(.ARM.Collect$$$$0000000B)
    .ARM.Collect$$$$0000000D                 0x000000dc   Section        0  entry10a.o(.ARM.Collect$$$$0000000D)
    .ARM.Collect$$$$0000000F                 0x000000dc   Section        0  entry11a.o(.ARM.Collect$$$$0000000F)
    .ARM.Collect$$$$00002712                 0x000000dc   Section        4  entry2.o(.ARM.Collect$$$$00002712)
    __lit__00000000                          0x000000dc   Data           4  entry2.o(.ARM.Collect$$$$00002712)
    .text                                    0x000000e0   Section        0  kbd.o(.text)
    .text                                    0x0000013c   Section        0  main.o(.text)
    .text                                    0x000002a8   Section       36  startup_lpc17xx.o(.text)
    .text                                    0x000002cc   Section        0  rand.o(.text)
    i.__scatterload_null                     0x000002f0   Section        2  handlers.o(i.__scatterload_null)
    i._sputc                                 0x000002f2   Section        0  printf1.o(i._sputc)
    _sputc                                   0x000002f3   Thumb Code    10  printf1.o(i._sputc)
    .ARM.__at_0x02FC                         0x000002fc   Section        4  startup_lpc17xx.o(.ARM.__at_0x02FC)
    .text                                    0x00000300   Section        0  glcd_spi_lpc1700.o(.text)
    delay                                    0x00000301   Thumb Code    14  glcd_spi_lpc1700.o(.text)
    spi_tran_man                             0x0000030f   Thumb Code   124  glcd_spi_lpc1700.o(.text)
    wr_cmd                                   0x0000038b   Thumb Code    36  glcd_spi_lpc1700.o(.text)
    wr_dat                                   0x000003af   Thumb Code    36  glcd_spi_lpc1700.o(.text)
    rd_reg                                   0x000003d3   Thumb Code    66  glcd_spi_lpc1700.o(.text)
    rd_id_man                                0x00000415   Thumb Code   132  glcd_spi_lpc1700.o(.text)
    spi_tran                                 0x00000e2b   Thumb Code    28  glcd_spi_lpc1700.o(.text)
    wr_dat_start                             0x00000e47   Thumb Code    16  glcd_spi_lpc1700.o(.text)
    wr_dat_stop                              0x00000e57   Thumb Code     8  glcd_spi_lpc1700.o(.text)
    wr_dat_only                              0x00000e5f   Thumb Code    18  glcd_spi_lpc1700.o(.text)
    wr_reg                                   0x00000e71   Thumb Code    20  glcd_spi_lpc1700.o(.text)
    .text                                    0x00000e9c   Section        0  usbcore.o(.text)
    .text                                    0x00001330   Section        0  usbdmain.o(.text)
    __NVIC_DisableIRQ                        0x00001331   Thumb Code    30  usbdmain.o(.text)
    .text                                    0x00001658   Section        0  usbhw.o(.text)
    .text                                    0x00001ef8   Section        0  usbuser.o(.text)
    .text                                    0x00001fd8   Section        0  adcuser.o(.text)
    .text                                    0x000020c0   Section        0  photoviewer.o(.text)
    .text                                    0x000022c0   Section        0  snake.o(.text)
    .text                                    0x00002720   Section        0  system_lpc17xx.o(.text)
    .text                                    0x00002b48   Section        0  uldiv.o(.text)
    .text                                    0x00002baa   Section        0  memcpya.o(.text)
    .text                                    0x00002bce   Section        0  memseta.o(.text)
    .text                                    0x00002bf2   Section        0  uidiv.o(.text)
    .text                                    0x00002c1e   Section        0  llshl.o(.text)
    .text                                    0x00002c3c   Section        0  llushr.o(.text)
    .text                                    0x00002c5c   Section       36  init.o(.text)
    i.USB_ReqGetStatus                       0x00002c80   Section        0  usbcore.o(i.USB_ReqGetStatus)
    i.USB_ReqSetClrFeature                   0x00002d40   Section        0  usbcore.o(i.USB_ReqSetClrFeature)
    i.USB_ReqSetConfiguration                0x00002e2c   Section        0  usbcore.o(i.USB_ReqSetConfiguration)
    i.USB_ReqSetInterface                    0x00002fe4   Section        0  usbcore.o(i.USB_ReqSetInterface)
    i.__0sprintf$1                           0x00003114   Section        0  printf1.o(i.__0sprintf$1)
    i.__scatterload_copy                     0x0000313c   Section       14  handlers.o(i.__scatterload_copy)
    i.__scatterload_zeroinit                 0x0000314a   Section       14  handlers.o(i.__scatterload_zeroinit)
    i._printf_core                           0x00003158   Section        0  printf1.o(i._printf_core)
    _printf_core                             0x00003159   Thumb Code   336  printf1.o(i._printf_core)
    .constdata                               0x000032ac   Section     6272  glcd_spi_lpc1700.o(.constdata)
    .constdata                               0x00004b2c   Section      768  main.o(.constdata)
    .constdata                               0x00004e2c   Section      228  usbdesc.o(.constdata)
    .constdata                               0x00004f10   Section    49201  usbdmain.o(.constdata)
    NOWPLAYING_pixel_data                    0x00004f10   Data       49201  usbdmain.o(.constdata)
    .constdata                               0x00010f44   Section       16  usbhw.o(.constdata)
    .constdata                               0x00010f54   Section       64  usbuser.o(.constdata)
    .constdata                               0x00010f94   Section    100005  photoviewer.o(.constdata)
    GIORNO_pixel_data                        0x00010f94   Data       20001  photoviewer.o(.constdata)
    ANOS_pixel_data                          0x00015db5   Data       20001  photoviewer.o(.constdata)
    goku                                     0x0001abd6   Data       20001  photoviewer.o(.constdata)
    kaido                                    0x0001f9f7   Data       20001  photoviewer.o(.constdata)
    SAITAMA_pixel_data                       0x00024818   Data       20001  photoviewer.o(.constdata)
    .constdata                               0x0002963c   Section     1024  snake.o(.constdata)
    .constdata                               0x00029a3c   Section       24  eventrecorder.o(.constdata)
    __tagsym$$used                           0x00029a3c   Number         0  eventrecorder.o(.constdata)
    .bss.noinit                              0x10000000   Section     1188  eventrecorder.o(.bss.noinit)
    EventBuffer                              0x10000000   Data        1024  eventrecorder.o(.bss.noinit)
    EventFilter                              0x10000400   Data         128  eventrecorder.o(.bss.noinit)
    EventStatus                              0x10000480   Data          36  eventrecorder.o(.bss.noinit)
    STACK                                    0x100004a8   Section      512  startup_lpc17xx.o(STACK)
    .data                                    0x2007c000   Section        5  glcd_spi_lpc1700.o(.data)
    Color                                    0x2007c000   Data           4  glcd_spi_lpc1700.o(.data)
    Himax                                    0x2007c004   Data           1  glcd_spi_lpc1700.o(.data)
    .data                                    0x2007c008   Section       40  usbcore.o(.data)
    .data                                    0x2007c030   Section       40  usbdmain.o(.data)
    .data                                    0x2007c058   Section        8  usbhw.o(.data)
    .data                                    0x2007c060   Section        2  adcuser.o(.data)
    .data                                    0x2007c064   Section       20  snake.o(.data)
    .data                                    0x2007c078   Section        8  system_lpc17xx.o(.data)
    .data                                    0x2007c080   Section        4  rand.o(.data)
    _rand_state                              0x2007c080   Data           4  rand.o(.data)
    .bss                                     0x2007c084   Section       64  usbcore.o(.bss)
    .bss                                     0x2007c0c4   Section      128  usbhw.o(.bss)
    .bss                                     0x2007c144   Section      800  snake.o(.bss)
    USB_RAM                                  0x2007c464   Section      544  usbhw.o(USB_RAM)

    Global Symbols

    Symbol Name                              Value     Ov Type        Size  Object(Section)

    BuildAttributes$$THM_ISAv4$P$D$K$B$S$PE$A:L22UL41UL21$X:L11$S22US41US21$IEEE1$IW$USESV6$~STKCKD$USESV7$~SHL$OSPACE$ROPI$EBA8$MICROLIB$REQ8$PRES8$EABIv2 0x00000000   Number         0  anon$$obj.o ABSOLUTE
    __ARM_use_no_argv                        0x00000000   Number         0  main.o ABSOLUTE
    __Vectors                                0x00000000   Data           4  startup_lpc17xx.o(RESET)
    _printf_a                                0x00000000   Number         0  stubs.o ABSOLUTE
    _printf_c                                0x00000000   Number         0  stubs.o ABSOLUTE
    _printf_charcount                        0x00000000   Number         0  stubs.o ABSOLUTE
    _printf_d                                0x00000000   Number         0  stubs.o ABSOLUTE
    _printf_e                                0x00000000   Number         0  stubs.o ABSOLUTE
    _printf_f                                0x00000000   Number         0  stubs.o ABSOLUTE
    _printf_flags                            0x00000000   Number         0  stubs.o ABSOLUTE
    _printf_fp_dec                           0x00000000   Number         0  stubs.o ABSOLUTE
    _printf_fp_hex                           0x00000000   Number         0  stubs.o ABSOLUTE
    _printf_g                                0x00000000   Number         0  stubs.o ABSOLUTE
    _printf_i                                0x00000000   Number         0  stubs.o ABSOLUTE
    _printf_int_dec                          0x00000000   Number         0  stubs.o ABSOLUTE
    _printf_l                                0x00000000   Number         0  stubs.o ABSOLUTE
    _printf_lc                               0x00000000   Number         0  stubs.o ABSOLUTE
    _printf_ll                               0x00000000   Number         0  stubs.o ABSOLUTE
    _printf_lld                              0x00000000   Number         0  stubs.o ABSOLUTE
    _printf_lli                              0x00000000   Number         0  stubs.o ABSOLUTE
    _printf_llo                              0x00000000   Number         0  stubs.o ABSOLUTE
    _printf_llu                              0x00000000   Number         0  stubs.o ABSOLUTE
    _printf_llx                              0x00000000   Number         0  stubs.o ABSOLUTE
    _printf_longlong_dec                     0x00000000   Number         0  stubs.o ABSOLUTE
    _printf_longlong_hex                     0x00000000   Number         0  stubs.o ABSOLUTE
    _printf_longlong_oct                     0x00000000   Number         0  stubs.o ABSOLUTE
    _printf_ls                               0x00000000   Number         0  stubs.o ABSOLUTE
    _printf_mbtowc                           0x00000000   Number         0  stubs.o ABSOLUTE
    _printf_n                                0x00000000   Number         0  stubs.o ABSOLUTE
    _printf_o                                0x00000000   Number         0  stubs.o ABSOLUTE
    _printf_p                                0x00000000   Number         0  stubs.o ABSOLUTE
    _printf_percent                          0x00000000   Number         0  stubs.o ABSOLUTE
    _printf_pre_padding                      0x00000000   Number         0  stubs.o ABSOLUTE
    _printf_return_value                     0x00000000   Number         0  stubs.o ABSOLUTE
    _printf_s                                0x00000000   Number         0  stubs.o ABSOLUTE
    _printf_sizespec                         0x00000000   Number         0  stubs.o ABSOLUTE
    _printf_str                              0x00000000   Number         0  stubs.o ABSOLUTE
    _printf_truncate_signed                  0x00000000   Number         0  stubs.o ABSOLUTE
    _printf_truncate_unsigned                0x00000000   Number         0  stubs.o ABSOLUTE
    _printf_u                                0x00000000   Number         0  stubs.o ABSOLUTE
    _printf_wc                               0x00000000   Number         0  stubs.o ABSOLUTE
    _printf_wctomb                           0x00000000   Number         0  stubs.o ABSOLUTE
    _printf_widthprec                        0x00000000   Number         0  stubs.o ABSOLUTE
    _printf_x                                0x00000000   Number         0  stubs.o ABSOLUTE
    __cpp_initialize__aeabi_                  - Undefined Weak Reference
    __cxa_finalize                            - Undefined Weak Reference
    __decompress                              - Undefined Weak Reference
    _clock_init                               - Undefined Weak Reference
    _microlib_exit                            - Undefined Weak Reference
    __main                                   0x000000cd   Thumb Code     0  entry.o(.ARM.Collect$$$$00000000)
    _main_stk                                0x000000cd   Thumb Code     0  entry2.o(.ARM.Collect$$$$00000001)
    _main_scatterload                        0x000000d1   Thumb Code     0  entry5.o(.ARM.Collect$$$$00000004)
    __main_after_scatterload                 0x000000d5   Thumb Code     0  entry5.o(.ARM.Collect$$$$00000004)
    _main_clock                              0x000000d5   Thumb Code     0  entry7b.o(.ARM.Collect$$$$00000008)
    _main_cpp_init                           0x000000d5   Thumb Code     0  entry8b.o(.ARM.Collect$$$$0000000A)
    _main_init                               0x000000d5   Thumb Code     0  entry9a.o(.ARM.Collect$$$$0000000B)
    __rt_final_cpp                           0x000000dd   Thumb Code     0  entry10a.o(.ARM.Collect$$$$0000000D)
    __rt_final_exit                          0x000000dd   Thumb Code     0  entry11a.o(.ARM.Collect$$$$0000000F)
    KBD_Init                                 0x000000e1   Thumb Code    42  kbd.o(.text)
    KBD_get                                  0x0000010b   Thumb Code    12  kbd.o(.text)
    get_button                               0x00000117   Thumb Code    20  kbd.o(.text)
    Initialize_LPC1768                       0x0000013d   Thumb Code    48  main.o(.text)
    Delay                                    0x0000016d   Thumb Code    24  main.o(.text)
    UpdateItemSelection                      0x00000185   Thumb Code    46  main.o(.text)
    UpdateGlcdItemSelection                  0x000001b3   Thumb Code   102  main.o(.text)
    OpenSelectedItem                         0x00000219   Thumb Code    72  main.o(.text)
    main                                     0x00000261   Thumb Code    54  main.o(.text)
    Reset_Handler                            0x000002a9   Thumb Code     8  startup_lpc17xx.o(.text)
    NMI_Handler                              0x000002b1   Thumb Code     2  startup_lpc17xx.o(.text)
    HardFault_Handler                        0x000002b3   Thumb Code     2  startup_lpc17xx.o(.text)
    MemManage_Handler                        0x000002b5   Thumb Code     2  startup_lpc17xx.o(.text)
    BusFault_Handler                         0x000002b7   Thumb Code     2  startup_lpc17xx.o(.text)
    UsageFault_Handler                       0x000002b9   Thumb Code     2  startup_lpc17xx.o(.text)
    SVC_Handler                              0x000002bb   Thumb Code     2  startup_lpc17xx.o(.text)
    DebugMon_Handler                         0x000002bd   Thumb Code     2  startup_lpc17xx.o(.text)
    PendSV_Handler                           0x000002bf   Thumb Code     2  startup_lpc17xx.o(.text)
    SysTick_Handler                          0x000002c1   Thumb Code     2  startup_lpc17xx.o(.text)
    ADC_IRQHandler                           0x000002c3   Thumb Code     0  startup_lpc17xx.o(.text)
    BOD_IRQHandler                           0x000002c3   Thumb Code     0  startup_lpc17xx.o(.text)
    CANActivity_IRQHandler                   0x000002c3   Thumb Code     0  startup_lpc17xx.o(.text)
    CAN_IRQHandler                           0x000002c3   Thumb Code     0  startup_lpc17xx.o(.text)
    DMA_IRQHandler                           0x000002c3   Thumb Code     0  startup_lpc17xx.o(.text)
    EINT0_IRQHandler                         0x000002c3   Thumb Code     0  startup_lpc17xx.o(.text)
    EINT1_IRQHandler                         0x000002c3   Thumb Code     0  startup_lpc17xx.o(.text)
    EINT2_IRQHandler                         0x000002c3   Thumb Code     0  startup_lpc17xx.o(.text)
    EINT3_IRQHandler                         0x000002c3   Thumb Code     0  startup_lpc17xx.o(.text)
    ENET_IRQHandler                          0x000002c3   Thumb Code     0  startup_lpc17xx.o(.text)
    I2C0_IRQHandler                          0x000002c3   Thumb Code     0  startup_lpc17xx.o(.text)
    I2C1_IRQHandler                          0x000002c3   Thumb Code     0  startup_lpc17xx.o(.text)
    I2C2_IRQHandler                          0x000002c3   Thumb Code     0  startup_lpc17xx.o(.text)
    I2S_IRQHandler                           0x000002c3   Thumb Code     0  startup_lpc17xx.o(.text)
    MCPWM_IRQHandler                         0x000002c3   Thumb Code     0  startup_lpc17xx.o(.text)
    PLL0_IRQHandler                          0x000002c3   Thumb Code     0  startup_lpc17xx.o(.text)
    PLL1_IRQHandler                          0x000002c3   Thumb Code     0  startup_lpc17xx.o(.text)
    PWM1_IRQHandler                          0x000002c3   Thumb Code     0  startup_lpc17xx.o(.text)
    QEI_IRQHandler                           0x000002c3   Thumb Code     0  startup_lpc17xx.o(.text)
    RIT_IRQHandler                           0x000002c3   Thumb Code     0  startup_lpc17xx.o(.text)
    RTC_IRQHandler                           0x000002c3   Thumb Code     0  startup_lpc17xx.o(.text)
    SPI_IRQHandler                           0x000002c3   Thumb Code     0  startup_lpc17xx.o(.text)
    SSP0_IRQHandler                          0x000002c3   Thumb Code     0  startup_lpc17xx.o(.text)
    SSP1_IRQHandler                          0x000002c3   Thumb Code     0  startup_lpc17xx.o(.text)
    TIMER1_IRQHandler                        0x000002c3   Thumb Code     0  startup_lpc17xx.o(.text)
    TIMER2_IRQHandler                        0x000002c3   Thumb Code     0  startup_lpc17xx.o(.text)
    TIMER3_IRQHandler                        0x000002c3   Thumb Code     0  startup_lpc17xx.o(.text)
    UART0_IRQHandler                         0x000002c3   Thumb Code     0  startup_lpc17xx.o(.text)
    UART1_IRQHandler                         0x000002c3   Thumb Code     0  startup_lpc17xx.o(.text)
    UART2_IRQHandler                         0x000002c3   Thumb Code     0  startup_lpc17xx.o(.text)
    UART3_IRQHandler                         0x000002c3   Thumb Code     0  startup_lpc17xx.o(.text)
    USBActivity_IRQHandler                   0x000002c3   Thumb Code     0  startup_lpc17xx.o(.text)
    WDT_IRQHandler                           0x000002c3   Thumb Code     0  startup_lpc17xx.o(.text)
    rand                                     0x000002cd   Thumb Code    20  rand.o(.text)
    srand                                    0x000002e1   Thumb Code     6  rand.o(.text)
    __scatterload_null                       0x000002f1   Thumb Code     2  handlers.o(i.__scatterload_null)
    GLCD_Init                                0x00000499   Thumb Code  1506  glcd_spi_lpc1700.o(.text)
    GLCD_SetWindow                           0x00000a7b   Thumb Code   168  glcd_spi_lpc1700.o(.text)
    GLCD_WindowMax                           0x00000b23   Thumb Code    26  glcd_spi_lpc1700.o(.text)
    GLCD_PutPixel                            0x00000b3d   Thumb Code   118  glcd_spi_lpc1700.o(.text)
    GLCD_SetTextColor                        0x00000bb3   Thumb Code     6  glcd_spi_lpc1700.o(.text)
    GLCD_SetBackColor                        0x00000bb9   Thumb Code     6  glcd_spi_lpc1700.o(.text)
    GLCD_Clear                               0x00000bbf   Thumb Code    42  glcd_spi_lpc1700.o(.text)
    GLCD_DrawChar                            0x00000be9   Thumb Code   150  glcd_spi_lpc1700.o(.text)
    GLCD_DisplayChar                         0x00000c7f   Thumb Code    84  glcd_spi_lpc1700.o(.text)
    GLCD_DisplayString                       0x00000cd3   Thumb Code    40  glcd_spi_lpc1700.o(.text)
    GLCD_ClearLn                             0x00000cfb   Thumb Code    94  glcd_spi_lpc1700.o(.text)
    GLCD_Bargraph                            0x00000d59   Thumb Code    98  glcd_spi_lpc1700.o(.text)
    GLCD_Bitmap                              0x00000dbb   Thumb Code    82  glcd_spi_lpc1700.o(.text)
    GLCD_ScrollVertical                      0x00000e0d   Thumb Code     2  glcd_spi_lpc1700.o(.text)
    GLCD_WrCmd                               0x00000e0f   Thumb Code    12  glcd_spi_lpc1700.o(.text)
    GLCD_WrReg                               0x00000e1b   Thumb Code    16  glcd_spi_lpc1700.o(.text)
    USB_ResetCore                            0x00000e9d   Thumb Code    34  usbcore.o(.text)
    USB_SetupStage                           0x00000ebf   Thumb Code    12  usbcore.o(.text)
    USB_DataInStage                          0x00000ecb   Thumb Code    52  usbcore.o(.text)
    USB_DataOutStage                         0x00000eff   Thumb Code    34  usbcore.o(.text)
    USB_StatusInStage                        0x00000f21   Thumb Code    14  usbcore.o(.text)
    USB_StatusOutStage                       0x00000f2f   Thumb Code    12  usbcore.o(.text)
    USB_ReqGetDescriptor                     0x00000f3b   Thumb Code   164  usbcore.o(.text)
    USB_EndPoint0                            0x00000fdf   Thumb Code   842  usbcore.o(.text)
    get_potval                               0x0000134f   Thumb Code    58  usbdmain.o(.text)
    TIMER0_IRQHandler                        0x00001389   Thumb Code   374  usbdmain.o(.text)
    LaunchMusicPlayer                        0x000014ff   Thumb Code   224  usbdmain.o(.text)
    EPAdr                                    0x00001659   Thumb Code    16  usbhw.o(.text)
    WrCmd                                    0x00001669   Thumb Code    30  usbhw.o(.text)
    WrCmdDat                                 0x00001687   Thumb Code    58  usbhw.o(.text)
    WrCmdEP                                  0x000016c1   Thumb Code    78  usbhw.o(.text)
    RdCmdDat                                 0x0000170f   Thumb Code    38  usbhw.o(.text)
    USB_SetAddress                           0x00001735   Thumb Code    42  usbhw.o(.text)
    USB_Reset                                0x0000175f   Thumb Code   174  usbhw.o(.text)
    USB_Init                                 0x0000180d   Thumb Code   154  usbhw.o(.text)
    USB_Connect                              0x000018a7   Thumb Code    28  usbhw.o(.text)
    USB_Suspend                              0x000018c3   Thumb Code     2  usbhw.o(.text)
    USB_Resume                               0x000018c5   Thumb Code     2  usbhw.o(.text)
    USB_WakeUp                               0x000018c7   Thumb Code    22  usbhw.o(.text)
    USB_WakeUpCfg                            0x000018dd   Thumb Code     2  usbhw.o(.text)
    USB_Configure                            0x000018df   Thumb Code    60  usbhw.o(.text)
    USB_ConfigEP                             0x0000191b   Thumb Code    68  usbhw.o(.text)
    USB_DirCtrlEP                            0x0000195f   Thumb Code     2  usbhw.o(.text)
    USB_EnableEP                             0x00001961   Thumb Code    26  usbhw.o(.text)
    USB_DisableEP                            0x0000197b   Thumb Code    26  usbhw.o(.text)
    USB_ResetEP                              0x00001995   Thumb Code    26  usbhw.o(.text)
    USB_SetStallEP                           0x000019af   Thumb Code    26  usbhw.o(.text)
    USB_ClrStallEP                           0x000019c9   Thumb Code    26  usbhw.o(.text)
    USB_ClearEPBuf                           0x000019e3   Thumb Code    14  usbhw.o(.text)
    USB_ReadEP                               0x000019f1   Thumb Code   176  usbhw.o(.text)
    USB_WriteEP                              0x00001aa1   Thumb Code    70  usbhw.o(.text)
    USB_DMA_Setup                            0x00001ae7   Thumb Code   248  usbhw.o(.text)
    USB_DMA_Enable                           0x00001bdf   Thumb Code    22  usbhw.o(.text)
    USB_DMA_Disable                          0x00001bf5   Thumb Code    22  usbhw.o(.text)
    USB_DMA_Status                           0x00001c0b   Thumb Code    76  usbhw.o(.text)
    USB_DMA_BufAdr                           0x00001c57   Thumb Code    30  usbhw.o(.text)
    USB_DMA_BufCnt                           0x00001c75   Thumb Code    30  usbhw.o(.text)
    USB_GetFrame                             0x00001c93   Thumb Code    30  usbhw.o(.text)
    USB_IRQHandler                           0x00001cb1   Thumb Code   576  usbhw.o(.text)
    USB_Reset_Event                          0x00001ef9   Thumb Code     8  usbuser.o(.text)
    USB_SOF_Event                            0x00001f01   Thumb Code     2  usbuser.o(.text)
    USB_EndPoint1                            0x00001f03   Thumb Code     2  usbuser.o(.text)
    USB_EndPoint2                            0x00001f05   Thumb Code     2  usbuser.o(.text)
    USB_EndPoint3                            0x00001f07   Thumb Code   164  usbuser.o(.text)
    USB_EndPoint4                            0x00001fab   Thumb Code     2  usbuser.o(.text)
    USB_EndPoint5                            0x00001fad   Thumb Code     2  usbuser.o(.text)
    USB_EndPoint6                            0x00001faf   Thumb Code     2  usbuser.o(.text)
    USB_EndPoint7                            0x00001fb1   Thumb Code     2  usbuser.o(.text)
    USB_EndPoint8                            0x00001fb3   Thumb Code     2  usbuser.o(.text)
    USB_EndPoint9                            0x00001fb5   Thumb Code     2  usbuser.o(.text)
    USB_EndPoint10                           0x00001fb7   Thumb Code     2  usbuser.o(.text)
    USB_EndPoint11                           0x00001fb9   Thumb Code     2  usbuser.o(.text)
    USB_EndPoint12                           0x00001fbb   Thumb Code     2  usbuser.o(.text)
    USB_EndPoint13                           0x00001fbd   Thumb Code     2  usbuser.o(.text)
    USB_EndPoint14                           0x00001fbf   Thumb Code     2  usbuser.o(.text)
    USB_EndPoint15                           0x00001fc1   Thumb Code     2  usbuser.o(.text)
    ADC_IF_GetRequest                        0x00001fd9   Thumb Code   128  adcuser.o(.text)
    ADC_IF_SetRequest                        0x00002059   Thumb Code    80  adcuser.o(.text)
    ADC_EP_GetRequest                        0x000020a9   Thumb Code     4  adcuser.o(.text)
    ADC_EP_SetRequest                        0x000020ad   Thumb Code     4  adcuser.o(.text)
    DisplayImage                             0x000020c1   Thumb Code   200  photoviewer.o(.text)
    StartPhotoViewer                         0x00002189   Thumb Code   128  photoviewer.o(.text)
    UpdateDifficultyGlcdSelection            0x000022c1   Thumb Code   102  snake.o(.text)
    LcdDelay                                 0x00002327   Thumb Code    18  snake.o(.text)
    GenerateFood                             0x00002339   Thumb Code    72  snake.o(.text)
    UpdateSnakeDirection                     0x00002381   Thumb Code   446  snake.o(.text)
    UpdateState                              0x0000253f   Thumb Code   158  snake.o(.text)
    InitializeSnakeGame                      0x000025dd   Thumb Code   322  snake.o(.text)
    SystemCoreClockUpdate                    0x00002721   Thumb Code   408  system_lpc17xx.o(.text)
    SystemInit                               0x000028b9   Thumb Code   314  system_lpc17xx.o(.text)
    SystemClockUpdate                        0x000029f3   Thumb Code   332  system_lpc17xx.o(.text)
    __aeabi_uldivmod                         0x00002b49   Thumb Code    98  uldiv.o(.text)
    __aeabi_memcpy                           0x00002bab   Thumb Code    36  memcpya.o(.text)
    __aeabi_memcpy4                          0x00002bab   Thumb Code     0  memcpya.o(.text)
    __aeabi_memcpy8                          0x00002bab   Thumb Code     0  memcpya.o(.text)
    __aeabi_memset                           0x00002bcf   Thumb Code    14  memseta.o(.text)
    __aeabi_memset4                          0x00002bcf   Thumb Code     0  memseta.o(.text)
    __aeabi_memset8                          0x00002bcf   Thumb Code     0  memseta.o(.text)
    __aeabi_memclr                           0x00002bdd   Thumb Code     4  memseta.o(.text)
    __aeabi_memclr4                          0x00002bdd   Thumb Code     0  memseta.o(.text)
    __aeabi_memclr8                          0x00002bdd   Thumb Code     0  memseta.o(.text)
    _memset$wrapper                          0x00002be1   Thumb Code    18  memseta.o(.text)
    __aeabi_uidiv                            0x00002bf3   Thumb Code     0  uidiv.o(.text)
    __aeabi_uidivmod                         0x00002bf3   Thumb Code    44  uidiv.o(.text)
    __aeabi_llsl                             0x00002c1f   Thumb Code    30  llshl.o(.text)
    _ll_shift_l                              0x00002c1f   Thumb Code     0  llshl.o(.text)
    __aeabi_llsr                             0x00002c3d   Thumb Code    32  llushr.o(.text)
    _ll_ushift_r                             0x00002c3d   Thumb Code     0  llushr.o(.text)
    __scatterload                            0x00002c5d   Thumb Code    28  init.o(.text)
    __scatterload_rt2                        0x00002c5d   Thumb Code     0  init.o(.text)
    USB_ReqGetStatus                         0x00002c81   Thumb Code   160  usbcore.o(i.USB_ReqGetStatus)
    USB_ReqSetClrFeature                     0x00002d41   Thumb Code   210  usbcore.o(i.USB_ReqSetClrFeature)
    USB_ReqSetConfiguration                  0x00002e2d   Thumb Code   402  usbcore.o(i.USB_ReqSetConfiguration)
    USB_ReqSetInterface                      0x00002fe5   Thumb Code   278  usbcore.o(i.USB_ReqSetInterface)
    __0sprintf$1                             0x00003115   Thumb Code    34  printf1.o(i.__0sprintf$1)
    __1sprintf$1                             0x00003115   Thumb Code     0  printf1.o(i.__0sprintf$1)
    __2sprintf                               0x00003115   Thumb Code     0  printf1.o(i.__0sprintf$1)
    __scatterload_copy                       0x0000313d   Thumb Code    14  handlers.o(i.__scatterload_copy)
    __scatterload_zeroinit                   0x0000314b   Thumb Code    14  handlers.o(i.__scatterload_zeroinit)
    Font_6x8_h                               0x000032ac   Data         896  glcd_spi_lpc1700.o(.constdata)
    Font_16x24_h                             0x0000362c   Data        5376  glcd_spi_lpc1700.o(.constdata)
    USB_DeviceDescriptor                     0x00004e2c   Data          18  usbdesc.o(.constdata)
    USB_ConfigDescriptor                     0x00004e3e   Data         110  usbdesc.o(.constdata)
    USB_StringDescriptor                     0x00004eac   Data         100  usbdesc.o(.constdata)
    DDAdr                                    0x00010f44   Data           8  usbhw.o(.constdata)
    DDSz                                     0x00010f4c   Data           8  usbhw.o(.constdata)
    USB_P_EP                                 0x00010f54   Data          64  usbuser.o(.constdata)
    EventRecorderInfo                        0x00029a3c   Data          24  eventrecorder.o(.constdata)
    Region$$Table$$Base                      0x00029a54   Number         0  anon$$obj.o(Region$$Table)
    Region$$Table$$Limit                     0x00029a84   Number         0  anon$$obj.o(Region$$Table)
    __initial_sp                             0x100006a8   Data           0  startup_lpc17xx.o(STACK)
    USB_DeviceStatus                         0x2007c008   Data           2  usbcore.o(.data)
    USB_DeviceAddress                        0x2007c00a   Data           1  usbcore.o(.data)
    USB_Configuration                        0x2007c00b   Data           1  usbcore.o(.data)
    USB_EndPointMask                         0x2007c00c   Data           4  usbcore.o(.data)
    USB_EndPointHalt                         0x2007c010   Data           4  usbcore.o(.data)
    USB_EndPointStall                        0x2007c014   Data           4  usbcore.o(.data)
    USB_NumInterfaces                        0x2007c018   Data           1  usbcore.o(.data)
    USB_AltSetting                           0x2007c019   Data           4  usbcore.o(.data)
    EP0Data                                  0x2007c020   Data           8  usbcore.o(.data)
    SetupPacket                              0x2007c028   Data           8  usbcore.o(.data)
    Mute                                     0x2007c030   Data           1  usbdmain.o(.data)
    Volume                                   0x2007c034   Data           4  usbdmain.o(.data)
    InfoBuf                                  0x2007c038   Data           4  usbdmain.o(.data)
    DataBuf                                  0x2007c03c   Data           4  usbdmain.o(.data)
    DataOut                                  0x2007c040   Data           2  usbdmain.o(.data)
    DataIn                                   0x2007c042   Data           2  usbdmain.o(.data)
    DataRun                                  0x2007c044   Data           1  usbdmain.o(.data)
    PotVal                                   0x2007c046   Data           2  usbdmain.o(.data)
    VUM                                      0x2007c048   Data           4  usbdmain.o(.data)
    Tick                                     0x2007c04c   Data           4  usbdmain.o(.data)
    glbExit                                  0x2007c050   Data           4  usbdmain.o(.data)
    glbFirstRun                              0x2007c054   Data           4  usbdmain.o(.data)
    DDMemMap                                 0x2007c058   Data           8  usbhw.o(.data)
    VolCur                                   0x2007c060   Data           2  adcuser.o(.data)
    glbFoodx                                 0x2007c064   Data           4  snake.o(.data)
    glbFoody                                 0x2007c068   Data           4  snake.o(.data)
    glbScore                                 0x2007c06c   Data           4  snake.o(.data)
    glbSnakeLen                              0x2007c070   Data           4  snake.o(.data)
    glbPrevJoystickVal                       0x2007c074   Data           4  snake.o(.data)
    SystemCoreClock                          0x2007c078   Data           4  system_lpc17xx.o(.data)
    SystemFrequency                          0x2007c07c   Data           4  system_lpc17xx.o(.data)
    EP0Buf                                   0x2007c084   Data          64  usbcore.o(.bss)
    udca                                     0x2007c0c4   Data         128  usbhw.o(.bss)
    glbSnake                                 0x2007c144   Data         800  snake.o(.bss)
    UDCA                                     0x2007c464   Data         128  usbhw.o(USB_RAM)
    DD_NISO_Mem                              0x2007c4e4   Data         256  usbhw.o(USB_RAM)
    DD_ISO_Mem                               0x2007c5e4   Data         160  usbhw.o(USB_RAM)



==============================================================================

Memory Map of the image

  Image Entry point : 0x000000cd

  Load Region LR_IROM1 (Base: 0x00000000, Size: 0x00029b08, Max: 0x00080000, ABSOLUTE)

    Execution Region ER_IROM1 (Exec base: 0x00000000, Load base: 0x00000000, Size: 0x00029a84, Max: 0x00080000, ABSOLUTE)

    Exec Addr    Load Addr    Size         Type   Attr      Idx    E Section Name        Object

    0x00000000   0x00000000   0x000000cc   Data   RO          598    RESET               startup_lpc17xx.o
    0x000000cc   0x000000cc   0x00000000   Code   RO          636  * .ARM.Collect$$$$00000000  mc_w.l(entry.o)
    0x000000cc   0x000000cc   0x00000004   Code   RO          911    .ARM.Collect$$$$00000001  mc_w.l(entry2.o)
    0x000000d0   0x000000d0   0x00000004   Code   RO          914    .ARM.Collect$$$$00000004  mc_w.l(entry5.o)
    0x000000d4   0x000000d4   0x00000000   Code   RO          916    .ARM.Collect$$$$00000008  mc_w.l(entry7b.o)
    0x000000d4   0x000000d4   0x00000000   Code   RO          918    .ARM.Collect$$$$0000000A  mc_w.l(entry8b.o)
    0x000000d4   0x000000d4   0x00000008   Code   RO          919    .ARM.Collect$$$$0000000B  mc_w.l(entry9a.o)
    0x000000dc   0x000000dc   0x00000000   Code   RO          921    .ARM.Collect$$$$0000000D  mc_w.l(entry10a.o)
    0x000000dc   0x000000dc   0x00000000   Code   RO          923    .ARM.Collect$$$$0000000F  mc_w.l(entry11a.o)
    0x000000dc   0x000000dc   0x00000004   Code   RO          912    .ARM.Collect$$$$00002712  mc_w.l(entry2.o)
    0x000000e0   0x000000e0   0x0000005c   Code   RO          107    .text               kbd.o
    0x0000013c   0x0000013c   0x0000016c   Code   RO          141    .text               main.o
    0x000002a8   0x000002a8   0x00000024   Code   RO          600    .text               startup_lpc17xx.o
    0x000002cc   0x000002cc   0x00000024   Code   RO          641    .text               mc_w.l(rand.o)
    0x000002f0   0x000002f0   0x00000002   Code   RO          956    i.__scatterload_null  mc_w.l(handlers.o)
    0x000002f2   0x000002f2   0x0000000a   Code   RO          704    i._sputc            mc_w.l(printf1.o)
    0x000002fc   0x000002fc   0x00000004   Code   RO          599    .ARM.__at_0x02FC    startup_lpc17xx.o
    0x00000300   0x00000300   0x00000b9c   Code   RO            4    .text               glcd_spi_lpc1700.o
    0x00000e9c   0x00000e9c   0x00000494   Code   RO          165    .text               usbcore.o
    0x00001330   0x00001330   0x00000328   Code   RO          258    .text               usbdmain.o
    0x00001658   0x00001658   0x000008a0   Code   RO          312    .text               usbhw.o
    0x00001ef8   0x00001ef8   0x000000e0   Code   RO          346    .text               usbuser.o
    0x00001fd8   0x00001fd8   0x000000e8   Code   RO          368    .text               adcuser.o
    0x000020c0   0x000020c0   0x00000200   Code   RO          396    .text               photoviewer.o
    0x000022c0   0x000022c0   0x0000045e   Code   RO          465    .text               snake.o
    0x0000271e   0x0000271e   0x00000002   PAD
    0x00002720   0x00002720   0x00000428   Code   RO          609    .text               system_lpc17xx.o
    0x00002b48   0x00002b48   0x00000062   Code   RO          639    .text               mc_w.l(uldiv.o)
    0x00002baa   0x00002baa   0x00000024   Code   RO          644    .text               mc_w.l(memcpya.o)
    0x00002bce   0x00002bce   0x00000024   Code   RO          646    .text               mc_w.l(memseta.o)
    0x00002bf2   0x00002bf2   0x0000002c   Code   RO          928    .text               mc_w.l(uidiv.o)
    0x00002c1e   0x00002c1e   0x0000001e   Code   RO          930    .text               mc_w.l(llshl.o)
    0x00002c3c   0x00002c3c   0x00000020   Code   RO          932    .text               mc_w.l(llushr.o)
    0x00002c5c   0x00002c5c   0x00000024   Code   RO          945    .text               mc_w.l(init.o)
    0x00002c80   0x00002c80   0x000000c0   Code   RO          178    i.USB_ReqGetStatus  usbcore.o
    0x00002d40   0x00002d40   0x000000ec   Code   RO          184    i.USB_ReqSetClrFeature  usbcore.o
    0x00002e2c   0x00002e2c   0x000001b8   Code   RO          190    i.USB_ReqSetConfiguration  usbcore.o
    0x00002fe4   0x00002fe4   0x00000130   Code   RO          196    i.USB_ReqSetInterface  usbcore.o
    0x00003114   0x00003114   0x00000028   Code   RO          697    i.__0sprintf$1      mc_w.l(printf1.o)
    0x0000313c   0x0000313c   0x0000000e   Code   RO          955    i.__scatterload_copy  mc_w.l(handlers.o)
    0x0000314a   0x0000314a   0x0000000e   Code   RO          957    i.__scatterload_zeroinit  mc_w.l(handlers.o)
    0x00003158   0x00003158   0x00000154   Code   RO          702    i._printf_core      mc_w.l(printf1.o)
    0x000032ac   0x000032ac   0x00001880   Data   RO            5    .constdata          glcd_spi_lpc1700.o
    0x00004b2c   0x00004b2c   0x00000300   Data   RO          142    .constdata          main.o
    0x00004e2c   0x00004e2c   0x000000e4   Data   RO          243    .constdata          usbdesc.o
    0x00004f10   0x00004f10   0x0000c031   Data   RO          259    .constdata          usbdmain.o
    0x00010f41   0x00010f41   0x00000003   PAD
    0x00010f44   0x00010f44   0x00000010   Data   RO          314    .constdata          usbhw.o
    0x00010f54   0x00010f54   0x00000040   Data   RO          347    .constdata          usbuser.o
    0x00010f94   0x00010f94   0x000186a5   Data   RO          397    .constdata          photoviewer.o
    0x00029639   0x00029639   0x00000003   PAD
    0x0002963c   0x0002963c   0x00000400   Data   RO          467    .constdata          snake.o
    0x00029a3c   0x00029a3c   0x00000018   Data   RO          494    .constdata          eventrecorder.o
    0x00029a54   0x00029a54   0x00000030   Data   RO          953    Region$$Table       anon$$obj.o


    Execution Region RW_IRAM1 (Exec base: 0x10000000, Load base: 0x00029a84, Size: 0x000006a8, Max: 0x00008000, ABSOLUTE)

    Exec Addr    Load Addr    Size         Type   Attr      Idx    E Section Name        Object

    0x10000000        -       0x000004a4   Zero   RW          493    .bss.noinit         eventrecorder.o
    0x100004a4   0x00029a84   0x00000004   PAD
    0x100004a8        -       0x00000200   Zero   RW          596    STACK               startup_lpc17xx.o


    Execution Region RW_IRAM2 (Exec base: 0x2007c000, Load base: 0x00029a84, Size: 0x00000684, Max: 0x00008000, ABSOLUTE)

    Exec Addr    Load Addr    Size         Type   Attr      Idx    E Section Name        Object

    0x2007c000   0x00029a84   0x00000005   Data   RW            6    .data               glcd_spi_lpc1700.o
    0x2007c005   0x00029a89   0x00000003   PAD
    0x2007c008   0x00029a8c   0x00000028   Data   RW          167    .data               usbcore.o
    0x2007c030   0x00029ab4   0x00000028   Data   RW          260    .data               usbdmain.o
    0x2007c058   0x00029adc   0x00000008   Data   RW          315    .data               usbhw.o
    0x2007c060   0x00029ae4   0x00000002   Data   RW          370    .data               adcuser.o
    0x2007c062   0x00029ae6   0x00000002   PAD
    0x2007c064   0x00029ae8   0x00000014   Data   RW          468    .data               snake.o
    0x2007c078   0x00029afc   0x00000008   Data   RW          610    .data               system_lpc17xx.o
    0x2007c080   0x00029b04   0x00000004   Data   RW          642    .data               mc_w.l(rand.o)
    0x2007c084        -       0x00000040   Zero   RW          166    .bss                usbcore.o
    0x2007c0c4        -       0x00000080   Zero   RW          313    .bss                usbhw.o
    0x2007c144        -       0x00000320   Zero   RW          466    .bss                snake.o
    0x2007c464        -       0x00000220   Zero   RW          316    USB_RAM             usbhw.o


==============================================================================

Image component sizes


      Code (inc. data)   RO Data    RW Data    ZI Data      Debug   Object Name

       232         16          0          2          0       1772   adcuser.o
         0          0         24          0       1188       3864   eventrecorder.o
      2972         52       6272          5          0      14060   glcd_spi_lpc1700.o
        92         18          0          0          0        778   kbd.o
       364         18        768          0          0       1697   main.o
       512        190     100005          0          0       3100   photoviewer.o
      1118         62       1024         20        800       3160   snake.o
        40         12        204          0        512       1028   startup_lpc17xx.o
      1064         42          0          8          0       1359   system_lpc17xx.o
      2344        206          0         40         64      14225   usbcore.o
         0          0        228          0          0        741   usbdesc.o
       808        122      49201         40          0      45035   usbdmain.o
      2208        148         16          8        672      35246   usbhw.o
       224         22         64          0          0       3391   usbuser.o

    ----------------------------------------------------------------------
     11980        908     157860        128       3240     129456   Object Totals
         0          0         48          0          0          0   (incl. Generated)
         2          0          6          5          4          0   (incl. Padding)

    ----------------------------------------------------------------------

      Code (inc. data)   RO Data    RW Data    ZI Data      Debug   Library Member Name

         0          0          0          0          0          0   entry.o
         0          0          0          0          0          0   entry10a.o
         0          0          0          0          0          0   entry11a.o
         8          4          0          0          0          0   entry2.o
         4          0          0          0          0          0   entry5.o
         0          0          0          0          0          0   entry7b.o
         0          0          0          0          0          0   entry8b.o
         8          4          0          0          0          0   entry9a.o
        30          0          0          0          0          0   handlers.o
        36          8          0          0          0         68   init.o
        30          0          0          0          0         68   llshl.o
        32          0          0          0          0         68   llushr.o
        36          0          0          0          0         68   memcpya.o
        36          0          0          0          0        108   memseta.o
       390         10          0          0          0        252   printf1.o
        36         10          0          4          0        136   rand.o
        44          0          0          0          0         80   uidiv.o
        98          0          0          0          0         92   uldiv.o

    ----------------------------------------------------------------------
       788         36          0          4          0        940   Library Totals
         0          0          0          0          0          0   (incl. Padding)

    ----------------------------------------------------------------------

      Code (inc. data)   RO Data    RW Data    ZI Data      Debug   Library Name

       788         36          0          4          0        940   mc_w.l

    ----------------------------------------------------------------------
       788         36          0          4          0        940   Library Totals

    ----------------------------------------------------------------------

==============================================================================


      Code (inc. data)   RO Data    RW Data    ZI Data      Debug   

     12768        944     157860        132       3240     128936   Grand Totals
     12768        944     157860        132       3240     128936   ELF Image Totals
     12768        944     157860        132          0          0   ROM Totals

==============================================================================

    Total RO  Size (Code + RO Data)               170628 ( 166.63kB)
    Total RW  Size (RW Data + ZI Data)              3372 (   3.29kB)
    Total ROM Size (Code + RO Data + RW Data)     170760 ( 166.76kB)

==============================================================================

