Component: ARM Compiler 5.06 update 7 (build 960) Tool: armlink [4d3601]

==============================================================================

Section Cross References

    glcd_spi_lpc1700.o(.text) refers to glcd_spi_lpc1700.o(.data) for Himax
    glcd_spi_lpc1700.o(.text) refers to glcd_spi_lpc1700.o(.constdata) for Font_6x8_h
    led.o(.text) refers to led.o(.constdata) for led_mask
    main.o(.text) refers to kbd.o(.text) for KBD_Init
    main.o(.text) refers to glcd_spi_lpc1700.o(.text) for GLCD_Init
    main.o(.text) refers to memcpya.o(.text) for __aeabi_memcpy4
    main.o(.text) refers to photoviewer.o(.text) for StartPhotoViewer
    main.o(.text) refers to usbdmain.o(.text) for LaunchMusicPlayer
    main.o(.text) refers to snake.o(.text) for InitializeSnakeGame
    main.o(.text) refers to main.o(.constdata) for .constdata
    usbcore.o(.text) refers to usbhw.o(.text) for USB_ReadEP
    usbcore.o(.text) refers to usbcore.o(i.USB_ReqGetStatus) for USB_ReqGetStatus
    usbcore.o(.text) refers to usbcore.o(i.USB_ReqSetClrFeature) for USB_ReqSetClrFeature
    usbcore.o(.text) refers to usbcore.o(i.USB_ReqSetConfiguration) for USB_ReqSetConfiguration
    usbcore.o(.text) refers to usbcore.o(i.USB_ReqSetInterface) for USB_ReqSetInterface
    usbcore.o(.text) refers to adcuser.o(.text) for ADC_IF_GetRequest
    usbcore.o(.text) refers to usbcore.o(.data) for USB_DeviceStatus
    usbcore.o(.text) refers to usbcore.o(.bss) for EP0Buf
    usbcore.o(.text) refers to usbdesc.o(.constdata) for USB_DeviceDescriptor
    usbdmain.o(.text) refers to glcd_spi_lpc1700.o(.text) for GLCD_Clear
    usbdmain.o(.text) refers to system_lpc17xx.o(.text) for SystemClockUpdate
    usbdmain.o(.text) refers to usbhw.o(.text) for USB_Init
    usbdmain.o(.text) refers to kbd.o(.text) for get_button
    usbdmain.o(.text) refers to usbdmain.o(.data) for PotVal
    usbdmain.o(.text) refers to adcuser.o(.data) for VolCur
    usbdmain.o(.text) refers to system_lpc17xx.o(.data) for SystemFrequency
    usbdmain.o(.text) refers to usbdmain.o(.constdata) for NOWPLAYING_pixel_data
    usbhw.o(.text) refers to usbhw.o(.data) for DDMemMap
    usbhw.o(.text) refers to usbhw.o(.bss) for udca
    usbhw.o(.text) refers to usbhw.o(USB_RAM) for UDCA
    usbhw.o(.text) refers to usbcore.o(.data) for USB_DeviceStatus
    usbhw.o(.text) refers to usbuser.o(.text) for USB_Reset_Event
    usbhw.o(.text) refers to usbhw.o(.constdata) for DDAdr
    usbhw.o(.text) refers to usbuser.o(.constdata) for USB_P_EP
    usbuser.o(.text) refers to usbcore.o(.text) for USB_ResetCore
    usbuser.o(.text) refers to usbhw.o(.text) for USB_DMA_BufAdr
    usbuser.o(.text) refers to usbdmain.o(.data) for DataBuf
    usbuser.o(.constdata) refers to usbcore.o(.text) for USB_EndPoint0
    usbuser.o(.constdata) refers to usbuser.o(.text) for USB_EndPoint3
    adcuser.o(.text) refers to usbcore.o(.data) for SetupPacket
    adcuser.o(.text) refers to usbdmain.o(.data) for Mute
    adcuser.o(.text) refers to usbcore.o(.bss) for EP0Buf
    adcuser.o(.text) refers to adcuser.o(.data) for VolCur
    photoviewer.o(.text) refers to glcd_spi_lpc1700.o(.text) for GLCD_DisplayString
    photoviewer.o(.text) refers to kbd.o(.text) for get_button
    photoviewer.o(.text) refers to main.o(.text) for Delay
    photoviewer.o(.text) refers to photoviewer.o(.constdata) for ANOS_pixel_data
    snake.o(.text) refers to memcpya.o(.text) for __aeabi_memcpy4
    snake.o(.text) refers to glcd_spi_lpc1700.o(.text) for GLCD_SetBackColor
    snake.o(.text) refers to kbd.o(.text) for get_button
    snake.o(.text) refers to main.o(.text) for UpdateItemSelection
    snake.o(.text) refers to snake.o(.constdata) for .constdata
    rtx_conf_cm.o(.ARM.Collect$$$$000000FF) refers to rt_cmsis.o(i.osKernelInitialize) for osKernelInitialize
    rtx_conf_cm.o(.ARM.Collect$$$$000000FF) refers to rt_cmsis.o(i.osThreadCreate) for osThreadCreate
    rtx_conf_cm.o(.ARM.Collect$$$$000000FF) refers to rt_cmsis.o(i.osKernelStart) for osKernelStart
    rtx_conf_cm.o(.ARM.Collect$$$$000000FF) refers to rtx_conf_cm.o(.constdata) for .constdata
    rtx_conf_cm.o(.text) refers to rtx_conf_cm.o(.data) for countIDLE
    rtx_conf_cm.o(.constdata) refers to rt_cmsis.o(i.osTimerThread) for osTimerThread
    rtx_conf_cm.o(.constdata) refers to rtx_conf_cm.o(.bss) for os_messageQ_q_osTimerMessageQ
    rtx_conf_cm.o(.constdata) refers to main.o(.text) for main
    eventrecorder.o(.text) refers to eventrecorder.o(.emb_text) for __asm___15_EventRecorder_c_e8d3082c__atomic_inc32
    eventrecorder.o(.text) refers to memseta.o(.text) for __aeabi_memclr4
    eventrecorder.o(.text) refers to eventrecorder.o(.bss.noinit) for EventStatus
    eventrecorder.o(.text) refers to eventrecorder.o(.data) for TS_OverflowLock
    eventrecorder.o(.text) refers to system_lpc17xx.o(.data) for SystemCoreClock
    eventrecorder.o(.text) refers to eventrecorder.o(.constdata) for EventRecorderInfo
[...]
    rt_system.o(i.rt_systick) refers to rt_list.o(i.rt_put_rdy_first) for rt_put_rdy_first
    rt_system.o(i.rt_systick) refers to rtx_conf_cm.o(.text) for rt_chk_robin
    rt_system.o(i.rt_systick) refers to rt_list.o(i.rt_dec_dly) for rt_dec_dly
    rt_system.o(i.rt_systick) refers to rt_cmsis.o(i.sysTimerTick) for sysTimerTick
    rt_system.o(i.rt_systick) refers to rt_list.o(i.rt_get_first) for rt_get_first
    rt_system.o(i.rt_systick) refers to rt_task.o(i.rt_switch_req) for rt_switch_req
    rt_system.o(i.rt_systick) refers to rt_task.o(.data) for os_tsk
    rt_system.o(i.rt_systick) refers to rt_time.o(.data) for os_time
    rt_system.o(i.rt_systick) refers to rt_list.o(.bss) for os_rdy
    rt_system.o(i.rt_tsk_lock) refers to rt_system.o(.data) for .data
    rt_system.o(i.rt_tsk_unlock) refers to rt_system.o(.data) for .data
    rt_event.o(i.isr_evt_set) refers to rt_list.o(i.rt_psq_enq) for rt_psq_enq
    rt_event.o(i.isr_evt_set) refers to rt_system.o(i.rt_psh_req) for rt_psh_req
    rt_event.o(i.isr_evt_set) refers to rtx_conf_cm.o(.bss) for os_active_TCB
    rt_event.o(i.rt_evt_clr) refers to rtx_conf_cm.o(.bss) for os_active_TCB
    rt_event.o(i.rt_evt_get) refers to rt_task.o(.data) for os_tsk
    rt_event.o(i.rt_evt_psh) refers to rt_list.o(i.rt_rmv_dly) for rt_rmv_dly
    rt_event.o(i.rt_evt_psh) refers to hal_cm.o(i.rt_ret_val2) for rt_ret_val2
    rt_event.o(i.rt_evt_psh) refers to rt_list.o(i.rt_put_prio) for rt_put_prio
    rt_event.o(i.rt_evt_psh) refers to rt_list.o(.bss) for os_rdy
    rt_event.o(i.rt_evt_set) refers to rt_list.o(i.rt_rmv_dly) for rt_rmv_dly
    rt_event.o(i.rt_evt_set) refers to hal_cm.o(i.rt_ret_val2) for rt_ret_val2
    rt_event.o(i.rt_evt_set) refers to rt_task.o(i.rt_dispatch) for rt_dispatch
    rt_event.o(i.rt_evt_set) refers to rtx_conf_cm.o(.bss) for os_active_TCB
    rt_event.o(i.rt_evt_wait) refers to rt_task.o(i.rt_block) for rt_block
    rt_event.o(i.rt_evt_wait) refers to rt_task.o(.data) for os_tsk
    rt_list.o(i.rt_dec_dly) refers to rt_list.o(i.rt_put_prio) for rt_put_prio
    rt_list.o(i.rt_dec_dly) refers to rt_list.o(.bss) for .bss
    rt_list.o(i.rt_dec_dly) refers to rt_time.o(.data) for os_time
    rt_list.o(i.rt_get_same_rdy_prio) refers to rt_list.o(.bss) for .bss
    rt_list.o(i.rt_get_same_rdy_prio) refers to rt_task.o(.data) for os_tsk
    rt_list.o(i.rt_psq_enq) refers to rtx_conf_cm.o(.text) for os_error
    rt_list.o(i.rt_psq_enq) refers to rtx_conf_cm.o(.bss) for os_fifo
    rt_list.o(i.rt_put_dly) refers to rt_list.o(.bss) for .bss
    rt_list.o(i.rt_put_rdy_first) refers to rt_list.o(.bss) for .bss
    rt_list.o(i.rt_resort_prio) refers to rt_list.o(i.rt_rmv_list) for rt_rmv_list
    rt_list.o(i.rt_resort_prio) refers to rt_list.o(i.rt_put_prio) for rt_put_prio
    rt_list.o(i.rt_resort_prio) refers to rt_list.o(.bss) for .bss
    rt_list.o(i.rt_rmv_list) refers to rt_list.o(.bss) for .bss
    rt_mailbox.o(i.isr_mbx_receive) refers to rt_list.o(i.rt_psq_enq) for rt_psq_enq
    rt_mailbox.o(i.isr_mbx_receive) refers to rt_system.o(i.rt_psh_req) for rt_psh_req
    rt_mailbox.o(i.isr_mbx_send) refers to rt_list.o(i.rt_psq_enq) for rt_psq_enq
    rt_mailbox.o(i.isr_mbx_send) refers to rt_system.o(i.rt_psh_req) for rt_psh_req
    rt_mailbox.o(i.rt_mbx_psh) refers to rt_membox.o(i.rt_alloc_box) for rt_alloc_box
    rt_mailbox.o(i.rt_mbx_psh) refers to rt_list.o(i.rt_get_first) for rt_get_first
    rt_mailbox.o(i.rt_mbx_psh) refers to hal_cm.o(i.rt_ret_val) for rt_ret_val
    rt_mailbox.o(i.rt_mbx_psh) refers to rt_list.o(i.rt_rmv_dly) for rt_rmv_dly
    rt_mailbox.o(i.rt_mbx_psh) refers to rt_list.o(i.rt_put_prio) for rt_put_prio
    rt_mailbox.o(i.rt_mbx_psh) refers to hal_cm.o(i.rt_ret_val2) for rt_ret_val2
    rt_mailbox.o(i.rt_mbx_psh) refers to rtx_conf_cm.o(.text) for os_error
    rt_mailbox.o(i.rt_mbx_psh) refers to rt_list.o(.bss) for os_rdy
    rt_mailbox.o(i.rt_mbx_send) refers to rt_list.o(i.rt_put_prio) for rt_put_prio
    rt_mailbox.o(i.rt_mbx_send) refers to rt_list.o(i.rt_get_first) for rt_get_first
    rt_mailbox.o(i.rt_mbx_send) refers to hal_cm.o(i.rt_ret_val2) for rt_ret_val2
    rt_mailbox.o(i.rt_mbx_send) refers to rt_list.o(i.rt_rmv_dly) for rt_rmv_dly
    rt_mailbox.o(i.rt_mbx_send) refers to rt_task.o(i.rt_dispatch) for rt_dispatch
    rt_mailbox.o(i.rt_mbx_send) refers to rt_task.o(i.rt_block) for rt_block
    rt_mailbox.o(i.rt_mbx_send) refers to rt_task.o(.data) for os_tsk
    rt_mailbox.o(i.rt_mbx_wait) refers to rt_list.o(i.rt_get_first) for rt_get_first
    rt_mailbox.o(i.rt_mbx_wait) refers to hal_cm.o(i.rt_ret_val) for rt_ret_val
    rt_mailbox.o(i.rt_mbx_wait) refers to rt_list.o(i.rt_rmv_dly) for rt_rmv_dly
    rt_mailbox.o(i.rt_mbx_wait) refers to rt_task.o(i.rt_dispatch) for rt_dispatch
    rt_mailbox.o(i.rt_mbx_wait) refers to rt_list.o(i.rt_put_prio) for rt_put_prio
    rt_mailbox.o(i.rt_mbx_wait) refers to rt_task.o(i.rt_block) for rt_block
    rt_mailbox.o(i.rt_mbx_wait) refers to rt_task.o(.data) for os_tsk
    rt_semaphore.o(i.isr_sem_send) refers to rt_list.o(i.rt_psq_enq) for rt_psq_enq
    rt_semaphore.o(i.isr_sem_send) refers to rt_system.o(i.rt_psh_req) for rt_psh_req
    rt_semaphore.o(i.rt_sem_delete) refers to rt_list.o(i.rt_get_first) for rt_get_first
    rt_semaphore.o(i.rt_sem_delete) refers to hal_cm.o(i.rt_ret_val) for rt_ret_val
    rt_semaphore.o(i.rt_sem_delete) refers to rt_list.o(i.rt_rmv_dly) for rt_rmv_dly
    rt_semaphore.o(i.rt_sem_delete) refers to rt_list.o(i.rt_put_prio) for rt_put_prio
    rt_semaphore.o(i.rt_sem_delete) refers to rt_task.o(i.rt_dispatch) for rt_dispatch
    rt_semaphore.o(i.rt_sem_delete) refers to rt_list.o(.bss) for os_rdy
    rt_semaphore.o(i.rt_sem_delete) refers to rt_task.o(.data) for os_tsk
    rt_semaphore.o(i.rt_sem_psh) refers to rt_list.o(i.rt_get_first) for rt_get_first
    rt_semaphore.o(i.rt_sem_psh) refers to rt_list.o(i.rt_rmv_dly) for rt_rmv_dly
    rt_semaphore.o(i.rt_sem_psh) refers to hal_cm.o(i.rt_ret_val) for rt_ret_val
    rt_semaphore.o(i.rt_sem_psh) refers to rt_list.o(i.rt_put_prio) for rt_put_prio
    rt_semaphore.o(i.rt_sem_psh) refers to rt_list.o(.bss) for os_rdy
    rt_semaphore.o(i.rt_sem_send) refers to rt_list.o(i.rt_get_first) for rt_get_first
    rt_semaphore.o(i.rt_sem_send) refers to hal_cm.o(i.rt_ret_val) for rt_ret_val
    rt_semaphore.o(i.rt_sem_send) refers to rt_list.o(i.rt_rmv_dly) for rt_rmv_dly
    rt_semaphore.o(i.rt_sem_send) refers to rt_task.o(i.rt_dispatch) for rt_dispatch
    rt_semaphore.o(i.rt_sem_wait) refers to rt_list.o(i.rt_put_prio) for rt_put_prio
    rt_semaphore.o(i.rt_sem_wait) refers to rt_task.o(i.rt_block) for rt_block
    rt_semaphore.o(i.rt_sem_wait) refers to rt_task.o(.data) for os_tsk
    rt_time.o(i.rt_dly_wait) refers to rt_task.o(i.rt_block) for rt_block
    rt_time.o(i.rt_itv_set) refers to rt_task.o(.data) for os_tsk
    rt_time.o(i.rt_itv_set) refers to rt_time.o(.data) for .data
    rt_time.o(i.rt_itv_wait) refers to rt_task.o(i.rt_block) for rt_block
    rt_time.o(i.rt_itv_wait) refers to rt_task.o(.data) for os_tsk
    rt_time.o(i.rt_itv_wait) refers to rt_time.o(.data) for .data
    rt_time.o(i.rt_time_get) refers to rt_time.o(.data) for .data
    rt_mutex.o(i.rt_mut_delete) refers to rt_list.o(i.rt_resort_prio) for rt_resort_prio
    rt_mutex.o(i.rt_mut_delete) refers to rt_list.o(i.rt_get_first) for rt_get_first
    rt_mutex.o(i.rt_mut_delete) refers to hal_cm.o(i.rt_ret_val) for rt_ret_val
    rt_mutex.o(i.rt_mut_delete) refers to rt_list.o(i.rt_rmv_dly) for rt_rmv_dly
    rt_mutex.o(i.rt_mut_delete) refers to rt_list.o(i.rt_put_prio) for rt_put_prio
    rt_mutex.o(i.rt_mut_delete) refers to rt_task.o(i.rt_dispatch) for rt_dispatch
    rt_mutex.o(i.rt_mut_delete) refers to rt_task.o(.data) for os_tsk
    rt_mutex.o(i.rt_mut_delete) refers to rt_list.o(.bss) for os_rdy
    rt_mutex.o(i.rt_mut_release) refers to rt_list.o(i.rt_get_first) for rt_get_first
    rt_mutex.o(i.rt_mut_release) refers to hal_cm.o(i.rt_ret_val) for rt_ret_val
    rt_mutex.o(i.rt_mut_release) refers to rt_list.o(i.rt_rmv_dly) for rt_rmv_dly
    rt_mutex.o(i.rt_mut_release) refers to rt_list.o(i.rt_put_prio) for rt_put_prio
    rt_mutex.o(i.rt_mut_release) refers to rt_task.o(i.rt_dispatch) for rt_dispatch
    rt_mutex.o(i.rt_mut_release) refers to rt_task.o(.data) for os_tsk
    rt_mutex.o(i.rt_mut_release) refers to rt_list.o(.bss) for os_rdy
    rt_mutex.o(i.rt_mut_wait) refers to rt_list.o(i.rt_resort_prio) for rt_resort_prio
    rt_mutex.o(i.rt_mut_wait) refers to rt_list.o(i.rt_put_prio) for rt_put_prio
    rt_mutex.o(i.rt_mut_wait) refers to rt_task.o(i.rt_block) for rt_block
    rt_mutex.o(i.rt_mut_wait) refers to rt_task.o(.data) for os_tsk
    rt_membox.o(i._calloc_box) refers to hal_cm3.o(.emb_text) for _alloc_box
    hal_cm.o(i.dbg_init) refers to hal_cm.o(.data) for .data
    hal_cm.o(i.rt_init_stack) refers to rtx_conf_cm.o(.constdata) for os_stackinfo
    rt_robin.o(i.rt_chk_robin) refers to rt_list.o(i.rt_get_first) for rt_get_first
    rt_robin.o(i.rt_chk_robin) refers to rt_list.o(i.rt_put_prio) for rt_put_prio
    rt_robin.o(i.rt_chk_robin) refers to rt_robin.o(.data) for .data
    rt_robin.o(i.rt_chk_robin) refers to rt_list.o(.bss) for os_rdy
    rt_robin.o(i.rt_chk_robin) refers to rt_time.o(.data) for os_time
    rt_robin.o(i.rt_init_robin) refers to rt_robin.o(.data) for .data
    rt_robin.o(i.rt_init_robin) refers to rtx_conf_cm.o(.constdata) for os_rrobin
    hal_cm3.o(.emb_text) refers to rtx_conf_cm.o(.constdata) for os_flags
    hal_cm3.o(.emb_text) refers to rt_membox.o(i.rt_alloc_box) for rt_alloc_box
    hal_cm3.o(.emb_text) refers to rt_membox.o(i.rt_free_box) for rt_free_box
    hal_cm3.o(.emb_text) refers to rt_system.o(i.rt_stk_check) for rt_stk_check
    hal_cm3.o(.emb_text) refers to rt_task.o(.data) for os_tsk
    hal_cm3.o(.emb_text) refers to svc_table.o(SVC_TABLE) for SVC_Count
    hal_cm3.o(.emb_text) refers to rt_system.o(i.rt_pop_req) for rt_pop_req
    hal_cm3.o(.emb_text) refers to rt_system.o(i.rt_systick) for rt_systick
    hal_cm3.o(.emb_text) refers to rt_system.o(i.os_tick_irqack) for os_tick_irqack
    entry.o(.ARM.Collect$$$$00000000) refers (Special) to entry10a.o(.ARM.Collect$$$$0000000F) for __rt_final_cpp
    entry.o(.ARM.Collect$$$$00000000) refers (Special) to entry11a.o(.ARM.Collect$$$$00000011) for __rt_final_exit
    entry.o(.ARM.Collect$$$$00000000) refers (Special) to entry12b.o(.ARM.Collect$$$$0000000E) for __rt_lib_shutdown_fini
    entry.o(.ARM.Collect$$$$00000000) refers (Special) to entry7b.o(.ARM.Collect$$$$00000008) for _main_clock
    entry.o(.ARM.Collect$$$$00000000) refers (Special) to entry8b.o(.ARM.Collect$$$$0000000A) for _main_cpp_init
    entry.o(.ARM.Collect$$$$00000000) refers (Special) to rtx_conf_cm.o(.ARM.Collect$$$$000000FF) for _main_init
    entry.o(.ARM.Collect$$$$00000000) refers (Special) to entry5.o(.ARM.Collect$$$$00000004) for _main_scatterload
    entry.o(.ARM.Collect$$$$00000000) refers (Special) to entry2.o(.ARM.Collect$$$$00000001) for _main_stk
    uldiv.o(.text) refers to llushr.o(.text) for __aeabi_llsr
    uldiv.o(.text) refers to llshl.o(.text) for __aeabi_llsl
    entry2.o(.ARM.Collect$$$$00000001) refers to entry2.o(.ARM.Collect$$$$00002712) for __lit__00000000
    entry2.o(.ARM.Collect$$$$00002712) refers to startup_lpc17xx.o(STACK) for __initial_sp
    entry2.o(__vectab_stack_and_reset_area) refers to startup_lpc17xx.o(STACK) for __initial_sp
    entry2.o(__vectab_stack_and_reset_area) refers to entry.o(.ARM.Collect$$$$00000000) for __main
    entry5.o(.ARM.Collect$$$$00000004) refers to init.o(.text) for __scatterload
    init.o(.text) refers to entry5.o(.ARM.Collect$$$$00000004) for __main_after_scatterload
    usbcore.o(i.USB_ReqGetStatus) refers to usbcore.o(.data) for SetupPacket
    usbcore.o(i.USB_ReqGetStatus) refers to usbcore.o(.bss) for EP0Buf
    usbcore.o(i.USB_ReqSetClrFeature) refers to usbhw.o(.text) for USB_WakeUpCfg
    usbcore.o(i.USB_ReqSetClrFeature) refers to usbcore.o(.data) for SetupPacket
    usbcore.o(i.USB_ReqSetConfiguration) refers to usbhw.o(.text) for USB_DisableEP
    usbcore.o(i.USB_ReqSetConfiguration) refers to usbcore.o(.data) for SetupPacket
    usbcore.o(i.USB_ReqSetConfiguration) refers to usbdesc.o(.constdata) for USB_ConfigDescriptor
    usbcore.o(i.USB_ReqSetInterface) refers to usbhw.o(.text) for USB_ConfigEP
    usbcore.o(i.USB_ReqSetInterface) refers to usbcore.o(.data) for SetupPacket
    usbcore.o(i.USB_ReqSetInterface) refers to usbdesc.o(.constdata) for USB_ConfigDescriptor


==============================================================================

Removing Unused input sections from the image.

    Removing glcd_spi_lpc1700.o(.rev16_text), (4 bytes).
    Removing glcd_spi_lpc1700.o(.revsh_text), (4 bytes).
    Removing glcd_spi_lpc1700.o(.rrx_text), (6 bytes).
    Removing led.o(.rev16_text), (4 bytes).
    Removing led.o(.revsh_text), (4 bytes).
    Removing led.o(.rrx_text), (6 bytes).
    Removing led.o(.text), (172 bytes).
    Removing led.o(.constdata), (32 bytes).
    Removing kbd.o(.rev16_text), (4 bytes).
    Removing kbd.o(.revsh_text), (4 bytes).
    Removing kbd.o(.rrx_text), (6 bytes).
    Removing kbd.o(.data), (4 bytes).
    Removing usbdmain.o(.rev16_text), (4 bytes).
    Removing usbdmain.o(.revsh_text), (4 bytes).
    Removing usbdmain.o(.rrx_text), (6 bytes).
    Removing usbhw.o(.rev16_text), (4 bytes).
    Removing usbhw.o(.revsh_text), (4 bytes).
    Removing usbhw.o(.rrx_text), (6 bytes).
    Removing adcuser.o(.constdata), (6 bytes).
    Removing nowplaying.o(.constdata), (49201 bytes).
    Removing anos.o(.constdata), (20001 bytes).
    Removing giorno.o(.constdata), (20001 bytes).
    Removing goku.o(.constdata), (20001 bytes).
    Removing kaido.o(.constdata), (19801 bytes).
    Removing saitama.o(.constdata), (20001 bytes).
    Removing eventrecorder.o(.rev16_text), (4 bytes).
    Removing eventrecorder.o(.revsh_text), (4 bytes).
    Removing eventrecorder.o(.rrx_text), (6 bytes).
    Removing eventrecorder.o(.emb_text), (132 bytes).
    Removing eventrecorder.o(.text), (1560 bytes).
    Removing eventrecorder.o(.data), (1 bytes).
    Removing gpio_lpc17xx.o(.rev16_text), (4 bytes).
    Removing gpio_lpc17xx.o(.revsh_text), (4 bytes).
    Removing gpio_lpc17xx.o(.rrx_text), (6 bytes).
    Removing gpio_lpc17xx.o(.text), (204 bytes).
    Removing pin_lpc17xx.o(.rev16_text), (4 bytes).
    Removing pin_lpc17xx.o(.revsh_text), (4 bytes).
    Removing pin_lpc17xx.o(.rrx_text), (6 bytes).
    Removing pin_lpc17xx.o(.text), (316 bytes).
    Removing startup_lpc17xx.o(HEAP), (0 bytes).
    Removing system_lpc17xx.o(.rev16_text), (4 bytes).
    Removing system_lpc17xx.o(.revsh_text), (4 bytes).
    Removing system_lpc17xx.o(.rrx_text), (6 bytes).
    Removing rt_cmsis.o(.rev16_text), (4 bytes).
    Removing rt_cmsis.o(.revsh_text), (4 bytes).
    Removing rt_cmsis.o(.rrx_text), (6 bytes).
    Removing rt_cmsis.o(i.isrSemaphoreRelease), (40 bytes).
    Removing rt_cmsis.o(i.isrSignalSet), (36 bytes).
    Removing rt_cmsis.o(i.osDelay), (24 bytes).
    Removing rt_cmsis.o(i.osKernelRunning), (36 bytes).
    Removing rt_cmsis.o(i.osKernelSysTick), (24 bytes).
    Removing rt_cmsis.o(i.osMailAlloc), (28 bytes).
    Removing rt_cmsis.o(i.osMailCAlloc), (48 bytes).
    Removing rt_cmsis.o(i.osMailCreate), (44 bytes).
    Removing rt_cmsis.o(i.osMailFree), (28 bytes).
    Removing rt_cmsis.o(i.osMailGet), (22 bytes).
    Removing rt_cmsis.o(i.osMailPut), (20 bytes).
    Removing rt_cmsis.o(i.osMessageCreate), (44 bytes).
    Removing rt_cmsis.o(i.osMessagePut), (24 bytes).
    Removing rt_cmsis.o(i.osMutexCreate), (44 bytes).
    Removing rt_cmsis.o(i.osMutexDelete), (24 bytes).
    Removing rt_cmsis.o(i.osMutexRelease), (24 bytes).
    Removing rt_cmsis.o(i.osMutexWait), (24 bytes).
    Removing rt_cmsis.o(i.osPoolAlloc), (32 bytes).
    Removing rt_cmsis.o(i.osPoolCAlloc), (52 bytes).
    Removing rt_cmsis.o(i.osPoolCreate), (44 bytes).
    Removing rt_cmsis.o(i.osPoolFree), (32 bytes).
    Removing rt_cmsis.o(i.osSemaphoreCreate), (44 bytes).
    Removing rt_cmsis.o(i.osSemaphoreDelete), (24 bytes).
    Removing rt_cmsis.o(i.osSemaphoreRelease), (24 bytes).
    Removing rt_cmsis.o(i.osSemaphoreWait), (24 bytes).
    Removing rt_cmsis.o(i.osSignalClear), (24 bytes).
    Removing rt_cmsis.o(i.osSignalSet), (24 bytes).
    Removing rt_cmsis.o(i.osSignalWait), (24 bytes).
    Removing rt_cmsis.o(i.osThreadGetId), (24 bytes).
    Removing rt_cmsis.o(i.osThreadGetPriority), (24 bytes).
    Removing rt_cmsis.o(i.osThreadSetPriority), (24 bytes).
    Removing rt_cmsis.o(i.osThreadTerminate), (24 bytes).
    Removing rt_cmsis.o(i.osThreadYield), (24 bytes).
    Removing rt_cmsis.o(i.osTimerCreate), (44 bytes).
    Removing rt_cmsis.o(i.osTimerDelete), (24 bytes).
    Removing rt_cmsis.o(i.osTimerStart), (24 bytes).
    Removing rt_cmsis.o(i.osTimerStop), (24 bytes).
    Removing rt_cmsis.o(i.osWait), (4 bytes).
    Removing rt_cmsis.o(i.os_resume), (12 bytes).
    Removing rt_cmsis.o(i.os_suspend), (12 bytes).
    Removing rt_cmsis.o(i.rt_clr_box), (24 bytes).
    Removing rt_cmsis.o(i.rt_timer_remove), (60 bytes).
    Removing rt_cmsis.o(i.svcDelay), (18 bytes).
    Removing rt_cmsis.o(i.svcKernelRunning), (12 bytes).
    Removing rt_cmsis.o(i.svcKernelSysTick), (56 bytes).
    Removing rt_cmsis.o(i.svcMailCreate), (66 bytes).
    Removing rt_cmsis.o(i.svcMessagePut), (54 bytes).
    Removing rt_cmsis.o(i.svcMutexCreate), (28 bytes).
    Removing rt_cmsis.o(i.svcMutexDelete), (26 bytes).
    Removing rt_cmsis.o(i.svcMutexRelease), (34 bytes).
    Removing rt_cmsis.o(i.svcMutexWait), (58 bytes).
    Removing rt_cmsis.o(i.svcPoolCreate), (40 bytes).
    Removing rt_cmsis.o(i.svcSemaphoreCreate), (36 bytes).
    Removing rt_cmsis.o(i.svcSemaphoreDelete), (26 bytes).
    Removing rt_cmsis.o(i.svcSemaphoreRelease), (40 bytes).
    Removing rt_cmsis.o(i.svcSemaphoreWait), (50 bytes).
    Removing rt_cmsis.o(i.svcSignalClear), (36 bytes).
    Removing rt_cmsis.o(i.svcSignalSet), (36 bytes).
    Removing rt_cmsis.o(i.svcSignalWait), (84 bytes).
    Removing rt_cmsis.o(i.svcThreadGetPriority), (18 bytes).
    Removing rt_cmsis.o(i.svcThreadSetPriority), (46 bytes).
    Removing rt_cmsis.o(i.svcThreadYield), (10 bytes).
    Removing rt_cmsis.o(i.svcTimerCreate), (56 bytes).
    Removing rt_cmsis.o(i.svcTimerDelete), (40 bytes).
    Removing rt_cmsis.o(i.svcTimerStart), (100 bytes).
    Removing rt_cmsis.o(i.svcTimerStop), (36 bytes).
    Removing rt_cmsis.o(i.sysMailAlloc), (88 bytes).
    Removing rt_cmsis.o(i.sysMailFree), (96 bytes).
    Removing rt_cmsis.o(i.sysPoolAlloc), (10 bytes).
    Removing rt_cmsis.o(i.sysPoolFree), (20 bytes).
    Removing rt_cmsis.o(i.sysUserTimerUpdate), (48 bytes).
    Removing rt_cmsis.o(i.sysUserTimerWakeupTime), (20 bytes).
    Removing rt_task.o(i.rt_tsk_pass), (48 bytes).
    Removing rt_system.o(.emb_text), (0 bytes).
    Removing rt_system.o(i.os_tick_ovf), (16 bytes).
    Removing rt_system.o(i.os_tick_val), (20 bytes).
    Removing rt_system.o(i.rt_resume), (136 bytes).
    Removing rt_system.o(i.rt_suspend), (36 bytes).
    Removing rt_system.o(i.rt_tsk_lock), (80 bytes).
    Removing rt_system.o(i.rt_tsk_unlock), (80 bytes).
    Removing rt_event.o(i.isr_evt_set), (40 bytes).
    Removing rt_event.o(i.rt_evt_clr), (28 bytes).
    Removing rt_event.o(i.rt_evt_get), (12 bytes).
    Removing rt_event.o(i.rt_evt_set), (92 bytes).
    Removing rt_event.o(i.rt_evt_wait), (60 bytes).
    Removing rt_list.o(i.rt_get_same_rdy_prio), (36 bytes).
    Removing rt_mailbox.o(i.rt_mbx_send), (152 bytes).
    Removing rt_semaphore.o(i.isr_sem_send), (16 bytes).
    Removing rt_semaphore.o(i.rt_sem_delete), (92 bytes).
    Removing rt_semaphore.o(i.rt_sem_init), (12 bytes).
    Removing rt_semaphore.o(i.rt_sem_send), (42 bytes).
    Removing rt_semaphore.o(i.rt_sem_wait), (64 bytes).
    Removing rt_time.o(i.rt_dly_wait), (6 bytes).
    Removing rt_time.o(i.rt_itv_set), (24 bytes).
    Removing rt_time.o(i.rt_itv_wait), (40 bytes).
    Removing rt_time.o(i.rt_time_get), (12 bytes).
    Removing rt_mutex.o(i.rt_mut_delete), (176 bytes).
    Removing rt_mutex.o(i.rt_mut_init), (16 bytes).
    Removing rt_mutex.o(i.rt_mut_release), (216 bytes).
    Removing rt_mutex.o(i.rt_mut_wait), (120 bytes).
    Removing rt_membox.o(i._calloc_box), (30 bytes).
    Removing rt_robin.o(i.rt_chk_robin), (72 bytes).
    Removing rt_robin.o(i.rt_init_robin), (24 bytes).
    Removing rt_robin.o(.data), (8 bytes).

150 unused section(s) (total 155897 bytes) removed from the image.

==============================================================================

Image Symbol Table

    Local Symbols

    Symbol Name                              Value     Ov Type        Size  Object(Section)

    RESET                                    0x00000000   Section      204  startup_lpc17xx.o(RESET)
    ../clib/microlib/division.c              0x00000000   Number         0  uldiv.o ABSOLUTE
    ../clib/microlib/init/entry.s            0x00000000   Number         0  entry2.o ABSOLUTE
    ../clib/microlib/init/entry.s            0x00000000   Number         0  entry12a.o ABSOLUTE
    ../clib/microlib/init/entry.s            0x00000000   Number         0  entry12b.o ABSOLUTE
    ../clib/microlib/init/entry.s            0x00000000   Number         0  entry5.o ABSOLUTE
    ../clib/microlib/init/entry.s            0x00000000   Number         0  entry8a.o ABSOLUTE
    ../clib/microlib/init/entry.s            0x00000000   Number         0  entry8b.o ABSOLUTE
    ../clib/microlib/init/entry.s            0x00000000   Number         0  entry7b.o ABSOLUTE
    ../clib/microlib/init/entry.s            0x00000000   Number         0  entry7a.o ABSOLUTE
    ../clib/microlib/init/entry.s            0x00000000   Number         0  entry10a.o ABSOLUTE
    ../clib/microlib/init/entry.s            0x00000000   Number         0  entry10b.o ABSOLUTE
    ../clib/microlib/init/entry.s            0x00000000   Number         0  entry.o ABSOLUTE
    ../clib/microlib/init/entry.s            0x00000000   Number         0  entry11a.o ABSOLUTE
    ../clib/microlib/init/entry.s            0x00000000   Number         0  entry11b.o ABSOLUTE
    ../clib/microlib/longlong.c              0x00000000   Number         0  llshl.o ABSOLUTE
    ../clib/microlib/longlong.c              0x00000000   Number         0  llushr.o ABSOLUTE
    ../clib/microlib/string/memcpy.c         0x00000000   Number         0  memcpya.o ABSOLUTE
    ../clib/microlib/string/memcpy.c         0x00000000   Number         0  memcpyb.o ABSOLUTE
    ../clib/microlib/string/memset.c         0x00000000   Number         0  memseta.o ABSOLUTE
    ..\HAL_CM.c                              0x00000000   Number         0  hal_cm.o ABSOLUTE
    ..\\rt_CMSIS.c                           0x00000000   Number         0  rt_cmsis.o ABSOLUTE
    ..\\rt_System.c                          0x00000000   Number         0  rt_system.o ABSOLUTE
    ..\rt_CMSIS.c                            0x00000000   Number         0  rt_cmsis.o ABSOLUTE
    ..\rt_Event.c                            0x00000000   Number         0  rt_event.o ABSOLUTE
    ..\rt_List.c                             0x00000000   Number         0  rt_list.o ABSOLUTE
    ..\rt_Mailbox.c                          0x00000000   Number         0  rt_mailbox.o ABSOLUTE
    ..\rt_MemBox.c                           0x00000000   Number         0  rt_membox.o ABSOLUTE
    ..\rt_Memory.c                           0x00000000   Number         0  rt_memory.o ABSOLUTE
    ..\rt_Mutex.c                            0x00000000   Number         0  rt_mutex.o ABSOLUTE
    ..\rt_Robin.c                            0x00000000   Number         0  rt_robin.o ABSOLUTE
    ..\rt_Semaphore.c                        0x00000000   Number         0  rt_semaphore.o ABSOLUTE
    ..\rt_System.c                           0x00000000   Number         0  rt_system.o ABSOLUTE
    ..\rt_Task.c                             0x00000000   Number         0  rt_task.o ABSOLUTE
    ..\rt_Time.c                             0x00000000   Number         0  rt_time.o ABSOLUTE
    C:/Users/Thomas/AppData/Local/Arm/Packs/Keil/ARM_Compiler/1.7.2/Source/EventRecorder.c 0x00000000   Number         0  eventrecorder.o ABSOLUTE
    C:/Users/Thomas/AppData/Local/Arm/Packs/Keil/LPC1700_DFP/2.7.1/RTE_Driver/GPIO_LPC17xx.c 0x00000000   Number         0  gpio_lpc17xx.o ABSOLUTE
    C:/Users/Thomas/AppData/Local/Arm/Packs/Keil/LPC1700_DFP/2.7.1/RTE_Driver/PIN_LPC17xx.c 0x00000000   Number         0  pin_lpc17xx.o ABSOLUTE
    C:\Users\Thomas\AppData\Local\Arm\Packs\Keil\ARM_Compiler\1.7.2\Source\EventRecorder.c 0x00000000   Number         0  eventrecorder.o ABSOLUTE
    C:\Users\Thomas\AppData\Local\Arm\Packs\Keil\LPC1700_DFP\2.7.1\RTE_Driver\GPIO_LPC17xx.c 0x00000000   Number         0  gpio_lpc17xx.o ABSOLUTE
    C:\Users\Thomas\AppData\Local\Arm\Packs\Keil\LPC1700_DFP\2.7.1\RTE_Driver\PIN_LPC17xx.c 0x00000000   Number         0  pin_lpc17xx.o ABSOLUTE
    GLCD_SPI_LPC1700.c                       0x00000000   Number         0  glcd_spi_lpc1700.o ABSOLUTE
    GLCD_SPI_LPC1700.c                       0x00000000   Number         0  glcd_spi_lpc1700.o ABSOLUTE
    HAL_CM3.c                                0x00000000   Number         0  hal_cm3.o ABSOLUTE
    HAL_CM3.c                                0x00000000   Number         0  hal_cm3.o ABSOLUTE
    Images\anos.c                            0x00000000   Number         0  anos.o ABSOLUTE
    Images\giorno.c                          0x00000000   Number         0  giorno.o ABSOLUTE
    Images\goku.c                            0x00000000   Number         0  goku.o ABSOLUTE
    Images\kaido.c                           0x00000000   Number         0  kaido.o ABSOLUTE
    Images\saitama.c                         0x00000000   Number         0  saitama.o ABSOLUTE
    KBD.c                                    0x00000000   Number         0  kbd.o ABSOLUTE
    KBD.c                                    0x00000000   Number         0  kbd.o ABSOLUTE
    LED.c                                    0x00000000   Number         0  led.o ABSOLUTE
    LED.c                                    0x00000000   Number         0  led.o ABSOLUTE
    PhotoViewer.c                            0x00000000   Number         0  photoviewer.o ABSOLUTE
    RTE/CMSIS/RTX_Conf_CM.c                  0x00000000   Number         0  rtx_conf_cm.o ABSOLUTE
    RTE/Device/LPC1768/startup_LPC17xx.s     0x00000000   Number         0  startup_lpc17xx.o ABSOLUTE
    RTE/Device/LPC1768/system_LPC17xx.c      0x00000000   Number         0  system_lpc17xx.o ABSOLUTE
    RTE\Device\LPC1768\system_LPC17xx.c      0x00000000   Number         0  system_lpc17xx.o ABSOLUTE
    SVC_Table.s                              0x00000000   Number         0  svc_table.o ABSOLUTE
    USB Audio API\\usbdmain.c                0x00000000   Number         0  usbdmain.o ABSOLUTE
    USB Audio API\\usbhw.c                   0x00000000   Number         0  usbhw.o ABSOLUTE
    USB Audio API\adcuser.c                  0x00000000   Number         0  adcuser.o ABSOLUTE
    USB Audio API\nowplaying.c               0x00000000   Number         0  nowplaying.o ABSOLUTE
    USB Audio API\usbcore.c                  0x00000000   Number         0  usbcore.o ABSOLUTE
    USB Audio API\usbdesc.c                  0x00000000   Number         0  usbdesc.o ABSOLUTE
    USB Audio API\usbdmain.c                 0x00000000   Number         0  usbdmain.o ABSOLUTE
    USB Audio API\usbhw.c                    0x00000000   Number         0  usbhw.o ABSOLUTE
    USB Audio API\usbuser.c                  0x00000000   Number         0  usbuser.o ABSOLUTE
    dc.s                                     0x00000000   Number         0  dc.o ABSOLUTE
    handlers.s                               0x00000000   Number         0  handlers.o ABSOLUTE
    init.s                                   0x00000000   Number         0  init.o ABSOLUTE
    main.c                                   0x00000000   Number         0  main.o ABSOLUTE
    snake.c                                  0x00000000   Number         0  snake.o ABSOLUTE
    .ARM.Collect$$$$00000000                 0x000000cc   Section        0  entry.o(.ARM.Collect$$$$00000000)
    .ARM.Collect$$$$00000001                 0x000000cc   Section        4  entry2.o(.ARM.Collect$$$$00000001)
    .ARM.Collect$$$$00000004                 0x000000d0   Section        4  entry5.o(.ARM.Collect$$$$00000004)
    .ARM.Collect$$$$00000008                 0x000000d4   Section        0  entry7b.o(.ARM.Collect$$$$00000008)
    .ARM.Collect$$$$0000000A                 0x000000d4   Section        0  entry8b.o(.ARM.Collect$$$$0000000A)
    .ARM.Collect$$$$0000000E                 0x000000d4   Section        4  entry12b.o(.ARM.Collect$$$$0000000E)
    .ARM.Collect$$$$0000000F                 0x000000d8   Section        0  entry10a.o(.ARM.Collect$$$$0000000F)
    .ARM.Collect$$$$00000011                 0x000000d8   Section        0  entry11a.o(.ARM.Collect$$$$00000011)
    .ARM.Collect$$$$000000FF                 0x000000d8   Section        0  rtx_conf_cm.o(.ARM.Collect$$$$000000FF)
    .ARM.Collect$$$$00002712                 0x000000f0   Section        4  entry2.o(.ARM.Collect$$$$00002712)
    __lit__00000000                          0x000000f0   Data           4  entry2.o(.ARM.Collect$$$$00002712)
    .emb_text                                0x000000f4   Section      304  hal_cm3.o(.emb_text)
    .text                                    0x00000224   Section        0  kbd.o(.text)
    .text                                    0x00000280   Section        0  rtx_conf_cm.o(.text)
    .text                                    0x000002b8   Section       36  startup_lpc17xx.o(.text)
    .text                                    0x000002dc   Section        0  llshl.o(.text)
    i.__scatterload_null                     0x000002fa   Section        2  handlers.o(i.__scatterload_null)
    .ARM.__at_0x02FC                         0x000002fc   Section        4  startup_lpc17xx.o(.ARM.__at_0x02FC)
    .text                                    0x00000300   Section        0  glcd_spi_lpc1700.o(.text)
    delay                                    0x00000301   Thumb Code    14  glcd_spi_lpc1700.o(.text)
    spi_tran_man                             0x0000030f   Thumb Code   124  glcd_spi_lpc1700.o(.text)
    wr_cmd                                   0x0000038b   Thumb Code    36  glcd_spi_lpc1700.o(.text)
    wr_dat                                   0x000003af   Thumb Code    36  glcd_spi_lpc1700.o(.text)
    rd_reg                                   0x000003d3   Thumb Code    66  glcd_spi_lpc1700.o(.text)
    rd_id_man                                0x00000415   Thumb Code   132  glcd_spi_lpc1700.o(.text)
    spi_tran                                 0x00000e2b   Thumb Code    28  glcd_spi_lpc1700.o(.text)
    wr_dat_start                             0x00000e47   Thumb Code    16  glcd_spi_lpc1700.o(.text)
    wr_dat_stop                              0x00000e57   Thumb Code     8  glcd_spi_lpc1700.o(.text)
    wr_dat_only                              0x00000e5f   Thumb Code    18  glcd_spi_lpc1700.o(.text)
    wr_reg                                   0x00000e71   Thumb Code    20  glcd_spi_lpc1700.o(.text)
    .text                                    0x00000e9c   Section        0  main.o(.text)
    .text                                    0x00001014   Section        0  usbcore.o(.text)
    .text                                    0x000014a8   Section        0  usbdmain.o(.text)
    .text                                    0x00001770   Section        0  usbhw.o(.text)
    .text                                    0x00002010   Section        0  usbuser.o(.text)
    .text                                    0x000020f0   Section        0  adcuser.o(.text)
    .text                                    0x000021d8   Section        0  photoviewer.o(.text)
    .text                                    0x000023d4   Section        0  snake.o(.text)
    .text                                    0x000024e8   Section        0  system_lpc17xx.o(.text)
    .text                                    0x00002910   Section        0  uldiv.o(.text)
    .text                                    0x00002972   Section        0  memcpya.o(.text)
    .text                                    0x00002996   Section        0  llushr.o(.text)
    .text                                    0x000029b8   Section       36  init.o(.text)
    SVC_TABLE                                0x000029dc   Section        4  svc_table.o(SVC_TABLE)
    i.USB_ReqGetStatus                       0x000029e0   Section        0  usbcore.o(i.USB_ReqGetStatus)
    i.USB_ReqSetClrFeature                   0x00002aa0   Section        0  usbcore.o(i.USB_ReqSetClrFeature)
    i.USB_ReqSetConfiguration                0x00002b8c   Section        0  usbcore.o(i.USB_ReqSetConfiguration)
    i.USB_ReqSetInterface                    0x00002d44   Section        0  usbcore.o(i.USB_ReqSetInterface)
    i.__scatterload_copy                     0x00002e74   Section       14  handlers.o(i.__scatterload_copy)
    i.__scatterload_zeroinit                 0x00002e82   Section       14  handlers.o(i.__scatterload_zeroinit)
    i._init_box                              0x00002e90   Section        0  rt_membox.o(i._init_box)
    i.dbg_init                               0x00002ed8   Section        0  hal_cm.o(i.dbg_init)
    i.dbg_task_notify                        0x00002f08   Section        0  hal_cm.o(i.dbg_task_notify)
    i.dbg_task_switch                        0x00002f28   Section        0  hal_cm.o(i.dbg_task_switch)
    i.isrMessageGet                          0x00002f38   Section        0  rt_cmsis.o(i.isrMessageGet)
    i.isrMessagePut                          0x00002f62   Section        0  rt_cmsis.o(i.isrMessagePut)
    i.isr_mbx_receive                        0x00002f90   Section        0  rt_mailbox.o(i.isr_mbx_receive)
    i.isr_mbx_send                           0x00002fe6   Section        0  rt_mailbox.o(i.isr_mbx_send)
    i.osKernelInitialize                     0x00002ff4   Section        0  rt_cmsis.o(i.osKernelInitialize)
    i.osKernelStart                          0x00003018   Section        0  rt_cmsis.o(i.osKernelStart)
    i.osMessageGet                           0x00003084   Section        0  rt_cmsis.o(i.osMessageGet)
    i.osThreadCreate                         0x0000309c   Section        0  rt_cmsis.o(i.osThreadCreate)
    i.osThreadExit                           0x000030c8   Section        0  rt_cmsis.o(i.osThreadExit)
    i.osTimerCall                            0x000030e0   Section        0  rt_cmsis.o(i.osTimerCall)
    i.osTimerThread                          0x000030ec   Section        0  rt_cmsis.o(i.osTimerThread)
    i.os_tick_init                           0x00003118   Section        0  rt_system.o(i.os_tick_init)
    i.os_tick_irqack                         0x00003140   Section        0  rt_system.o(i.os_tick_irqack)
    i.rt_alloc_box                           0x00003142   Section        0  rt_membox.o(i.rt_alloc_box)
    i.rt_alloc_mem                           0x0000315c   Section        0  rt_memory.o(i.rt_alloc_mem)
    i.rt_block                               0x0000319c   Section        0  rt_task.o(i.rt_block)
    i.rt_dec_dly                             0x000031d4   Section        0  rt_list.o(i.rt_dec_dly)
    i.rt_dispatch                            0x00003244   Section        0  rt_task.o(i.rt_dispatch)
    i.rt_evt_psh                             0x00003288   Section        0  rt_event.o(i.rt_evt_psh)
    i.rt_free_box                            0x000032d8   Section        0  rt_membox.o(i.rt_free_box)
    i.rt_free_mem                            0x00003304   Section        0  rt_memory.o(i.rt_free_mem)
    i.rt_get_first                           0x0000332c   Section        0  rt_list.o(i.rt_get_first)
    i.rt_id2obj                              0x00003354   Section        0  rt_cmsis.o(i.rt_id2obj)
    rt_id2obj                                0x00003355   Thumb Code     8  rt_cmsis.o(i.rt_id2obj)
    i.rt_init_context                        0x0000335c   Section        0  rt_task.o(i.rt_init_context)
    rt_init_context                          0x0000335d   Thumb Code    66  rt_task.o(i.rt_init_context)
    i.rt_init_mem                            0x000033a4   Section        0  rt_memory.o(i.rt_init_mem)
    i.rt_init_stack                          0x000033c0   Section        0  hal_cm.o(i.rt_init_stack)
    i.rt_mbx_check                           0x00003440   Section        0  rt_mailbox.o(i.rt_mbx_check)
    i.rt_mbx_init                            0x00003448   Section        0  rt_mailbox.o(i.rt_mbx_init)
    i.rt_mbx_psh                             0x00003464   Section        0  rt_mailbox.o(i.rt_mbx_psh)
    i.rt_mbx_wait                            0x00003554   Section        0  rt_mailbox.o(i.rt_mbx_wait)
    i.rt_ms2tick                             0x00003608   Section        0  rt_cmsis.o(i.rt_ms2tick)
    rt_ms2tick                               0x00003609   Thumb Code    58  rt_cmsis.o(i.rt_ms2tick)
    i.rt_pop_req                             0x0000364c   Section        0  rt_system.o(i.rt_pop_req)
    i.rt_psh_req                             0x000036c8   Section        0  rt_system.o(i.rt_psh_req)
    i.rt_psq_enq                             0x000036e8   Section        0  rt_list.o(i.rt_psq_enq)
    i.rt_put_dly                             0x00003744   Section        0  rt_list.o(i.rt_put_dly)
    i.rt_put_prio                            0x0000378c   Section        0  rt_list.o(i.rt_put_prio)
    i.rt_put_rdy_first                       0x000037c4   Section        0  rt_list.o(i.rt_put_rdy_first)
    i.rt_resort_prio                         0x000037d8   Section        0  rt_list.o(i.rt_resort_prio)
    i.rt_ret_val                             0x0000380c   Section        0  hal_cm.o(i.rt_ret_val)
    i.rt_ret_val2                            0x00003812   Section        0  hal_cm.o(i.rt_ret_val2)
    i.rt_rmv_dly                             0x0000381a   Section        0  rt_list.o(i.rt_rmv_dly)
    i.rt_rmv_list                            0x00003844   Section        0  rt_list.o(i.rt_rmv_list)
    i.rt_sem_psh                             0x00003874   Section        0  rt_semaphore.o(i.rt_sem_psh)
    i.rt_stk_check                           0x000038a8   Section        0  rt_system.o(i.rt_stk_check)
    i.rt_switch_req                          0x000038cc   Section        0  rt_task.o(i.rt_switch_req)
    i.rt_sys_init                            0x000038f4   Section        0  rt_task.o(i.rt_sys_init)
    i.rt_sys_start                           0x000039c0   Section        0  rt_task.o(i.rt_sys_start)
    i.rt_systick                             0x00003a38   Section        0  rt_system.o(i.rt_systick)
    i.rt_tid2ptcb                            0x00003a78   Section        0  rt_cmsis.o(i.rt_tid2ptcb)
    rt_tid2ptcb                              0x00003a79   Thumb Code    18  rt_cmsis.o(i.rt_tid2ptcb)
    i.rt_timer_insert                        0x00003a8c   Section        0  rt_cmsis.o(i.rt_timer_insert)
    rt_timer_insert                          0x00003a8d   Thumb Code    48  rt_cmsis.o(i.rt_timer_insert)
    i.rt_tsk_create                          0x00003ac0   Section        0  rt_task.o(i.rt_tsk_create)
    i.rt_tsk_delete                          0x00003b48   Section        0  rt_task.o(i.rt_tsk_delete)
    i.rt_tsk_prio                            0x00003cc4   Section        0  rt_task.o(i.rt_tsk_prio)
    i.rt_tsk_self                            0x00003d40   Section        0  rt_task.o(i.rt_tsk_self)
    i.svcKernelInitialize                    0x00003d50   Section        0  rt_cmsis.o(i.svcKernelInitialize)
    i.svcKernelStart                         0x00003dc0   Section        0  rt_cmsis.o(i.svcKernelStart)
    i.svcMessageCreate                       0x00003e08   Section        0  rt_cmsis.o(i.svcMessageCreate)
    i.svcMessageGet                          0x00003e2c   Section        0  rt_cmsis.o(i.svcMessageGet)
    i.svcThreadCreate                        0x00003e68   Section        0  rt_cmsis.o(i.svcThreadCreate)
    i.svcThreadGetId                         0x00003ed4   Section        0  rt_cmsis.o(i.svcThreadGetId)
    i.svcThreadTerminate                     0x00003ef0   Section        0  rt_cmsis.o(i.svcThreadTerminate)
    i.svcTimerCall                           0x00003f28   Section        0  rt_cmsis.o(i.svcTimerCall)
    i.sysTimerTick                           0x00003f40   Section        0  rt_cmsis.o(i.sysTimerTick)
    .constdata                               0x00003f9c   Section     6272  glcd_spi_lpc1700.o(.constdata)
    .constdata                               0x0000581c   Section      768  main.o(.constdata)
    .constdata                               0x00005b1c   Section      228  usbdesc.o(.constdata)
    .constdata                               0x00005c00   Section    49201  usbdmain.o(.constdata)
    NOWPLAYING_pixel_data                    0x00005c00   Data       49201  usbdmain.o(.constdata)
    .constdata                               0x00011c34   Section       16  usbhw.o(.constdata)
    .constdata                               0x00011c44   Section       64  usbuser.o(.constdata)
    .constdata                               0x00011c84   Section    99805  photoviewer.o(.constdata)
    GIORNO_pixel_data                        0x00011c84   Data       20001  photoviewer.o(.constdata)
    ANOS_pixel_data                          0x00016aa5   Data       20001  photoviewer.o(.constdata)
    GIMP_IMAGE_pixel_data                    0x0001b8c6   Data       20001  photoviewer.o(.constdata)
    KAIDO_pixel_data                         0x000206e7   Data       19801  photoviewer.o(.constdata)
    SAITAMA_pixel_data                       0x00025440   Data       20001  photoviewer.o(.constdata)
    .constdata                               0x0002a264   Section     1024  snake.o(.constdata)
    .constdata                               0x0002a664   Section      104  rtx_conf_cm.o(.constdata)
    __tagsym$$used                           0x0002a680   Number         0  rtx_conf_cm.o(.constdata)
    __tagsym$$used                           0x0002a684   Number         0  rtx_conf_cm.o(.constdata)
    __tagsym$$used                           0x0002a688   Number         0  rtx_conf_cm.o(.constdata)
    __tagsym$$used                           0x0002a68c   Number         0  rtx_conf_cm.o(.constdata)
    .constdata                               0x0002a6cc   Section       24  eventrecorder.o(.constdata)
    __tagsym$$used                           0x0002a6cc   Number         0  eventrecorder.o(.constdata)
    .bss                                     0x10000000   Section    28816  rtx_conf_cm.o(.bss)
    .data                                    0x2007c000   Section        5  glcd_spi_lpc1700.o(.data)
    Color                                    0x2007c000   Data           4  glcd_spi_lpc1700.o(.data)
    Himax                                    0x2007c004   Data           1  glcd_spi_lpc1700.o(.data)
    .data                                    0x2007c008   Section       40  usbcore.o(.data)
    .data                                    0x2007c030   Section       32  usbdmain.o(.data)
    .data                                    0x2007c050   Section        8  usbhw.o(.data)
    .data                                    0x2007c058   Section        2  adcuser.o(.data)
    .data                                    0x2007c05c   Section       20  rtx_conf_cm.o(.data)
    .data                                    0x2007c070   Section        8  system_lpc17xx.o(.data)
    .data                                    0x2007c078   Section        8  rt_cmsis.o(.data)
    .data                                    0x2007c080   Section        8  rt_task.o(.data)
    .data                                    0x2007c088   Section        8  rt_system.o(.data)
    os_lock                                  0x2007c088   Data           1  rt_system.o(.data)
    os_psh_flag                              0x2007c089   Data           1  rt_system.o(.data)
    pend_flags                               0x2007c08a   Data           1  rt_system.o(.data)
    .data                                    0x2007c090   Section        4  rt_time.o(.data)
    .data                                    0x2007c094   Section        1  hal_cm.o(.data)
    .bss                                     0x2007c098   Section       64  usbcore.o(.bss)
    .bss                                     0x2007c0d8   Section      128  usbhw.o(.bss)
    .bss                                     0x2007c158   Section       52  rt_task.o(.bss)
    .bss                                     0x2007c18c   Section       48  rt_list.o(.bss)
    .bss.noinit                              0x2007c1c0   Section     1188  eventrecorder.o(.bss.noinit)
    EventBuffer                              0x2007c1c0   Data        1024  eventrecorder.o(.bss.noinit)
    EventFilter                              0x2007c5c0   Data         128  eventrecorder.o(.bss.noinit)
    EventStatus                              0x2007c640   Data          36  eventrecorder.o(.bss.noinit)
    STACK                                    0x2007c668   Section      512  startup_lpc17xx.o(STACK)
    USB_RAM                                  0x2007c868   Section      544  usbhw.o(USB_RAM)

    Global Symbols

    Symbol Name                              Value     Ov Type        Size  Object(Section)

    BuildAttributes$$THM_ISAv4$P$D$K$B$S$PE$A:L22UL41UL21$X:L11$S22US41US21$IEEE1$IW$USESV6$~STKCKD$USESV7$~SHL$OSPACE$EBA8$MICROLIB$REQ8$PRES8$EABIv2 0x00000000   Number         0  anon$$obj.o ABSOLUTE
    __ARM_use_no_argv                        0x00000000   Number         0  main.o ABSOLUTE
    __Vectors                                0x00000000   Data           4  startup_lpc17xx.o(RESET)
    __arm_fini_                               - Undefined Weak Reference
    __cpp_initialize__aeabi_                  - Undefined Weak Reference
    __cxa_finalize                            - Undefined Weak Reference
    __decompress                              - Undefined Weak Reference
    _clock_init                               - Undefined Weak Reference
    _microlib_exit                            - Undefined Weak Reference
    __main                                   0x000000cd   Thumb Code     0  entry.o(.ARM.Collect$$$$00000000)
    _main_stk                                0x000000cd   Thumb Code     0  entry2.o(.ARM.Collect$$$$00000001)
    _main_scatterload                        0x000000d1   Thumb Code     0  entry5.o(.ARM.Collect$$$$00000004)
    __main_after_scatterload                 0x000000d5   Thumb Code     0  entry5.o(.ARM.Collect$$$$00000004)
    __rt_lib_shutdown_fini                   0x000000d5   Thumb Code     0  entry12b.o(.ARM.Collect$$$$0000000E)
    _main_clock                              0x000000d5   Thumb Code     0  entry7b.o(.ARM.Collect$$$$00000008)
    _main_cpp_init                           0x000000d5   Thumb Code     0  entry8b.o(.ARM.Collect$$$$0000000A)
    __rt_final_cpp                           0x000000d9   Thumb Code     0  entry10a.o(.ARM.Collect$$$$0000000F)
    __rt_final_exit                          0x000000d9   Thumb Code     0  entry11a.o(.ARM.Collect$$$$00000011)
    _main_init                               0x000000d9   Thumb Code    18  rtx_conf_cm.o(.ARM.Collect$$$$000000FF)
    rt_set_PSP                               0x000000f5   Thumb Code     6  hal_cm3.o(.emb_text)
    rt_get_PSP                               0x000000fb   Thumb Code     6  hal_cm3.o(.emb_text)
    os_set_env                               0x00000101   Thumb Code    24  hal_cm3.o(.emb_text)
    _alloc_box                               0x0000011d   Thumb Code    28  hal_cm3.o(.emb_text)
    _free_box                                0x0000013d   Thumb Code    28  hal_cm3.o(.emb_text)
    SVC_Handler                              0x0000015d   Thumb Code   108  hal_cm3.o(.emb_text)
    PendSV_Handler                           0x000001d5   Thumb Code    56  hal_cm3.o(.emb_text)
    SysTick_Handler                          0x00000211   Thumb Code     8  hal_cm3.o(.emb_text)
    OS_Tick_Handler                          0x00000219   Thumb Code    12  hal_cm3.o(.emb_text)
    KBD_Init                                 0x00000225   Thumb Code    42  kbd.o(.text)
    KBD_get                                  0x0000024f   Thumb Code    12  kbd.o(.text)
    get_button                               0x0000025b   Thumb Code    20  kbd.o(.text)
    os_idle_demon                            0x00000281   Thumb Code    14  rtx_conf_cm.o(.text)
    os_error                                 0x0000028f   Thumb Code    34  rtx_conf_cm.o(.text)
    rt_init_robin                            0x000002b1   Thumb Code     2  rtx_conf_cm.o(.text)
    rt_chk_robin                             0x000002b3   Thumb Code     2  rtx_conf_cm.o(.text)
    Reset_Handler                            0x000002b9   Thumb Code     8  startup_lpc17xx.o(.text)
    NMI_Handler                              0x000002c1   Thumb Code     2  startup_lpc17xx.o(.text)
    HardFault_Handler                        0x000002c3   Thumb Code     2  startup_lpc17xx.o(.text)
    MemManage_Handler                        0x000002c5   Thumb Code     2  startup_lpc17xx.o(.text)
    BusFault_Handler                         0x000002c7   Thumb Code     2  startup_lpc17xx.o(.text)
    UsageFault_Handler                       0x000002c9   Thumb Code     2  startup_lpc17xx.o(.text)
    DebugMon_Handler                         0x000002cd   Thumb Code     2  startup_lpc17xx.o(.text)
    ADC_IRQHandler                           0x000002d3   Thumb Code     0  startup_lpc17xx.o(.text)
    BOD_IRQHandler                           0x000002d3   Thumb Code     0  startup_lpc17xx.o(.text)
    CANActivity_IRQHandler                   0x000002d3   Thumb Code     0  startup_lpc17xx.o(.text)
    CAN_IRQHandler                           0x000002d3   Thumb Code     0  startup_lpc17xx.o(.text)
    DMA_IRQHandler                           0x000002d3   Thumb Code     0  startup_lpc17xx.o(.text)
    EINT0_IRQHandler                         0x000002d3   Thumb Code     0  startup_lpc17xx.o(.text)
    EINT1_IRQHandler                         0x000002d3   Thumb Code     0  startup_lpc17xx.o(.text)
    EINT2_IRQHandler                         0x000002d3   Thumb Code     0  startup_lpc17xx.o(.text)
    EINT3_IRQHandler                         0x000002d3   Thumb Code     0  startup_lpc17xx.o(.text)
    ENET_IRQHandler                          0x000002d3   Thumb Code     0  startup_lpc17xx.o(.text)
    I2C0_IRQHandler                          0x000002d3   Thumb Code     0  startup_lpc17xx.o(.text)
    I2C1_IRQHandler                          0x000002d3   Thumb Code     0  startup_lpc17xx.o(.text)
    I2C2_IRQHandler                          0x000002d3   Thumb Code     0  startup_lpc17xx.o(.text)
    I2S_IRQHandler                           0x000002d3   Thumb Code     0  startup_lpc17xx.o(.text)
    MCPWM_IRQHandler                         0x000002d3   Thumb Code     0  startup_lpc17xx.o(.text)
    PLL0_IRQHandler                          0x000002d3   Thumb Code     0  startup_lpc17xx.o(.text)
    PLL1_IRQHandler                          0x000002d3   Thumb Code     0  startup_lpc17xx.o(.text)
    PWM1_IRQHandler                          0x000002d3   Thumb Code     0  startup_lpc17xx.o(.text)
    QEI_IRQHandler                           0x000002d3   Thumb Code     0  startup_lpc17xx.o(.text)
    RIT_IRQHandler                           0x000002d3   Thumb Code     0  startup_lpc17xx.o(.text)
    RTC_IRQHandler                           0x000002d3   Thumb Code     0  startup_lpc17xx.o(.text)
    SPI_IRQHandler                           0x000002d3   Thumb Code     0  startup_lpc17xx.o(.text)
    SSP0_IRQHandler                          0x000002d3   Thumb Code     0  startup_lpc17xx.o(.text)
    SSP1_IRQHandler                          0x000002d3   Thumb Code     0  startup_lpc17xx.o(.text)
    TIMER1_IRQHandler                        0x000002d3   Thumb Code     0  startup_lpc17xx.o(.text)
    TIMER2_IRQHandler                        0x000002d3   Thumb Code     0  startup_lpc17xx.o(.text)
    TIMER3_IRQHandler                        0x000002d3   Thumb Code     0  startup_lpc17xx.o(.text)
    UART0_IRQHandler                         0x000002d3   Thumb Code     0  startup_lpc17xx.o(.text)
    UART1_IRQHandler                         0x000002d3   Thumb Code     0  startup_lpc17xx.o(.text)
    UART2_IRQHandler                         0x000002d3   Thumb Code     0  startup_lpc17xx.o(.text)
    UART3_IRQHandler                         0x000002d3   Thumb Code     0  startup_lpc17xx.o(.text)
    USBActivity_IRQHandler                   0x000002d3   Thumb Code     0  startup_lpc17xx.o(.text)
    WDT_IRQHandler                           0x000002d3   Thumb Code     0  startup_lpc17xx.o(.text)
    __aeabi_llsl                             0x000002dd   Thumb Code    30  llshl.o(.text)
    _ll_shift_l                              0x000002dd   Thumb Code     0  llshl.o(.text)
    __scatterload_null                       0x000002fb   Thumb Code     2  handlers.o(i.__scatterload_null)
    __RL_RTX_VER                             0x00000482   Number         0  rt_system.o ABSOLUTE
    GLCD_Init                                0x00000499   Thumb Code  1506  glcd_spi_lpc1700.o(.text)
    GLCD_SetWindow                           0x00000a7b   Thumb Code   168  glcd_spi_lpc1700.o(.text)
    GLCD_WindowMax                           0x00000b23   Thumb Code    26  glcd_spi_lpc1700.o(.text)
    GLCD_PutPixel                            0x00000b3d   Thumb Code   118  glcd_spi_lpc1700.o(.text)
    GLCD_SetTextColor                        0x00000bb3   Thumb Code     6  glcd_spi_lpc1700.o(.text)
    GLCD_SetBackColor                        0x00000bb9   Thumb Code     6  glcd_spi_lpc1700.o(.text)
    GLCD_Clear                               0x00000bbf   Thumb Code    42  glcd_spi_lpc1700.o(.text)
    GLCD_DrawChar                            0x00000be9   Thumb Code   150  glcd_spi_lpc1700.o(.text)
    GLCD_DisplayChar                         0x00000c7f   Thumb Code    84  glcd_spi_lpc1700.o(.text)
    GLCD_DisplayString                       0x00000cd3   Thumb Code    40  glcd_spi_lpc1700.o(.text)
    GLCD_ClearLn                             0x00000cfb   Thumb Code    94  glcd_spi_lpc1700.o(.text)
    GLCD_Bargraph                            0x00000d59   Thumb Code    98  glcd_spi_lpc1700.o(.text)
    GLCD_Bitmap                              0x00000dbb   Thumb Code    82  glcd_spi_lpc1700.o(.text)
    GLCD_ScrollVertical                      0x00000e0d   Thumb Code     2  glcd_spi_lpc1700.o(.text)
    GLCD_WrCmd                               0x00000e0f   Thumb Code    12  glcd_spi_lpc1700.o(.text)
    GLCD_WrReg                               0x00000e1b   Thumb Code    16  glcd_spi_lpc1700.o(.text)
    Initialize_LPC1768                       0x00000e9d   Thumb Code    48  main.o(.text)
    Delay                                    0x00000ecd   Thumb Code    24  main.o(.text)
    UpdateItemSelection                      0x00000ee5   Thumb Code    46  main.o(.text)
    UpdateGlcdItemSelection                  0x00000f13   Thumb Code   102  main.o(.text)
    OpenSelectedItem                         0x00000f79   Thumb Code    72  main.o(.text)
    main                                     0x00000fc1   Thumb Code    54  main.o(.text)
    USB_ResetCore                            0x00001015   Thumb Code    34  usbcore.o(.text)
    USB_SetupStage                           0x00001037   Thumb Code    12  usbcore.o(.text)
    USB_DataInStage                          0x00001043   Thumb Code    52  usbcore.o(.text)
    USB_DataOutStage                         0x00001077   Thumb Code    34  usbcore.o(.text)
    USB_StatusInStage                        0x00001099   Thumb Code    14  usbcore.o(.text)
    USB_StatusOutStage                       0x000010a7   Thumb Code    12  usbcore.o(.text)
    USB_ReqGetDescriptor                     0x000010b3   Thumb Code   164  usbcore.o(.text)
    USB_EndPoint0                            0x00001157   Thumb Code   842  usbcore.o(.text)
    get_potval                               0x000014a9   Thumb Code    58  usbdmain.o(.text)
    TIMER0_IRQHandler                        0x000014e3   Thumb Code   226  usbdmain.o(.text)
    LaunchMusicPlayer                        0x000015c5   Thumb Code   316  usbdmain.o(.text)
    EPAdr                                    0x00001771   Thumb Code    16  usbhw.o(.text)
    WrCmd                                    0x00001781   Thumb Code    30  usbhw.o(.text)
    WrCmdDat                                 0x0000179f   Thumb Code    58  usbhw.o(.text)
    WrCmdEP                                  0x000017d9   Thumb Code    78  usbhw.o(.text)
    RdCmdDat                                 0x00001827   Thumb Code    38  usbhw.o(.text)
    USB_SetAddress                           0x0000184d   Thumb Code    42  usbhw.o(.text)
    USB_Reset                                0x00001877   Thumb Code   174  usbhw.o(.text)
    USB_Init                                 0x00001925   Thumb Code   154  usbhw.o(.text)
    USB_Connect                              0x000019bf   Thumb Code    28  usbhw.o(.text)
    USB_Suspend                              0x000019db   Thumb Code     2  usbhw.o(.text)
    USB_Resume                               0x000019dd   Thumb Code     2  usbhw.o(.text)
    USB_WakeUp                               0x000019df   Thumb Code    22  usbhw.o(.text)
    USB_WakeUpCfg                            0x000019f5   Thumb Code     2  usbhw.o(.text)
    USB_Configure                            0x000019f7   Thumb Code    60  usbhw.o(.text)
    USB_ConfigEP                             0x00001a33   Thumb Code    68  usbhw.o(.text)
    USB_DirCtrlEP                            0x00001a77   Thumb Code     2  usbhw.o(.text)
    USB_EnableEP                             0x00001a79   Thumb Code    26  usbhw.o(.text)
    USB_DisableEP                            0x00001a93   Thumb Code    26  usbhw.o(.text)
    USB_ResetEP                              0x00001aad   Thumb Code    26  usbhw.o(.text)
    USB_SetStallEP                           0x00001ac7   Thumb Code    26  usbhw.o(.text)
    USB_ClrStallEP                           0x00001ae1   Thumb Code    26  usbhw.o(.text)
    USB_ClearEPBuf                           0x00001afb   Thumb Code    14  usbhw.o(.text)
    USB_ReadEP                               0x00001b09   Thumb Code   176  usbhw.o(.text)
    USB_WriteEP                              0x00001bb9   Thumb Code    70  usbhw.o(.text)
    USB_DMA_Setup                            0x00001bff   Thumb Code   248  usbhw.o(.text)
    USB_DMA_Enable                           0x00001cf7   Thumb Code    22  usbhw.o(.text)
    USB_DMA_Disable                          0x00001d0d   Thumb Code    22  usbhw.o(.text)
    USB_DMA_Status                           0x00001d23   Thumb Code    76  usbhw.o(.text)
    USB_DMA_BufAdr                           0x00001d6f   Thumb Code    30  usbhw.o(.text)
    USB_DMA_BufCnt                           0x00001d8d   Thumb Code    30  usbhw.o(.text)
    USB_GetFrame                             0x00001dab   Thumb Code    30  usbhw.o(.text)
    USB_IRQHandler                           0x00001dc9   Thumb Code   576  usbhw.o(.text)
    USB_Reset_Event                          0x00002011   Thumb Code     8  usbuser.o(.text)
    USB_SOF_Event                            0x00002019   Thumb Code     2  usbuser.o(.text)
    USB_EndPoint1                            0x0000201b   Thumb Code     2  usbuser.o(.text)
    USB_EndPoint2                            0x0000201d   Thumb Code     2  usbuser.o(.text)
    USB_EndPoint3                            0x0000201f   Thumb Code   164  usbuser.o(.text)
    USB_EndPoint4                            0x000020c3   Thumb Code     2  usbuser.o(.text)
    USB_EndPoint5                            0x000020c5   Thumb Code     2  usbuser.o(.text)
    USB_EndPoint6                            0x000020c7   Thumb Code     2  usbuser.o(.text)
    USB_EndPoint7                            0x000020c9   Thumb Code     2  usbuser.o(.text)
    USB_EndPoint8                            0x000020cb   Thumb Code     2  usbuser.o(.text)
    USB_EndPoint9                            0x000020cd   Thumb Code     2  usbuser.o(.text)
    USB_EndPoint10                           0x000020cf   Thumb Code     2  usbuser.o(.text)
    USB_EndPoint11                           0x000020d1   Thumb Code     2  usbuser.o(.text)
    USB_EndPoint12                           0x000020d3   Thumb Code     2  usbuser.o(.text)
    USB_EndPoint13                           0x000020d5   Thumb Code     2  usbuser.o(.text)
    USB_EndPoint14                           0x000020d7   Thumb Code     2  usbuser.o(.text)
    USB_EndPoint15                           0x000020d9   Thumb Code     2  usbuser.o(.text)
    ADC_IF_GetRequest                        0x000020f1   Thumb Code   128  adcuser.o(.text)
    ADC_IF_SetRequest                        0x00002171   Thumb Code    80  adcuser.o(.text)
    ADC_EP_GetRequest                        0x000021c1   Thumb Code     4  adcuser.o(.text)
    ADC_EP_SetRequest                        0x000021c5   Thumb Code     4  adcuser.o(.text)
    DisplayImage                             0x000021d9   Thumb Code   172  photoviewer.o(.text)
    StartPhotoViewer                         0x00002285   Thumb Code   140  photoviewer.o(.text)
    UpdateDifficultyGlcdSelection            0x000023d5   Thumb Code   102  snake.o(.text)
    InitializeSnakeGame                      0x0000243b   Thumb Code   146  snake.o(.text)
    SystemCoreClockUpdate                    0x000024e9   Thumb Code   408  system_lpc17xx.o(.text)
    SystemInit                               0x00002681   Thumb Code   314  system_lpc17xx.o(.text)
    SystemClockUpdate                        0x000027bb   Thumb Code   332  system_lpc17xx.o(.text)
    __aeabi_uldivmod                         0x00002911   Thumb Code    98  uldiv.o(.text)
    __aeabi_memcpy                           0x00002973   Thumb Code    36  memcpya.o(.text)
    __aeabi_memcpy4                          0x00002973   Thumb Code     0  memcpya.o(.text)
    __aeabi_memcpy8                          0x00002973   Thumb Code     0  memcpya.o(.text)
    __aeabi_llsr                             0x00002997   Thumb Code    32  llushr.o(.text)
    _ll_ushift_r                             0x00002997   Thumb Code     0  llushr.o(.text)
    __scatterload                            0x000029b9   Thumb Code    28  init.o(.text)
    __scatterload_rt2                        0x000029b9   Thumb Code     0  init.o(.text)
    SVC_Count                                0x000029dc   Data           4  svc_table.o(SVC_TABLE)
    SVC_Table                                0x000029e0   Data           0  svc_table.o(SVC_TABLE)
    USB_ReqGetStatus                         0x000029e1   Thumb Code   160  usbcore.o(i.USB_ReqGetStatus)
    USB_ReqSetClrFeature                     0x00002aa1   Thumb Code   210  usbcore.o(i.USB_ReqSetClrFeature)
    USB_ReqSetConfiguration                  0x00002b8d   Thumb Code   402  usbcore.o(i.USB_ReqSetConfiguration)
    USB_ReqSetInterface                      0x00002d45   Thumb Code   278  usbcore.o(i.USB_ReqSetInterface)
    __scatterload_copy                       0x00002e75   Thumb Code    14  handlers.o(i.__scatterload_copy)
    __scatterload_zeroinit                   0x00002e83   Thumb Code    14  handlers.o(i.__scatterload_zeroinit)
    _init_box                                0x00002e91   Thumb Code    70  rt_membox.o(i._init_box)
    dbg_init                                 0x00002ed9   Thumb Code    34  hal_cm.o(i.dbg_init)
    dbg_task_notify                          0x00002f09   Thumb Code    32  hal_cm.o(i.dbg_task_notify)
    dbg_task_switch                          0x00002f29   Thumb Code    16  hal_cm.o(i.dbg_task_switch)
    isrMessageGet                            0x00002f39   Thumb Code    42  rt_cmsis.o(i.isrMessageGet)
    isrMessagePut                            0x00002f63   Thumb Code    44  rt_cmsis.o(i.isrMessagePut)
    isr_mbx_receive                          0x00002f91   Thumb Code    86  rt_mailbox.o(i.isr_mbx_receive)
    isr_mbx_send                             0x00002fe7   Thumb Code    14  rt_mailbox.o(i.isr_mbx_send)
    osKernelInitialize                       0x00002ff5   Thumb Code    30  rt_cmsis.o(i.osKernelInitialize)
    osKernelStart                            0x00003019   Thumb Code    98  rt_cmsis.o(i.osKernelStart)
    osMessageGet                             0x00003085   Thumb Code    18  rt_cmsis.o(i.osMessageGet)
    osThreadCreate                           0x0000309d   Thumb Code    36  rt_cmsis.o(i.osThreadCreate)
    osThreadExit                             0x000030c9   Thumb Code    14  rt_cmsis.o(i.osThreadExit)
    osTimerCall                              0x000030e1   Thumb Code     8  rt_cmsis.o(i.osTimerCall)
    osTimerThread                            0x000030ed   Thumb Code    38  rt_cmsis.o(i.osTimerThread)
    os_tick_init                             0x00003119   Thumb Code    32  rt_system.o(i.os_tick_init)
    os_tick_irqack                           0x00003141   Thumb Code     2  rt_system.o(i.os_tick_irqack)
    rt_alloc_box                             0x00003143   Thumb Code    26  rt_membox.o(i.rt_alloc_box)
    rt_alloc_mem                             0x0000315d   Thumb Code    62  rt_memory.o(i.rt_alloc_mem)
    rt_block                                 0x0000319d   Thumb Code    48  rt_task.o(i.rt_block)
    rt_dec_dly                               0x000031d5   Thumb Code   102  rt_list.o(i.rt_dec_dly)
    rt_dispatch                              0x00003245   Thumb Code    60  rt_task.o(i.rt_dispatch)
    rt_evt_psh                               0x00003289   Thumb Code    76  rt_event.o(i.rt_evt_psh)
    rt_free_box                              0x000032d9   Thumb Code    44  rt_membox.o(i.rt_free_box)
    rt_free_mem                              0x00003305   Thumb Code    40  rt_memory.o(i.rt_free_mem)
    rt_get_first                             0x0000332d   Thumb Code    40  rt_list.o(i.rt_get_first)
    rt_init_mem                              0x000033a5   Thumb Code    26  rt_memory.o(i.rt_init_mem)
    rt_init_stack                            0x000033c1   Thumb Code   118  hal_cm.o(i.rt_init_stack)
    rt_mbx_check                             0x00003441   Thumb Code     8  rt_mailbox.o(i.rt_mbx_check)
    rt_mbx_init                              0x00003449   Thumb Code    26  rt_mailbox.o(i.rt_mbx_init)
    rt_mbx_psh                               0x00003465   Thumb Code   236  rt_mailbox.o(i.rt_mbx_psh)
    rt_mbx_wait                              0x00003555   Thumb Code   174  rt_mailbox.o(i.rt_mbx_wait)
    rt_pop_req                               0x0000364d   Thumb Code   112  rt_system.o(i.rt_pop_req)
    rt_psh_req                               0x000036c9   Thumb Code    22  rt_system.o(i.rt_psh_req)
    rt_psq_enq                               0x000036e9   Thumb Code    88  rt_list.o(i.rt_psq_enq)
    rt_put_dly                               0x00003745   Thumb Code    68  rt_list.o(i.rt_put_dly)
    rt_put_prio                              0x0000378d   Thumb Code    54  rt_list.o(i.rt_put_prio)
    rt_put_rdy_first                         0x000037c5   Thumb Code    14  rt_list.o(i.rt_put_rdy_first)
    rt_resort_prio                           0x000037d9   Thumb Code    46  rt_list.o(i.rt_resort_prio)
    rt_ret_val                               0x0000380d   Thumb Code     6  hal_cm.o(i.rt_ret_val)
    rt_ret_val2                              0x00003813   Thumb Code     8  hal_cm.o(i.rt_ret_val2)
    rt_rmv_dly                               0x0000381b   Thumb Code    40  rt_list.o(i.rt_rmv_dly)
    rt_rmv_list                              0x00003845   Thumb Code    44  rt_list.o(i.rt_rmv_list)
    rt_sem_psh                               0x00003875   Thumb Code    48  rt_semaphore.o(i.rt_sem_psh)
    rt_stk_check                             0x000038a9   Thumb Code    28  rt_system.o(i.rt_stk_check)
    rt_switch_req                            0x000038cd   Thumb Code    30  rt_task.o(i.rt_switch_req)
    rt_sys_init                              0x000038f5   Thumb Code   138  rt_task.o(i.rt_sys_init)
    rt_sys_start                             0x000039c1   Thumb Code   110  rt_task.o(i.rt_sys_start)
    rt_systick                               0x00003a39   Thumb Code    50  rt_system.o(i.rt_systick)
    rt_tsk_create                            0x00003ac1   Thumb Code   118  rt_task.o(i.rt_tsk_create)
    rt_tsk_delete                            0x00003b49   Thumb Code   352  rt_task.o(i.rt_tsk_delete)
    rt_tsk_prio                              0x00003cc5   Thumb Code   108  rt_task.o(i.rt_tsk_prio)
    rt_tsk_self                              0x00003d41   Thumb Code    12  rt_task.o(i.rt_tsk_self)
    svcKernelInitialize                      0x00003d51   Thumb Code    80  rt_cmsis.o(i.svcKernelInitialize)
    svcKernelStart                           0x00003dc1   Thumb Code    62  rt_cmsis.o(i.svcKernelStart)
    svcMessageCreate                         0x00003e09   Thumb Code    36  rt_cmsis.o(i.svcMessageCreate)
    svcMessageGet                            0x00003e2d   Thumb Code    58  rt_cmsis.o(i.svcMessageGet)
    svcThreadCreate                          0x00003e69   Thumb Code    96  rt_cmsis.o(i.svcThreadCreate)
    svcThreadGetId                           0x00003ed5   Thumb Code    22  rt_cmsis.o(i.svcThreadGetId)
    svcThreadTerminate                       0x00003ef1   Thumb Code    50  rt_cmsis.o(i.svcThreadTerminate)
    svcTimerCall                             0x00003f29   Thumb Code    24  rt_cmsis.o(i.svcTimerCall)
    sysTimerTick                             0x00003f41   Thumb Code    84  rt_cmsis.o(i.sysTimerTick)
    Font_6x8_h                               0x00003f9c   Data         896  glcd_spi_lpc1700.o(.constdata)
    Font_16x24_h                             0x0000431c   Data        5376  glcd_spi_lpc1700.o(.constdata)
    USB_DeviceDescriptor                     0x00005b1c   Data          18  usbdesc.o(.constdata)
    USB_ConfigDescriptor                     0x00005b2e   Data         110  usbdesc.o(.constdata)
    USB_StringDescriptor                     0x00005b9c   Data         100  usbdesc.o(.constdata)
    DDAdr                                    0x00011c34   Data           8  usbhw.o(.constdata)
    DDSz                                     0x00011c3c   Data           8  usbhw.o(.constdata)
    USB_P_EP                                 0x00011c44   Data          64  usbuser.o(.constdata)
    os_maxtaskrun                            0x0002a664   Data           2  rtx_conf_cm.o(.constdata)
    os_stackinfo                             0x0002a668   Data           4  rtx_conf_cm.o(.constdata)
    os_rrobin                                0x0002a66c   Data           4  rtx_conf_cm.o(.constdata)
    os_tickfreq                              0x0002a670   Data           4  rtx_conf_cm.o(.constdata)
    os_tickus_i                              0x0002a674   Data           2  rtx_conf_cm.o(.constdata)
    os_tickus_f                              0x0002a676   Data           2  rtx_conf_cm.o(.constdata)
    os_trv                                   0x0002a678   Data           4  rtx_conf_cm.o(.constdata)
    os_flags                                 0x0002a67c   Data           1  rtx_conf_cm.o(.constdata)
    CMSIS_RTOS_API_Version                   0x0002a680   Data           4  rtx_conf_cm.o(.constdata)
    CMSIS_RTOS_RTX_Version                   0x0002a684   Data           4  rtx_conf_cm.o(.constdata)
    os_clockrate                             0x0002a688   Data           4  rtx_conf_cm.o(.constdata)
    os_timernum                              0x0002a68c   Data           4  rtx_conf_cm.o(.constdata)
    mp_tcb_size                              0x0002a690   Data           2  rtx_conf_cm.o(.constdata)
    mp_stk_size                              0x0002a694   Data           4  rtx_conf_cm.o(.constdata)
    os_stack_sz                              0x0002a698   Data           4  rtx_conf_cm.o(.constdata)
    os_fifo_size                             0x0002a69c   Data           1  rtx_conf_cm.o(.constdata)
    os_thread_def_osTimerThread              0x0002a6a0   Data          16  rtx_conf_cm.o(.constdata)
    os_messageQ_def_osTimerMessageQ          0x0002a6b0   Data           8  rtx_conf_cm.o(.constdata)
    mp_tmr_size                              0x0002a6b8   Data           2  rtx_conf_cm.o(.constdata)
    os_thread_def_main                       0x0002a6bc   Data          16  rtx_conf_cm.o(.constdata)
    EventRecorderInfo                        0x0002a6cc   Data          24  eventrecorder.o(.constdata)
    Region$$Table$$Base                      0x0002a6e4   Number         0  anon$$obj.o(Region$$Table)
    Region$$Table$$Limit                     0x0002a714   Number         0  anon$$obj.o(Region$$Table)
    mp_tcb                                   0x10000000   Data         376  rtx_conf_cm.o(.bss)
    mp_stk                                   0x10000178   Data       24016  rtx_conf_cm.o(.bss)
    os_stack_mem                             0x10005f48   Data        4232  rtx_conf_cm.o(.bss)
    os_fifo                                  0x10006fd0   Data         132  rtx_conf_cm.o(.bss)
    os_active_TCB                            0x10007054   Data          28  rtx_conf_cm.o(.bss)
    os_messageQ_q_osTimerMessageQ            0x10007070   Data          32  rtx_conf_cm.o(.bss)
    USB_DeviceStatus                         0x2007c008   Data           2  usbcore.o(.data)
    USB_DeviceAddress                        0x2007c00a   Data           1  usbcore.o(.data)
    USB_Configuration                        0x2007c00b   Data           1  usbcore.o(.data)
    USB_EndPointMask                         0x2007c00c   Data           4  usbcore.o(.data)
    USB_EndPointHalt                         0x2007c010   Data           4  usbcore.o(.data)
    USB_EndPointStall                        0x2007c014   Data           4  usbcore.o(.data)
    USB_NumInterfaces                        0x2007c018   Data           1  usbcore.o(.data)
    USB_AltSetting                           0x2007c019   Data           4  usbcore.o(.data)
    EP0Data                                  0x2007c020   Data           8  usbcore.o(.data)
    SetupPacket                              0x2007c028   Data           8  usbcore.o(.data)
    Mute                                     0x2007c030   Data           1  usbdmain.o(.data)
    Volume                                   0x2007c034   Data           4  usbdmain.o(.data)
    InfoBuf                                  0x2007c038   Data           4  usbdmain.o(.data)
    DataBuf                                  0x2007c03c   Data           4  usbdmain.o(.data)
    DataOut                                  0x2007c040   Data           2  usbdmain.o(.data)
    DataIn                                   0x2007c042   Data           2  usbdmain.o(.data)
    DataRun                                  0x2007c044   Data           1  usbdmain.o(.data)
    PotVal                                   0x2007c046   Data           2  usbdmain.o(.data)
    VUM                                      0x2007c048   Data           4  usbdmain.o(.data)
    Tick                                     0x2007c04c   Data           4  usbdmain.o(.data)
    DDMemMap                                 0x2007c050   Data           8  usbhw.o(.data)
    VolCur                                   0x2007c058   Data           2  adcuser.o(.data)
    countIDLE                                0x2007c05c   Data           4  rtx_conf_cm.o(.data)
    osThreadId_osTimerThread                 0x2007c060   Data           4  rtx_conf_cm.o(.data)
    osMessageQId_osTimerMessageQ             0x2007c064   Data           4  rtx_conf_cm.o(.data)
    os_tmr                                   0x2007c068   Data           4  rtx_conf_cm.o(.data)
    m_tmr                                    0x2007c06c   Data           4  rtx_conf_cm.o(.data)
    SystemCoreClock                          0x2007c070   Data           4  system_lpc17xx.o(.data)
    SystemFrequency                          0x2007c074   Data           4  system_lpc17xx.o(.data)
    os_initialized                           0x2007c078   Data           1  rt_cmsis.o(.data)
    os_running                               0x2007c079   Data           1  rt_cmsis.o(.data)
    os_timer_head                            0x2007c07c   Data           4  rt_cmsis.o(.data)
    os_tsk                                   0x2007c080   Data           8  rt_task.o(.data)
    os_tick_irqn                             0x2007c08c   Data           4  rt_system.o(.data)
    os_time                                  0x2007c090   Data           4  rt_time.o(.data)
    dbg_msg                                  0x2007c094   Data           1  hal_cm.o(.data)
    EP0Buf                                   0x2007c098   Data          64  usbcore.o(.bss)
    udca                                     0x2007c0d8   Data         128  usbhw.o(.bss)
    os_idle_TCB                              0x2007c158   Data          52  rt_task.o(.bss)
    os_rdy                                   0x2007c18c   Data          24  rt_list.o(.bss)
    os_dly                                   0x2007c1a4   Data          24  rt_list.o(.bss)
    UDCA                                     0x2007c868   Data         128  usbhw.o(USB_RAM)
    __initial_sp                             0x2007c868   Data           0  startup_lpc17xx.o(STACK)
    DD_NISO_Mem                              0x2007c8e8   Data         256  usbhw.o(USB_RAM)
    DD_ISO_Mem                               0x2007c9e8   Data         160  usbhw.o(USB_RAM)



==============================================================================

Memory Map of the image

  Image Entry point : 0x000000cd

  Load Region LR_IROM1 (Base: 0x00000000, Size: 0x0002a7ac, Max: 0x00080000, ABSOLUTE)

    Execution Region ER_IROM1 (Exec base: 0x00000000, Load base: 0x00000000, Size: 0x0002a714, Max: 0x00080000, ABSOLUTE)

    Exec Addr    Load Addr    Size         Type   Attr      Idx    E Section Name        Object

    0x00000000   0x00000000   0x000000cc   Data   RO          628    RESET               startup_lpc17xx.o
    0x000000cc   0x000000cc   0x00000000   Code   RO         1877  * .ARM.Collect$$$$00000000  mc_w.l(entry.o)
    0x000000cc   0x000000cc   0x00000004   Code   RO         1888    .ARM.Collect$$$$00000001  mc_w.l(entry2.o)
    0x000000d0   0x000000d0   0x00000004   Code   RO         1891    .ARM.Collect$$$$00000004  mc_w.l(entry5.o)
    0x000000d4   0x000000d4   0x00000000   Code   RO         1893    .ARM.Collect$$$$00000008  mc_w.l(entry7b.o)
    0x000000d4   0x000000d4   0x00000000   Code   RO         1895    .ARM.Collect$$$$0000000A  mc_w.l(entry8b.o)
    0x000000d4   0x000000d4   0x00000004   Code   RO         1901    .ARM.Collect$$$$0000000E  mc_w.l(entry12b.o)
    0x000000d8   0x000000d8   0x00000000   Code   RO         1896    .ARM.Collect$$$$0000000F  mc_w.l(entry10a.o)
    0x000000d8   0x000000d8   0x00000000   Code   RO         1898    .ARM.Collect$$$$00000011  mc_w.l(entry11a.o)
    0x000000d8   0x000000d8   0x00000018   Code   RO          488    .ARM.Collect$$$$000000FF  rtx_conf_cm.o
    0x000000f0   0x000000f0   0x00000004   Code   RO         1889    .ARM.Collect$$$$00002712  mc_w.l(entry2.o)
    0x000000f4   0x000000f4   0x00000130   Code   RO         1864    .emb_text           RTX_CM3.lib(hal_cm3.o)
    0x00000224   0x00000224   0x0000005c   Code   RO          107    .text               kbd.o
    0x00000280   0x00000280   0x00000038   Code   RO          489    .text               rtx_conf_cm.o
    0x000002b8   0x000002b8   0x00000024   Code   RO          630    .text               startup_lpc17xx.o
    0x000002dc   0x000002dc   0x0000001e   Code   RO         1902    .text               mc_w.l(llshl.o)
    0x000002fa   0x000002fa   0x00000002   Code   RO         1911    i.__scatterload_null  mc_w.l(handlers.o)
    0x000002fc   0x000002fc   0x00000004   Code   RO          629    .ARM.__at_0x02FC    startup_lpc17xx.o
    0x00000300   0x00000300   0x00000b9c   Code   RO            4    .text               glcd_spi_lpc1700.o
    0x00000e9c   0x00000e9c   0x00000178   Code   RO          141    .text               main.o
    0x00001014   0x00001014   0x00000494   Code   RO          175    .text               usbcore.o
    0x000014a8   0x000014a8   0x000002c8   Code   RO          268    .text               usbdmain.o
    0x00001770   0x00001770   0x000008a0   Code   RO          322    .text               usbhw.o
    0x00002010   0x00002010   0x000000e0   Code   RO          356    .text               usbuser.o
    0x000020f0   0x000020f0   0x000000e8   Code   RO          378    .text               adcuser.o
    0x000021d8   0x000021d8   0x000001fc   Code   RO          406    .text               photoviewer.o
    0x000023d4   0x000023d4   0x00000114   Code   RO          475    .text               snake.o
    0x000024e8   0x000024e8   0x00000428   Code   RO          639    .text               system_lpc17xx.o
    0x00002910   0x00002910   0x00000062   Code   RO         1880    .text               mc_w.l(uldiv.o)
    0x00002972   0x00002972   0x00000024   Code   RO         1882    .text               mc_w.l(memcpya.o)
    0x00002996   0x00002996   0x00000020   Code   RO         1904    .text               mc_w.l(llushr.o)
    0x000029b6   0x000029b6   0x00000002   PAD
    0x000029b8   0x000029b8   0x00000024   Code   RO         1906    .text               mc_w.l(init.o)
    0x000029dc   0x000029dc   0x00000004   Code   RO         1874    SVC_TABLE           RTX_CM3.lib(svc_table.o)
    0x000029e0   0x000029e0   0x000000c0   Code   RO          188    i.USB_ReqGetStatus  usbcore.o
    0x00002aa0   0x00002aa0   0x000000ec   Code   RO          194    i.USB_ReqSetClrFeature  usbcore.o
    0x00002b8c   0x00002b8c   0x000001b8   Code   RO          200    i.USB_ReqSetConfiguration  usbcore.o
    0x00002d44   0x00002d44   0x00000130   Code   RO          206    i.USB_ReqSetInterface  usbcore.o
    0x00002e74   0x00002e74   0x0000000e   Code   RO         1910    i.__scatterload_copy  mc_w.l(handlers.o)
    0x00002e82   0x00002e82   0x0000000e   Code   RO         1912    i.__scatterload_zeroinit  mc_w.l(handlers.o)
    0x00002e90   0x00002e90   0x00000046   Code   RO         1742    i._init_box         RTX_CM3.lib(rt_membox.o)
    0x00002ed6   0x00002ed6   0x00000002   PAD
    0x00002ed8   0x00002ed8   0x00000030   Code   RO         1795    i.dbg_init          RTX_CM3.lib(hal_cm.o)
    0x00002f08   0x00002f08   0x00000020   Code   RO         1796    i.dbg_task_notify   RTX_CM3.lib(hal_cm.o)
    0x00002f28   0x00002f28   0x00000010   Code   RO         1797    i.dbg_task_switch   RTX_CM3.lib(hal_cm.o)
    0x00002f38   0x00002f38   0x0000002a   Code   RO          669    i.isrMessageGet     RTX_CM3.lib(rt_cmsis.o)
    0x00002f62   0x00002f62   0x0000002c   Code   RO          670    i.isrMessagePut     RTX_CM3.lib(rt_cmsis.o)
    0x00002f8e   0x00002f8e   0x00000002   PAD
    0x00002f90   0x00002f90   0x00000056   Code   RO         1588    i.isr_mbx_receive   RTX_CM3.lib(rt_mailbox.o)
    0x00002fe6   0x00002fe6   0x0000000e   Code   RO         1589    i.isr_mbx_send      RTX_CM3.lib(rt_mailbox.o)
    0x00002ff4   0x00002ff4   0x00000024   Code   RO          674    i.osKernelInitialize  RTX_CM3.lib(rt_cmsis.o)
    0x00003018   0x00003018   0x0000006c   Code   RO          676    i.osKernelStart     RTX_CM3.lib(rt_cmsis.o)
    0x00003084   0x00003084   0x00000018   Code   RO          685    i.osMessageGet      RTX_CM3.lib(rt_cmsis.o)
    0x0000309c   0x0000309c   0x0000002c   Code   RO          702    i.osThreadCreate    RTX_CM3.lib(rt_cmsis.o)
    0x000030c8   0x000030c8   0x00000018   Code   RO          703    i.osThreadExit      RTX_CM3.lib(rt_cmsis.o)
    0x000030e0   0x000030e0   0x0000000c   Code   RO          709    i.osTimerCall       RTX_CM3.lib(rt_cmsis.o)
    0x000030ec   0x000030ec   0x0000002c   Code   RO          714    i.osTimerThread     RTX_CM3.lib(rt_cmsis.o)
    0x00003118   0x00003118   0x00000028   Code   RO         1376    i.os_tick_init      RTX_CM3.lib(rt_system.o)
    0x00003140   0x00003140   0x00000002   Code   RO         1377    i.os_tick_irqack    RTX_CM3.lib(rt_system.o)
    0x00003142   0x00003142   0x0000001a   Code   RO         1743    i.rt_alloc_box      RTX_CM3.lib(rt_membox.o)
    0x0000315c   0x0000315c   0x0000003e   Code   RO         1771    i.rt_alloc_mem      RTX_CM3.lib(rt_memory.o)
    0x0000319a   0x0000319a   0x00000002   PAD
    0x0000319c   0x0000319c   0x00000038   Code   RO         1291    i.rt_block          RTX_CM3.lib(rt_task.o)
    0x000031d4   0x000031d4   0x00000070   Code   RO         1512    i.rt_dec_dly        RTX_CM3.lib(rt_list.o)
    0x00003244   0x00003244   0x00000044   Code   RO         1292    i.rt_dispatch       RTX_CM3.lib(rt_task.o)
    0x00003288   0x00003288   0x00000050   Code   RO         1469    i.rt_evt_psh        RTX_CM3.lib(rt_event.o)
    0x000032d8   0x000032d8   0x0000002c   Code   RO         1744    i.rt_free_box       RTX_CM3.lib(rt_membox.o)
    0x00003304   0x00003304   0x00000028   Code   RO         1772    i.rt_free_mem       RTX_CM3.lib(rt_memory.o)
    0x0000332c   0x0000332c   0x00000028   Code   RO         1513    i.rt_get_first      RTX_CM3.lib(rt_list.o)
    0x00003354   0x00003354   0x00000008   Code   RO          719    i.rt_id2obj         RTX_CM3.lib(rt_cmsis.o)
    0x0000335c   0x0000335c   0x00000048   Code   RO         1293    i.rt_init_context   RTX_CM3.lib(rt_task.o)
    0x000033a4   0x000033a4   0x0000001a   Code   RO         1773    i.rt_init_mem       RTX_CM3.lib(rt_memory.o)
    0x000033be   0x000033be   0x00000002   PAD
    0x000033c0   0x000033c0   0x00000080   Code   RO         1798    i.rt_init_stack     RTX_CM3.lib(hal_cm.o)
    0x00003440   0x00003440   0x00000008   Code   RO         1590    i.rt_mbx_check      RTX_CM3.lib(rt_mailbox.o)
    0x00003448   0x00003448   0x0000001a   Code   RO         1591    i.rt_mbx_init       RTX_CM3.lib(rt_mailbox.o)
    0x00003462   0x00003462   0x00000002   PAD
    0x00003464   0x00003464   0x000000f0   Code   RO         1592    i.rt_mbx_psh        RTX_CM3.lib(rt_mailbox.o)
    0x00003554   0x00003554   0x000000b4   Code   RO         1594    i.rt_mbx_wait       RTX_CM3.lib(rt_mailbox.o)
    0x00003608   0x00003608   0x00000044   Code   RO          720    i.rt_ms2tick        RTX_CM3.lib(rt_cmsis.o)
    0x0000364c   0x0000364c   0x0000007c   Code   RO         1380    i.rt_pop_req        RTX_CM3.lib(rt_system.o)
    0x000036c8   0x000036c8   0x00000020   Code   RO         1381    i.rt_psh_req        RTX_CM3.lib(rt_system.o)
    0x000036e8   0x000036e8   0x0000005c   Code   RO         1515    i.rt_psq_enq        RTX_CM3.lib(rt_list.o)
    0x00003744   0x00003744   0x00000048   Code   RO         1516    i.rt_put_dly        RTX_CM3.lib(rt_list.o)
    0x0000378c   0x0000378c   0x00000036   Code   RO         1517    i.rt_put_prio       RTX_CM3.lib(rt_list.o)
    0x000037c2   0x000037c2   0x00000002   PAD
    0x000037c4   0x000037c4   0x00000014   Code   RO         1518    i.rt_put_rdy_first  RTX_CM3.lib(rt_list.o)
    0x000037d8   0x000037d8   0x00000034   Code   RO         1519    i.rt_resort_prio    RTX_CM3.lib(rt_list.o)
    0x0000380c   0x0000380c   0x00000006   Code   RO         1799    i.rt_ret_val        RTX_CM3.lib(hal_cm.o)
    0x00003812   0x00003812   0x00000008   Code   RO         1800    i.rt_ret_val2       RTX_CM3.lib(hal_cm.o)
    0x0000381a   0x0000381a   0x00000028   Code   RO         1520    i.rt_rmv_dly        RTX_CM3.lib(rt_list.o)
    0x00003842   0x00003842   0x00000002   PAD
    0x00003844   0x00003844   0x00000030   Code   RO         1521    i.rt_rmv_list       RTX_CM3.lib(rt_list.o)
    0x00003874   0x00003874   0x00000034   Code   RO         1639    i.rt_sem_psh        RTX_CM3.lib(rt_semaphore.o)
    0x000038a8   0x000038a8   0x00000024   Code   RO         1383    i.rt_stk_check      RTX_CM3.lib(rt_system.o)
    0x000038cc   0x000038cc   0x00000028   Code   RO         1294    i.rt_switch_req     RTX_CM3.lib(rt_task.o)
    0x000038f4   0x000038f4   0x000000cc   Code   RO         1295    i.rt_sys_init       RTX_CM3.lib(rt_task.o)
    0x000039c0   0x000039c0   0x00000078   Code   RO         1296    i.rt_sys_start      RTX_CM3.lib(rt_task.o)
    0x00003a38   0x00003a38   0x00000040   Code   RO         1385    i.rt_systick        RTX_CM3.lib(rt_system.o)
    0x00003a78   0x00003a78   0x00000012   Code   RO          721    i.rt_tid2ptcb       RTX_CM3.lib(rt_cmsis.o)
    0x00003a8a   0x00003a8a   0x00000002   PAD
    0x00003a8c   0x00003a8c   0x00000034   Code   RO          722    i.rt_timer_insert   RTX_CM3.lib(rt_cmsis.o)
    0x00003ac0   0x00003ac0   0x00000088   Code   RO         1297    i.rt_tsk_create     RTX_CM3.lib(rt_task.o)
    0x00003b48   0x00003b48   0x0000017c   Code   RO         1298    i.rt_tsk_delete     RTX_CM3.lib(rt_task.o)
    0x00003cc4   0x00003cc4   0x0000007c   Code   RO         1300    i.rt_tsk_prio       RTX_CM3.lib(rt_task.o)
    0x00003d40   0x00003d40   0x00000010   Code   RO         1301    i.rt_tsk_self       RTX_CM3.lib(rt_task.o)
    0x00003d50   0x00003d50   0x00000070   Code   RO          725    i.svcKernelInitialize  RTX_CM3.lib(rt_cmsis.o)
    0x00003dc0   0x00003dc0   0x00000048   Code   RO          727    i.svcKernelStart    RTX_CM3.lib(rt_cmsis.o)
    0x00003e08   0x00003e08   0x00000024   Code   RO          730    i.svcMessageCreate  RTX_CM3.lib(rt_cmsis.o)
    0x00003e2c   0x00003e2c   0x0000003a   Code   RO          731    i.svcMessageGet     RTX_CM3.lib(rt_cmsis.o)
    0x00003e66   0x00003e66   0x00000002   PAD
    0x00003e68   0x00003e68   0x0000006c   Code   RO          745    i.svcThreadCreate   RTX_CM3.lib(rt_cmsis.o)
    0x00003ed4   0x00003ed4   0x0000001c   Code   RO          746    i.svcThreadGetId    RTX_CM3.lib(rt_cmsis.o)
    0x00003ef0   0x00003ef0   0x00000038   Code   RO          749    i.svcThreadTerminate  RTX_CM3.lib(rt_cmsis.o)
    0x00003f28   0x00003f28   0x00000018   Code   RO          751    i.svcTimerCall      RTX_CM3.lib(rt_cmsis.o)
    0x00003f40   0x00003f40   0x0000005c   Code   RO          760    i.sysTimerTick      RTX_CM3.lib(rt_cmsis.o)
    0x00003f9c   0x00003f9c   0x00001880   Data   RO            5    .constdata          glcd_spi_lpc1700.o
    0x0000581c   0x0000581c   0x00000300   Data   RO          142    .constdata          main.o
    0x00005b1c   0x00005b1c   0x000000e4   Data   RO          253    .constdata          usbdesc.o
    0x00005c00   0x00005c00   0x0000c031   Data   RO          269    .constdata          usbdmain.o
    0x00011c31   0x00011c31   0x00000003   PAD
    0x00011c34   0x00011c34   0x00000010   Data   RO          324    .constdata          usbhw.o
    0x00011c44   0x00011c44   0x00000040   Data   RO          357    .constdata          usbuser.o
    0x00011c84   0x00011c84   0x000185dd   Data   RO          407    .constdata          photoviewer.o
    0x0002a261   0x0002a261   0x00000003   PAD
    0x0002a264   0x0002a264   0x00000400   Data   RO          476    .constdata          snake.o
    0x0002a664   0x0002a664   0x00000068   Data   RO          491    .constdata          rtx_conf_cm.o
    0x0002a6cc   0x0002a6cc   0x00000018   Data   RO          523    .constdata          eventrecorder.o
    0x0002a6e4   0x0002a6e4   0x00000030   Data   RO         1908    Region$$Table       anon$$obj.o


    Execution Region RW_IRAM1 (Exec base: 0x10000000, Load base: 0x0002a714, Size: 0x00007090, Max: 0x00008000, ABSOLUTE)

    Exec Addr    Load Addr    Size         Type   Attr      Idx    E Section Name        Object

    0x10000000        -       0x00007090   Zero   RW          490    .bss                rtx_conf_cm.o


    Execution Region RW_IRAM2 (Exec base: 0x2007c000, Load base: 0x0002a714, Size: 0x00000a88, Max: 0x00008000, ABSOLUTE)

    Exec Addr    Load Addr    Size         Type   Attr      Idx    E Section Name        Object

    0x2007c000   0x0002a714   0x00000005   Data   RW            6    .data               glcd_spi_lpc1700.o
    0x2007c005   0x0002a719   0x00000003   PAD
    0x2007c008   0x0002a71c   0x00000028   Data   RW          177    .data               usbcore.o
    0x2007c030   0x0002a744   0x00000020   Data   RW          270    .data               usbdmain.o
    0x2007c050   0x0002a764   0x00000008   Data   RW          325    .data               usbhw.o
    0x2007c058   0x0002a76c   0x00000002   Data   RW          380    .data               adcuser.o
    0x2007c05a   0x0002a76e   0x00000002   PAD
    0x2007c05c   0x0002a770   0x00000014   Data   RW          492    .data               rtx_conf_cm.o
    0x2007c070   0x0002a784   0x00000008   Data   RW          640    .data               system_lpc17xx.o
    0x2007c078   0x0002a78c   0x00000008   Data   RW          763    .data               RTX_CM3.lib(rt_cmsis.o)
    0x2007c080   0x0002a794   0x00000008   Data   RW         1303    .data               RTX_CM3.lib(rt_task.o)
    0x2007c088   0x0002a79c   0x00000008   Data   RW         1388    .data               RTX_CM3.lib(rt_system.o)
    0x2007c090   0x0002a7a4   0x00000004   Data   RW         1682    .data               RTX_CM3.lib(rt_time.o)
    0x2007c094   0x0002a7a8   0x00000001   Data   RW         1801    .data               RTX_CM3.lib(hal_cm.o)
    0x2007c095   0x0002a7a9   0x00000003   PAD
    0x2007c098        -       0x00000040   Zero   RW          176    .bss                usbcore.o
    0x2007c0d8        -       0x00000080   Zero   RW          323    .bss                usbhw.o
    0x2007c158        -       0x00000034   Zero   RW         1302    .bss                RTX_CM3.lib(rt_task.o)
    0x2007c18c        -       0x00000030   Zero   RW         1522    .bss                RTX_CM3.lib(rt_list.o)
    0x2007c1bc   0x0002a7a9   0x00000004   PAD
    0x2007c1c0        -       0x000004a4   Zero   RW          522    .bss.noinit         eventrecorder.o
    0x2007c664   0x0002a7a9   0x00000004   PAD
    0x2007c668        -       0x00000200   Zero   RW          626    STACK               startup_lpc17xx.o
    0x2007c868        -       0x00000220   Zero   RW          326    USB_RAM             usbhw.o

